<!doctype html public "-//w3c//dtd html 4.0 transitional//en">
<html><head>
<title>Static Call Graph - [.\out\WX1000\Baidu-Nordic.axf]</title></head>
<body><HR>
<H1>Static Call Graph for image .\out\WX1000\Baidu-Nordic.axf</H1><HR>
<BR><P>#&#060CALLGRAPH&#062# ARM Linker, 5050106: Last Updated: Thu Jan 15 12:00:46 2015
<BR><P>
<H3>Maximum Stack Usage =        536 bytes + Unknown(Cycles, Untraceable Function Pointers)</H3><H3>
Call chain for Maximum Stack Depth:</H3>
main &rArr; init2 &rArr; services_init &rArr; ble_devinfo_serv_init &rArr; ble_dis_init &rArr; char_add &rArr; app_error_handler &rArr; ble_debug_assert_handler &rArr; pre_restart_info_store &rArr; save_curr_health_data &rArr; save_quarter_distance_data &rArr; save_sport_group_data &rArr; get_next_sport_write_group_address &rArr; ble_flash_page_delay_erase &rArr; ble_flash_page_erase
<P>
<H3>
Mutually Recursive functions
</H3> <LI><a href="#[7d]">led_action_stop</a>&nbsp;&nbsp;&nbsp;&rArr;&nbsp;&nbsp;&nbsp;<a href="#[72]">update_charging_status</a><BR>
 <LI><a href="#[5d]">__asm___14_bd_nrf_delay_c_532987f3__nrf_delay_us</a>&nbsp;&nbsp;&nbsp;&rArr;&nbsp;&nbsp;&nbsp;<a href="#[5d]">__asm___14_bd_nrf_delay_c_532987f3__nrf_delay_us</a><BR>
 <LI><a href="#[61]">assert_nrf_callback</a>&nbsp;&nbsp;&nbsp;&rArr;&nbsp;&nbsp;&nbsp;<a href="#[5f]">app_error_handler</a><BR>
 <LI><a href="#[5e]">__asm___11_app_timer_c_cd27f9c3__nrf_delay_us</a>&nbsp;&nbsp;&nbsp;&rArr;&nbsp;&nbsp;&nbsp;<a href="#[5e]">__asm___11_app_timer_c_cd27f9c3__nrf_delay_us</a><BR>
 <LI><a href="#[d]">NMI_Handler</a>&nbsp;&nbsp;&nbsp;&rArr;&nbsp;&nbsp;&nbsp;<a href="#[d]">NMI_Handler</a><BR>
 <LI><a href="#[e]">HardFault_Handler</a>&nbsp;&nbsp;&nbsp;&rArr;&nbsp;&nbsp;&nbsp;<a href="#[e]">HardFault_Handler</a><BR>
 <LI><a href="#[f]">SVC_Handler</a>&nbsp;&nbsp;&nbsp;&rArr;&nbsp;&nbsp;&nbsp;<a href="#[f]">SVC_Handler</a><BR>
 <LI><a href="#[10]">PendSV_Handler</a>&nbsp;&nbsp;&nbsp;&rArr;&nbsp;&nbsp;&nbsp;<a href="#[10]">PendSV_Handler</a><BR>
 <LI><a href="#[11]">SysTick_Handler</a>&nbsp;&nbsp;&nbsp;&rArr;&nbsp;&nbsp;&nbsp;<a href="#[11]">SysTick_Handler</a><BR>
 <LI><a href="#[20]">CCM_AAR_IRQHandler</a>&nbsp;&nbsp;&nbsp;&rArr;&nbsp;&nbsp;&nbsp;<a href="#[20]">CCM_AAR_IRQHandler</a><BR>
</UL>
<P>
<H3>
Function Pointers
</H3><UL>
 <LI><a href="#[18]">ADC_IRQHandler</a> from bd_battery.o(.text) referenced from arm_startup_nrf51.o(RESET)
 <LI><a href="#[20]">CCM_AAR_IRQHandler</a> from arm_startup_nrf51.o(.text) referenced from arm_startup_nrf51.o(RESET)
 <LI><a href="#[1f]">ECB_IRQHandler</a> from arm_startup_nrf51.o(.text) referenced from arm_startup_nrf51.o(RESET)
 <LI><a href="#[17]">GPIOTE_IRQHandler</a> from app_gpiote.o(.text) referenced from arm_startup_nrf51.o(RESET)
 <LI><a href="#[e]">HardFault_Handler</a> from arm_startup_nrf51.o(.text) referenced from arm_startup_nrf51.o(RESET)
 <LI><a href="#[38]">L1_receive_data</a> from bd_communicate_protocol.o(.text) referenced from main.o(.text)
 <LI><a href="#[0]">LIS3DH_INT1_event_handler</a> from bd_step_counter.o(.text) referenced 2 times from main.o(.data)
 <LI><a href="#[1]">LIS3DH_INT2_event_handler</a> from bd_step_counter.o(.text) referenced 2 times from main.o(.data)
 <LI><a href="#[24]">LPCOMP_COMP_IRQHandler</a> from arm_startup_nrf51.o(.text) referenced from arm_startup_nrf51.o(RESET)
 <LI><a href="#[d]">NMI_Handler</a> from arm_startup_nrf51.o(.text) referenced from arm_startup_nrf51.o(RESET)
 <LI><a href="#[12]">POWER_CLOCK_IRQHandler</a> from arm_startup_nrf51.o(.text) referenced from arm_startup_nrf51.o(RESET)
 <LI><a href="#[10]">PendSV_Handler</a> from arm_startup_nrf51.o(.text) referenced from arm_startup_nrf51.o(RESET)
 <LI><a href="#[23]">QDEC_IRQHandler</a> from arm_startup_nrf51.o(.text) referenced from arm_startup_nrf51.o(RESET)
 <LI><a href="#[13]">RADIO_IRQHandler</a> from arm_startup_nrf51.o(.text) referenced from arm_startup_nrf51.o(RESET)
 <LI><a href="#[1e]">RNG_IRQHandler</a> from arm_startup_nrf51.o(.text) referenced from arm_startup_nrf51.o(RESET)
 <LI><a href="#[1c]">RTC0_IRQHandler</a> from main.o(.text) referenced from arm_startup_nrf51.o(RESET)
 <LI><a href="#[22]">RTC1_IRQHandler</a> from app_timer.o(.text) referenced from arm_startup_nrf51.o(RESET)
 <LI><a href="#[c]">Reset_Handler</a> from arm_startup_nrf51.o(.text) referenced from arm_startup_nrf51.o(RESET)
 <LI><a href="#[15]">SPI0_TWI0_IRQHandler</a> from arm_startup_nrf51.o(.text) referenced from arm_startup_nrf51.o(RESET)
 <LI><a href="#[16]">SPI1_TWI1_IRQHandler</a> from arm_startup_nrf51.o(.text) referenced from arm_startup_nrf51.o(RESET)
 <LI><a href="#[f]">SVC_Handler</a> from arm_startup_nrf51.o(.text) referenced from arm_startup_nrf51.o(RESET)
 <LI><a href="#[25]">SWI0_IRQHandler</a> from app_timer.o(.text) referenced from arm_startup_nrf51.o(RESET)
 <LI><a href="#[26]">SWI1_IRQHandler</a> from ble_radio_notification.o(.text) referenced from arm_startup_nrf51.o(RESET)
 <LI><a href="#[27]">SWI2_IRQHandler</a> from ble_stack_handler.o(.text) referenced from arm_startup_nrf51.o(RESET)
 <LI><a href="#[28]">SWI3_IRQHandler</a> from arm_startup_nrf51.o(.text) referenced from arm_startup_nrf51.o(RESET)
 <LI><a href="#[29]">SWI4_IRQHandler</a> from arm_startup_nrf51.o(.text) referenced from arm_startup_nrf51.o(RESET)
 <LI><a href="#[2a]">SWI5_IRQHandler</a> from arm_startup_nrf51.o(.text) referenced from arm_startup_nrf51.o(RESET)
 <LI><a href="#[11]">SysTick_Handler</a> from arm_startup_nrf51.o(.text) referenced from arm_startup_nrf51.o(RESET)
 <LI><a href="#[53]">SystemInit</a> from system_nrf51.o(.text) referenced from arm_startup_nrf51.o(.text)
 <LI><a href="#[1d]">TEMP_IRQHandler</a> from arm_startup_nrf51.o(.text) referenced from arm_startup_nrf51.o(RESET)
 <LI><a href="#[19]">TIMER0_IRQHandler</a> from arm_startup_nrf51.o(.text) referenced from arm_startup_nrf51.o(RESET)
 <LI><a href="#[1a]">TIMER1_IRQHandler</a> from arm_startup_nrf51.o(.text) referenced from arm_startup_nrf51.o(RESET)
 <LI><a href="#[1b]">TIMER2_IRQHandler</a> from arm_startup_nrf51.o(.text) referenced from arm_startup_nrf51.o(RESET)
 <LI><a href="#[14]">UART0_IRQHandler</a> from arm_startup_nrf51.o(.text) referenced from arm_startup_nrf51.o(RESET)
 <LI><a href="#[21]">WDT_IRQHandler</a> from arm_startup_nrf51.o(.text) referenced from arm_startup_nrf51.o(RESET)
 <LI><a href="#[54]">__main</a> from entry.o(.ARM.Collect$$$$00000000) referenced from arm_startup_nrf51.o(.text)
 <LI><a href="#[5a]">_snputc</a> from printfa.o(i._snputc) referenced from printfa.o(i.__0snprintf)
 <LI><a href="#[5a]">_snputc</a> from printfa.o(i._snputc) referenced from printfa.o(i.__0vsnprintf)
 <LI><a href="#[37]">app_timer_evt_get</a> from main.o(.text) referenced from main.o(.text)
 <LI><a href="#[2c]">app_timer_evt_schedule</a> from main.o(.text) referenced from main.o(.text)
 <LI><a href="#[3b]">battery_level_meas_timeout_handler</a> from bd_battery.o(.text) referenced from bd_battery.o(.text)
 <LI><a href="#[3a]">battery_up</a> from main.o(.text) referenced from main.o(.text)
 <LI><a href="#[32]">ble_bondmngr_evt_handler</a> from main.o(.text) referenced from main.o(.text)
 <LI><a href="#[31]">ble_evt_dispatch</a> from main.o(.text) referenced from main.o(.text)
 <LI><a href="#[56]">ble_flash_erase_data_page</a> from ble_flash.o(.text) referenced from ble_flash.o(.text)
 <LI><a href="#[35]">ble_flash_on_radio_active_evt</a> from ble_flash.o(.text) referenced from main.o(.text)
 <LI><a href="#[36]">ble_stack_evt_get</a> from main.o(.text) referenced from main.o(.text)
 <LI><a href="#[30]">ble_stack_evt_schedule</a> from main.o(.text) referenced from main.o(.text)
 <LI><a href="#[39]">bluetooth_l0_reset</a> from bd_communicate_protocol.o(.text) referenced from main.o(.text)
 <LI><a href="#[42]">bond_fail_callback</a> from bd_private_bond.o(.text) referenced from bd_private_bond.o(.text)
 <LI><a href="#[33]">bond_manager_error_handler</a> from main.o(.text) referenced from main.o(.text)
 <LI><a href="#[46]">click_algorithm_cb_implement</a> from bd_step_counter.o(.text) referenced from bd_step_counter.o(.text)
 <LI><a href="#[34]">conn_params_error_handler</a> from main.o(.text) referenced from main.o(.text)
 <LI><a href="#[3d]">delay_send_func</a> from bd_communicate_protocol.o(.text) referenced from bd_communicate_protocol.o(.text)
 <LI><a href="#[59]">detection_delay_timeout_handler</a> from app_button.o(.text) referenced from app_button.o(.text)
 <LI><a href="#[a]">distance_algorithm_accelerate_data_in</a> from distance-calculate.o(.text) referenced 2 times from health-algorithm-inner.o(.data)
 <LI><a href="#[b]">distance_algorithm_error_desc</a> from distance-calculate.o(.text) referenced 2 times from health-algorithm-inner.o(.data)
 <LI><a href="#[9]">distance_algorithm_finalize</a> from distance-calculate.o(.text) referenced 2 times from health-algorithm-inner.o(.data)
 <LI><a href="#[2]">function_charger_event_handler</a> from bd_charging.o(.text) referenced 2 times from main.o(.data)
 <LI><a href="#[3]">function_chargingcomplete_event_handler</a> from bd_charging.o(.text) referenced 2 times from main.o(.data)
 <LI><a href="#[58]">gpiote_event_handler</a> from app_button.o(.text) referenced from app_button.o(.text)
 <LI><a href="#[44]">health_algorithm_cb_implement</a> from bd_step_counter.o(.text) referenced from bd_step_counter.o(.text)
 <LI><a href="#[8]">init_distance_algorithm</a> from distance-calculate.o(.text) referenced 2 times from health-algorithm-inner.o(.data)
 <LI><a href="#[4]">init_sleep_algorithm</a> from sleep-detect-algorithm.o(.text) referenced 2 times from health-algorithm-inner.o(.data)
 <LI><a href="#[45]">input_event_handle_schedule</a> from bd_input_event_source.o(.text) referenced from bd_step_counter.o(.text)
 <LI><a href="#[41]">led_schedule_timer_handle</a> from bd_led_flash.o(.text) referenced from bd_led_flash.o(.text)
 <LI><a href="#[52]">log_send_callback</a> from bd_bluetooth_log.o(.text) referenced from bd_bluetooth_log.o(.text)
 <LI><a href="#[2b]">main</a> from main.o(.text) referenced from entry9a.o(.ARM.Collect$$$$0000000B)
 <LI><a href="#[49]">motor_schedule_timer_handle</a> from bd_level_drive_motor.o(.text) referenced from bd_level_drive_motor.o(.text)
 <LI><a href="#[2f]">ota_time_out_handle</a> from bd_communicate_protocol.o(.text) referenced from main.o(.text)
 <LI><a href="#[4c]">read_flag</a> from bd_factory_test.o(.text) referenced 2 times from bd_factory_test.o(.text)
 <LI><a href="#[4d]">read_sn</a> from bd_factory_test.o(.text) referenced 2 times from bd_factory_test.o(.text)
 <LI><a href="#[3e]">receive_time_out_handle</a> from bd_communicate_protocol.o(.text) referenced from bd_communicate_protocol.o(.text)
 <LI><a href="#[50]">request_charge</a> from bd_factory_test.o(.text) referenced 2 times from bd_factory_test.o(.text)
 <LI><a href="#[4e]">request_echo</a> from bd_factory_test.o(.text) referenced from bd_factory_test.o(.text)
 <LI><a href="#[51]">request_sensor_data</a> from bd_factory_test.o(.text) referenced from bd_factory_test.o(.text)
 <LI><a href="#[3c]">schedule_async_send</a> from bd_communicate_protocol.o(.text) referenced from bd_communicate_protocol.o(.text)
 <LI><a href="#[40]">schedule_crc_error_handle</a> from bd_communicate_protocol.o(.text) referenced from bd_communicate_protocol.o(.text)
 <LI><a href="#[47]">send_all_data_callback</a> from bd_sync_data.o(.text) referenced 3 times from bd_sync_data.o(.text)
 <LI><a href="#[4a]">send_callback</a> from bd_factory_test.o(.text) referenced from bd_factory_test.o(.text)
 <LI><a href="#[48]">send_data_timeout</a> from bd_sync_data.o(.text) referenced from bd_sync_data.o(.text)
 <LI><a href="#[2d]">sensor_timer_handle</a> from bd_step_counter.o(.text) referenced from main.o(.text)
 <LI><a href="#[6]">sleep_algorithm_accelerate_data_in</a> from sleep-detect-algorithm.o(.text) referenced 2 times from health-algorithm-inner.o(.data)
 <LI><a href="#[7]">sleep_detect_error_desc</a> from sleep-detect-algorithm.o(.text) referenced 2 times from health-algorithm-inner.o(.data)
 <LI><a href="#[5]">sleep_detect_finalize</a> from sleep-detect-algorithm.o(.text) referenced 2 times from health-algorithm-inner.o(.data)
 <LI><a href="#[57]">softdevice_assertion_handler</a> from ble_stack_handler.o(.text) referenced from ble_stack_handler.o(.text)
 <LI><a href="#[4f]">system_off</a> from bd_factory_test.o(.text) referenced from bd_factory_test.o(.text)
 <LI><a href="#[2e]">tap_timer_handler</a> from bd_step_counter.o(.text) referenced from main.o(.text)
 <LI><a href="#[55]">update_timeout_handler</a> from ble_conn_params.o(.text) referenced from ble_conn_params.o(.text)
 <LI><a href="#[43]">update_wall_clock</a> from bd_wall_clock_timer.o(.text) referenced from bd_wall_clock_timer.o(.text)
 <LI><a href="#[3f]">user_action_timeout_handle</a> from bd_communicate_protocol.o(.text) referenced from bd_communicate_protocol.o(.text)
 <LI><a href="#[4b]">write_flash_handler</a> from bd_factory_test.o(.text) referenced from bd_factory_test.o(.text)
</UL>
<P>
<H3>
Global Symbols
</H3>
<P><STRONG><a name="[54]"></a>__main</STRONG> (Thumb, 0 bytes, Stack size unknown bytes, entry.o(.ARM.Collect$$$$00000000))
<BR>[Address Reference Count : 1]<UL><LI> arm_startup_nrf51.o(.text)
</UL>
<P><STRONG><a name="[275]"></a>_main_stk</STRONG> (Thumb, 0 bytes, Stack size unknown bytes, entry2.o(.ARM.Collect$$$$00000001))

<P><STRONG><a name="[5b]"></a>_main_scatterload</STRONG> (Thumb, 0 bytes, Stack size unknown bytes, entry5.o(.ARM.Collect$$$$00000004))
<BR><BR>[Calls]<UL><LI><a href="#[5c]">&gt;&gt;</a>&nbsp;&nbsp;&nbsp;__scatterload
</UL>

<P><STRONG><a name="[26c]"></a>__main_after_scatterload</STRONG> (Thumb, 0 bytes, Stack size unknown bytes, entry5.o(.ARM.Collect$$$$00000004))
<BR><BR>[Called By]<UL><LI><a href="#[5c]">&gt;&gt;</a>&nbsp;&nbsp;&nbsp;__scatterload
</UL>

<P><STRONG><a name="[276]"></a>_main_clock</STRONG> (Thumb, 0 bytes, Stack size unknown bytes, entry7b.o(.ARM.Collect$$$$00000008))

<P><STRONG><a name="[277]"></a>_main_cpp_init</STRONG> (Thumb, 0 bytes, Stack size unknown bytes, entry8b.o(.ARM.Collect$$$$0000000A))

<P><STRONG><a name="[278]"></a>_main_init</STRONG> (Thumb, 0 bytes, Stack size unknown bytes, entry9a.o(.ARM.Collect$$$$0000000B))

<P><STRONG><a name="[279]"></a>__rt_final_cpp</STRONG> (Thumb, 0 bytes, Stack size unknown bytes, entry10a.o(.ARM.Collect$$$$0000000D))

<P><STRONG><a name="[27a]"></a>__rt_final_exit</STRONG> (Thumb, 0 bytes, Stack size unknown bytes, entry11a.o(.ARM.Collect$$$$0000000F))

<P><STRONG><a name="[5d]"></a>__asm___14_bd_nrf_delay_c_532987f3__nrf_delay_us</STRONG> (Thumb, 30 bytes, Stack size 0 bytes, bd_nrf_delay.o(.emb_text))
<BR><BR>[Calls]<UL><LI><a href="#[5d]">&gt;&gt;</a>&nbsp;&nbsp;&nbsp;__asm___14_bd_nrf_delay_c_532987f3__nrf_delay_us
</UL>
<BR>[Called By]<UL><LI><a href="#[95]">&gt;&gt;</a>&nbsp;&nbsp;&nbsp;nrf_delay_ms
<LI><a href="#[5d]">&gt;&gt;</a>&nbsp;&nbsp;&nbsp;__asm___14_bd_nrf_delay_c_532987f3__nrf_delay_us
</UL>

<P><STRONG><a name="[5e]"></a>__asm___11_app_timer_c_cd27f9c3__nrf_delay_us</STRONG> (Thumb, 30 bytes, Stack size 0 bytes, app_timer.o(.emb_text))
<BR><BR>[Calls]<UL><LI><a href="#[5e]">&gt;&gt;</a>&nbsp;&nbsp;&nbsp;__asm___11_app_timer_c_cd27f9c3__nrf_delay_us
</UL>
<BR>[Called By]<UL><LI><a href="#[5e]">&gt;&gt;</a>&nbsp;&nbsp;&nbsp;__asm___11_app_timer_c_cd27f9c3__nrf_delay_us
<LI><a href="#[207]">&gt;&gt;</a>&nbsp;&nbsp;&nbsp;compare_reg_update
<LI><a href="#[208]">&gt;&gt;</a>&nbsp;&nbsp;&nbsp;rtc1_stop
</UL>

<P><STRONG><a name="[5f]"></a>app_error_handler</STRONG> (Thumb, 26 bytes, Stack size 0 bytes, main.o(.text))
<BR><BR>[Stack]<UL><LI>Max Depth = 256<LI>Call Chain = app_error_handler &rArr; ble_debug_assert_handler &rArr; pre_restart_info_store &rArr; save_curr_health_data &rArr; save_quarter_distance_data &rArr; save_sport_group_data &rArr; get_next_sport_write_group_address &rArr; ble_flash_page_delay_erase &rArr; ble_flash_page_erase
</UL>
<BR>[Calls]<UL><LI><a href="#[60]">&gt;&gt;</a>&nbsp;&nbsp;&nbsp;ble_debug_assert_handler
</UL>
<BR>[Called By]<UL><LI><a href="#[10d]">&gt;&gt;</a>&nbsp;&nbsp;&nbsp;do_test
<LI><a href="#[db]">&gt;&gt;</a>&nbsp;&nbsp;&nbsp;battery_measure_timer_stop
<LI><a href="#[da]">&gt;&gt;</a>&nbsp;&nbsp;&nbsp;battery_measure_timer_start
<LI><a href="#[18]">&gt;&gt;</a>&nbsp;&nbsp;&nbsp;ADC_IRQHandler
<LI><a href="#[a2]">&gt;&gt;</a>&nbsp;&nbsp;&nbsp;system_clock_init
<LI><a href="#[c0]">&gt;&gt;</a>&nbsp;&nbsp;&nbsp;sensor_timers_start
<LI><a href="#[c9]">&gt;&gt;</a>&nbsp;&nbsp;&nbsp;intern_ble_stack_events_execute
<LI><a href="#[6f]">&gt;&gt;</a>&nbsp;&nbsp;&nbsp;create_send_data_timer
<LI><a href="#[ab]">&gt;&gt;</a>&nbsp;&nbsp;&nbsp;bluetooth_l0_init
<LI><a href="#[9d]">&gt;&gt;</a>&nbsp;&nbsp;&nbsp;battery_measure_init
<LI><a href="#[c5]">&gt;&gt;</a>&nbsp;&nbsp;&nbsp;app_sched_event_put
<LI><a href="#[2b]">&gt;&gt;</a>&nbsp;&nbsp;&nbsp;main
<LI><a href="#[9f]">&gt;&gt;</a>&nbsp;&nbsp;&nbsp;init2
<LI><a href="#[97]">&gt;&gt;</a>&nbsp;&nbsp;&nbsp;init1
<LI><a href="#[90]">&gt;&gt;</a>&nbsp;&nbsp;&nbsp;ble_stack_init
<LI><a href="#[3a]">&gt;&gt;</a>&nbsp;&nbsp;&nbsp;battery_up
<LI><a href="#[6a]">&gt;&gt;</a>&nbsp;&nbsp;&nbsp;timer_init
<LI><a href="#[61]">&gt;&gt;</a>&nbsp;&nbsp;&nbsp;assert_nrf_callback
<LI><a href="#[c7]">&gt;&gt;</a>&nbsp;&nbsp;&nbsp;bas_init
<LI><a href="#[37]">&gt;&gt;</a>&nbsp;&nbsp;&nbsp;app_timer_evt_get
<LI><a href="#[36]">&gt;&gt;</a>&nbsp;&nbsp;&nbsp;ble_stack_evt_get
<LI><a href="#[a5]">&gt;&gt;</a>&nbsp;&nbsp;&nbsp;services_init
<LI><a href="#[a4]">&gt;&gt;</a>&nbsp;&nbsp;&nbsp;gap_params_init
<LI><a href="#[33]">&gt;&gt;</a>&nbsp;&nbsp;&nbsp;bond_manager_error_handler
<LI><a href="#[79]">&gt;&gt;</a>&nbsp;&nbsp;&nbsp;on_ble_evt
<LI><a href="#[34]">&gt;&gt;</a>&nbsp;&nbsp;&nbsp;conn_params_error_handler
<LI><a href="#[74]">&gt;&gt;</a>&nbsp;&nbsp;&nbsp;ble_devinfo_serv_init
<LI><a href="#[6c]">&gt;&gt;</a>&nbsp;&nbsp;&nbsp;timers_create
<LI><a href="#[67]">&gt;&gt;</a>&nbsp;&nbsp;&nbsp;advertising_start
<LI><a href="#[62]">&gt;&gt;</a>&nbsp;&nbsp;&nbsp;advertising_init
<LI><a href="#[50]">&gt;&gt;</a>&nbsp;&nbsp;&nbsp;request_charge
<LI><a href="#[1bb]">&gt;&gt;</a>&nbsp;&nbsp;&nbsp;exit_test_mode
<LI><a href="#[4e]">&gt;&gt;</a>&nbsp;&nbsp;&nbsp;request_echo
<LI><a href="#[4d]">&gt;&gt;</a>&nbsp;&nbsp;&nbsp;read_sn
<LI><a href="#[1ba]">&gt;&gt;</a>&nbsp;&nbsp;&nbsp;write_sn
<LI><a href="#[4c]">&gt;&gt;</a>&nbsp;&nbsp;&nbsp;read_flag
<LI><a href="#[1b8]">&gt;&gt;</a>&nbsp;&nbsp;&nbsp;write_test_flag
<LI><a href="#[195]">&gt;&gt;</a>&nbsp;&nbsp;&nbsp;start_send_data_timer
<LI><a href="#[171]">&gt;&gt;</a>&nbsp;&nbsp;&nbsp;sensor_timers_stop
<LI><a href="#[200]">&gt;&gt;</a>&nbsp;&nbsp;&nbsp;timer_timeouts_check
<LI><a href="#[59]">&gt;&gt;</a>&nbsp;&nbsp;&nbsp;detection_delay_timeout_handler
<LI><a href="#[27]">&gt;&gt;</a>&nbsp;&nbsp;&nbsp;SWI2_IRQHandler
<LI><a href="#[1d8]">&gt;&gt;</a>&nbsp;&nbsp;&nbsp;sys_id_encode
<LI><a href="#[1d7]">&gt;&gt;</a>&nbsp;&nbsp;&nbsp;char_add
<LI><a href="#[1d6]">&gt;&gt;</a>&nbsp;&nbsp;&nbsp;pnp_id_encode
<LI><a href="#[222]">&gt;&gt;</a>&nbsp;&nbsp;&nbsp;ble_error_log_init
</UL>

<P><STRONG><a name="[61]"></a>assert_nrf_callback</STRONG> (Thumb, 10 bytes, Stack size 0 bytes, main.o(.text))
<BR><BR>[Calls]<UL><LI><a href="#[5f]">&gt;&gt;</a>&nbsp;&nbsp;&nbsp;app_error_handler
</UL>
<BR>[Called By]<UL><LI><a href="#[eb]">&gt;&gt;</a>&nbsp;&nbsp;&nbsp;send_all_data
<LI><a href="#[e6]">&gt;&gt;</a>&nbsp;&nbsp;&nbsp;hal_acc_reset
<LI><a href="#[3c]">&gt;&gt;</a>&nbsp;&nbsp;&nbsp;schedule_async_send
<LI><a href="#[df]">&gt;&gt;</a>&nbsp;&nbsp;&nbsp;async_send
<LI><a href="#[bf]">&gt;&gt;</a>&nbsp;&nbsp;&nbsp;start_click_algorithm
<LI><a href="#[2d]">&gt;&gt;</a>&nbsp;&nbsp;&nbsp;sensor_timer_handle
<LI><a href="#[94]">&gt;&gt;</a>&nbsp;&nbsp;&nbsp;ble_flash_page_erase
<LI><a href="#[17b]">&gt;&gt;</a>&nbsp;&nbsp;&nbsp;start_health_algorithm
<LI><a href="#[175]">&gt;&gt;</a>&nbsp;&nbsp;&nbsp;handle_sleep_event
<LI><a href="#[172]">&gt;&gt;</a>&nbsp;&nbsp;&nbsp;handle_distance_event
<LI><a href="#[170]">&gt;&gt;</a>&nbsp;&nbsp;&nbsp;LIS3DH_enableFiFo
<LI><a href="#[137]">&gt;&gt;</a>&nbsp;&nbsp;&nbsp;LIS3DH_WriteReg
<LI><a href="#[136]">&gt;&gt;</a>&nbsp;&nbsp;&nbsp;LIS3DH_ReadReg
<LI><a href="#[154]">&gt;&gt;</a>&nbsp;&nbsp;&nbsp;LIS3DH_GetAccAxesRaw
<LI><a href="#[133]">&gt;&gt;</a>&nbsp;&nbsp;&nbsp;LIS3DH_Init
<LI><a href="#[57]">&gt;&gt;</a>&nbsp;&nbsp;&nbsp;softdevice_assertion_handler
<LI><a href="#[1c3]">&gt;&gt;</a>&nbsp;&nbsp;&nbsp;bd_flash_write_erased_page
</UL>

<P><STRONG><a name="[6a]"></a>timer_init</STRONG> (Thumb, 34 bytes, Stack size 8 bytes, main.o(.text))
<BR><BR>[Stack]<UL><LI>Max Depth = 264<LI>Call Chain = timer_init &rArr; app_error_handler &rArr; ble_debug_assert_handler &rArr; pre_restart_info_store &rArr; save_curr_health_data &rArr; save_quarter_distance_data &rArr; save_sport_group_data &rArr; get_next_sport_write_group_address &rArr; ble_flash_page_delay_erase &rArr; ble_flash_page_erase
</UL>
<BR>[Calls]<UL><LI><a href="#[6b]">&gt;&gt;</a>&nbsp;&nbsp;&nbsp;app_timer_init
<LI><a href="#[5f]">&gt;&gt;</a>&nbsp;&nbsp;&nbsp;app_error_handler
</UL>
<BR>[Called By]<UL><LI><a href="#[97]">&gt;&gt;</a>&nbsp;&nbsp;&nbsp;init1
</UL>

<P><STRONG><a name="[3a]"></a>battery_up</STRONG> (Thumb, 90 bytes, Stack size 16 bytes, main.o(.text))
<BR><BR>[Stack]<UL><LI>Max Depth = 272<LI>Call Chain = battery_up &rArr; app_error_handler &rArr; ble_debug_assert_handler &rArr; pre_restart_info_store &rArr; save_curr_health_data &rArr; save_quarter_distance_data &rArr; save_sport_group_data &rArr; get_next_sport_write_group_address &rArr; ble_flash_page_delay_erase &rArr; ble_flash_page_erase
</UL>
<BR>[Calls]<UL><LI><a href="#[72]">&gt;&gt;</a>&nbsp;&nbsp;&nbsp;update_charging_status
<LI><a href="#[73]">&gt;&gt;</a>&nbsp;&nbsp;&nbsp;charger_status
<LI><a href="#[71]">&gt;&gt;</a>&nbsp;&nbsp;&nbsp;ble_bas_battery_level_update
<LI><a href="#[5f]">&gt;&gt;</a>&nbsp;&nbsp;&nbsp;app_error_handler
</UL>
<BR>[Address Reference Count : 1]<UL><LI> main.o(.text)
</UL>
<P><STRONG><a name="[90]"></a>ble_stack_init</STRONG> (Thumb, 34 bytes, Stack size 8 bytes, main.o(.text))
<BR><BR>[Stack]<UL><LI>Max Depth = 264<LI>Call Chain = ble_stack_init &rArr; app_error_handler &rArr; ble_debug_assert_handler &rArr; pre_restart_info_store &rArr; save_curr_health_data &rArr; save_quarter_distance_data &rArr; save_sport_group_data &rArr; get_next_sport_write_group_address &rArr; ble_flash_page_delay_erase &rArr; ble_flash_page_erase
</UL>
<BR>[Calls]<UL><LI><a href="#[91]">&gt;&gt;</a>&nbsp;&nbsp;&nbsp;ble_stack_handler_init
<LI><a href="#[5f]">&gt;&gt;</a>&nbsp;&nbsp;&nbsp;app_error_handler
</UL>
<BR>[Called By]<UL><LI><a href="#[9f]">&gt;&gt;</a>&nbsp;&nbsp;&nbsp;init2
</UL>

<P><STRONG><a name="[32]"></a>ble_bondmngr_evt_handler</STRONG> (Thumb, 2 bytes, Stack size 0 bytes, main.o(.text))
<BR>[Address Reference Count : 1]<UL><LI> main.o(.text)
</UL>
<P><STRONG><a name="[93]"></a>reset_check</STRONG> (Thumb, 92 bytes, Stack size 16 bytes, main.o(.text))
<BR><BR>[Stack]<UL><LI>Max Depth = 32<LI>Call Chain = reset_check &rArr; nrf_delay_ms
</UL>
<BR>[Calls]<UL><LI><a href="#[95]">&gt;&gt;</a>&nbsp;&nbsp;&nbsp;nrf_delay_ms
<LI><a href="#[94]">&gt;&gt;</a>&nbsp;&nbsp;&nbsp;ble_flash_page_erase
<LI><a href="#[96]">&gt;&gt;</a>&nbsp;&nbsp;&nbsp;nrf_gpio_pin_set
</UL>
<BR>[Called By]<UL><LI><a href="#[2b]">&gt;&gt;</a>&nbsp;&nbsp;&nbsp;main
</UL>

<P><STRONG><a name="[b0]"></a>gpio_init</STRONG> (Thumb, 20 bytes, Stack size 0 bytes, main.o(.text))
<BR><BR>[Called By]<UL><LI><a href="#[2b]">&gt;&gt;</a>&nbsp;&nbsp;&nbsp;main
</UL>

<P><STRONG><a name="[97]"></a>init1</STRONG> (Thumb, 102 bytes, Stack size 8 bytes, main.o(.text))
<BR><BR>[Stack]<UL><LI>Max Depth = 272<LI>Call Chain = init1 &rArr; battery_measure_init &rArr; app_error_handler &rArr; ble_debug_assert_handler &rArr; pre_restart_info_store &rArr; save_curr_health_data &rArr; save_quarter_distance_data &rArr; save_sport_group_data &rArr; get_next_sport_write_group_address &rArr; ble_flash_page_delay_erase &rArr; ble_flash_page_erase
</UL>
<BR>[Calls]<UL><LI><a href="#[98]">&gt;&gt;</a>&nbsp;&nbsp;&nbsp;motor_init
<LI><a href="#[9e]">&gt;&gt;</a>&nbsp;&nbsp;&nbsp;hal_acc_init
<LI><a href="#[9b]">&gt;&gt;</a>&nbsp;&nbsp;&nbsp;charger_init
<LI><a href="#[9d]">&gt;&gt;</a>&nbsp;&nbsp;&nbsp;battery_measure_init
<LI><a href="#[9c]">&gt;&gt;</a>&nbsp;&nbsp;&nbsp;battery_adc_dev_init
<LI><a href="#[9a]">&gt;&gt;</a>&nbsp;&nbsp;&nbsp;app_sched_init
<LI><a href="#[6a]">&gt;&gt;</a>&nbsp;&nbsp;&nbsp;timer_init
<LI><a href="#[5f]">&gt;&gt;</a>&nbsp;&nbsp;&nbsp;app_error_handler
<LI><a href="#[99]">&gt;&gt;</a>&nbsp;&nbsp;&nbsp;lfclk_config
<LI><a href="#[96]">&gt;&gt;</a>&nbsp;&nbsp;&nbsp;nrf_gpio_pin_set
</UL>
<BR>[Called By]<UL><LI><a href="#[2b]">&gt;&gt;</a>&nbsp;&nbsp;&nbsp;main
</UL>

<P><STRONG><a name="[9f]"></a>init2</STRONG> (Thumb, 256 bytes, Stack size 32 bytes, main.o(.text))
<BR><BR>[Stack]<UL><LI>Max Depth = 536<LI>Call Chain = init2 &rArr; services_init &rArr; ble_devinfo_serv_init &rArr; ble_dis_init &rArr; char_add &rArr; app_error_handler &rArr; ble_debug_assert_handler &rArr; pre_restart_info_store &rArr; save_curr_health_data &rArr; save_quarter_distance_data &rArr; save_sport_group_data &rArr; get_next_sport_write_group_address &rArr; ble_flash_page_delay_erase &rArr; ble_flash_page_erase
</UL>
<BR>[Calls]<UL><LI><a href="#[a0]">&gt;&gt;</a>&nbsp;&nbsp;&nbsp;wdt_init
<LI><a href="#[a2]">&gt;&gt;</a>&nbsp;&nbsp;&nbsp;system_clock_init
<LI><a href="#[69]">&gt;&gt;</a>&nbsp;&nbsp;&nbsp;set_global_bluetooth_status
<LI><a href="#[ad]">&gt;&gt;</a>&nbsp;&nbsp;&nbsp;set_device_has_bonded
<LI><a href="#[ae]">&gt;&gt;</a>&nbsp;&nbsp;&nbsp;hal_acc_enable
<LI><a href="#[aa]">&gt;&gt;</a>&nbsp;&nbsp;&nbsp;charger_framework_init
<LI><a href="#[ac]">&gt;&gt;</a>&nbsp;&nbsp;&nbsp;bond_read_user_id
<LI><a href="#[ab]">&gt;&gt;</a>&nbsp;&nbsp;&nbsp;bluetooth_l0_init
<LI><a href="#[a8]">&gt;&gt;</a>&nbsp;&nbsp;&nbsp;ble_radio_notification_init
<LI><a href="#[a6]">&gt;&gt;</a>&nbsp;&nbsp;&nbsp;ble_conn_params_init
<LI><a href="#[a3]">&gt;&gt;</a>&nbsp;&nbsp;&nbsp;ble_bondmngr_init
<LI><a href="#[a1]">&gt;&gt;</a>&nbsp;&nbsp;&nbsp;app_gpiote_init
<LI><a href="#[a9]">&gt;&gt;</a>&nbsp;&nbsp;&nbsp;app_button_init
<LI><a href="#[90]">&gt;&gt;</a>&nbsp;&nbsp;&nbsp;ble_stack_init
<LI><a href="#[5f]">&gt;&gt;</a>&nbsp;&nbsp;&nbsp;app_error_handler
<LI><a href="#[a7]">&gt;&gt;</a>&nbsp;&nbsp;&nbsp;sec_params_init
<LI><a href="#[a5]">&gt;&gt;</a>&nbsp;&nbsp;&nbsp;services_init
<LI><a href="#[a4]">&gt;&gt;</a>&nbsp;&nbsp;&nbsp;gap_params_init
<LI><a href="#[6c]">&gt;&gt;</a>&nbsp;&nbsp;&nbsp;timers_create
<LI><a href="#[62]">&gt;&gt;</a>&nbsp;&nbsp;&nbsp;advertising_init
<LI><a href="#[63]">&gt;&gt;</a>&nbsp;&nbsp;&nbsp;__aeabi_memclr4
</UL>
<BR>[Called By]<UL><LI><a href="#[2b]">&gt;&gt;</a>&nbsp;&nbsp;&nbsp;main
</UL>

<P><STRONG><a name="[1c]"></a>RTC0_IRQHandler</STRONG> (Thumb, 26 bytes, Stack size 0 bytes, main.o(.text))
<BR>[Address Reference Count : 1]<UL><LI> arm_startup_nrf51.o(RESET)
</UL>
<P><STRONG><a name="[af]"></a>pre_init</STRONG> (Thumb, 44 bytes, Stack size 8 bytes, main.o(.text))
<BR><BR>[Stack]<UL><LI>Max Depth = 8<LI>Call Chain = pre_init
</UL>
<BR>[Calls]<UL><LI><a href="#[99]">&gt;&gt;</a>&nbsp;&nbsp;&nbsp;lfclk_config
</UL>
<BR>[Called By]<UL><LI><a href="#[2b]">&gt;&gt;</a>&nbsp;&nbsp;&nbsp;main
</UL>

<P><STRONG><a name="[2b]"></a>main</STRONG> (Thumb, 132 bytes, Stack size 0 bytes, main.o(.text))
<BR><BR>[Stack]<UL><LI>Max Depth = 536<LI>Call Chain = main &rArr; init2 &rArr; services_init &rArr; ble_devinfo_serv_init &rArr; ble_dis_init &rArr; char_add &rArr; app_error_handler &rArr; ble_debug_assert_handler &rArr; pre_restart_info_store &rArr; save_curr_health_data &rArr; save_quarter_distance_data &rArr; save_sport_group_data &rArr; get_next_sport_write_group_address &rArr; ble_flash_page_delay_erase &rArr; ble_flash_page_erase
</UL>
<BR>[Calls]<UL><LI><a href="#[c2]">&gt;&gt;</a>&nbsp;&nbsp;&nbsp;wdt_start
<LI><a href="#[c4]">&gt;&gt;</a>&nbsp;&nbsp;&nbsp;wdt_feed
<LI><a href="#[b1]">&gt;&gt;</a>&nbsp;&nbsp;&nbsp;voltage_detect_n_precharging
<LI><a href="#[bf]">&gt;&gt;</a>&nbsp;&nbsp;&nbsp;start_click_algorithm
<LI><a href="#[c0]">&gt;&gt;</a>&nbsp;&nbsp;&nbsp;sensor_timers_start
<LI><a href="#[b4]">&gt;&gt;</a>&nbsp;&nbsp;&nbsp;restore_backup_info_from_flash
<LI><a href="#[b5]">&gt;&gt;</a>&nbsp;&nbsp;&nbsp;restore_SleepSettingsFromFlash
<LI><a href="#[ba]">&gt;&gt;</a>&nbsp;&nbsp;&nbsp;restart_health_algorithm
<LI><a href="#[b2]">&gt;&gt;</a>&nbsp;&nbsp;&nbsp;power_system_off
<LI><a href="#[b8]">&gt;&gt;</a>&nbsp;&nbsp;&nbsp;load_user_profile
<LI><a href="#[b9]">&gt;&gt;</a>&nbsp;&nbsp;&nbsp;load_daily_target
<LI><a href="#[b7]">&gt;&gt;</a>&nbsp;&nbsp;&nbsp;load_alarm
<LI><a href="#[bd]">&gt;&gt;</a>&nbsp;&nbsp;&nbsp;check_sports_data_in_flash
<LI><a href="#[be]">&gt;&gt;</a>&nbsp;&nbsp;&nbsp;check_sleep_data_in_flash
<LI><a href="#[bc]">&gt;&gt;</a>&nbsp;&nbsp;&nbsp;check_need_erase_sport_page_for_when_boot
<LI><a href="#[bb]">&gt;&gt;</a>&nbsp;&nbsp;&nbsp;check_need_erase_sleep_page_for_when_boot
<LI><a href="#[b6]">&gt;&gt;</a>&nbsp;&nbsp;&nbsp;check_has_bonded
<LI><a href="#[b3]">&gt;&gt;</a>&nbsp;&nbsp;&nbsp;bootup_check
<LI><a href="#[c3]">&gt;&gt;</a>&nbsp;&nbsp;&nbsp;app_sched_execute
<LI><a href="#[c1]">&gt;&gt;</a>&nbsp;&nbsp;&nbsp;app_button_enable
<LI><a href="#[af]">&gt;&gt;</a>&nbsp;&nbsp;&nbsp;pre_init
<LI><a href="#[9f]">&gt;&gt;</a>&nbsp;&nbsp;&nbsp;init2
<LI><a href="#[97]">&gt;&gt;</a>&nbsp;&nbsp;&nbsp;init1
<LI><a href="#[b0]">&gt;&gt;</a>&nbsp;&nbsp;&nbsp;gpio_init
<LI><a href="#[93]">&gt;&gt;</a>&nbsp;&nbsp;&nbsp;reset_check
<LI><a href="#[5f]">&gt;&gt;</a>&nbsp;&nbsp;&nbsp;app_error_handler
<LI><a href="#[67]">&gt;&gt;</a>&nbsp;&nbsp;&nbsp;advertising_start
</UL>
<BR>[Address Reference Count : 1]<UL><LI> entry9a.o(.ARM.Collect$$$$0000000B)
</UL>
<P><STRONG><a name="[cc]"></a>cal_percentage</STRONG> (Thumb, 142 bytes, Stack size 32 bytes, bd_battery.o(.text))
<BR><BR>[Stack]<UL><LI>Max Depth = 68<LI>Call Chain = cal_percentage &rArr; __aeabi_fsub &rArr; __aeabi_fadd &rArr; _float_epilogue
</UL>
<BR>[Calls]<UL><LI><a href="#[cd]">&gt;&gt;</a>&nbsp;&nbsp;&nbsp;__aeabi_ui2f
<LI><a href="#[cf]">&gt;&gt;</a>&nbsp;&nbsp;&nbsp;__aeabi_i2f
<LI><a href="#[d0]">&gt;&gt;</a>&nbsp;&nbsp;&nbsp;__aeabi_fsub
<LI><a href="#[d1]">&gt;&gt;</a>&nbsp;&nbsp;&nbsp;__aeabi_fdiv
<LI><a href="#[d2]">&gt;&gt;</a>&nbsp;&nbsp;&nbsp;__aeabi_fadd
<LI><a href="#[d3]">&gt;&gt;</a>&nbsp;&nbsp;&nbsp;__aeabi_f2uiz
<LI><a href="#[ce]">&gt;&gt;</a>&nbsp;&nbsp;&nbsp;__aeabi_cfrcmple
<LI><a href="#[73]">&gt;&gt;</a>&nbsp;&nbsp;&nbsp;charger_status
</UL>
<BR>[Called By]<UL><LI><a href="#[18]">&gt;&gt;</a>&nbsp;&nbsp;&nbsp;ADC_IRQHandler
<LI><a href="#[cb]">&gt;&gt;</a>&nbsp;&nbsp;&nbsp;register_battery_up_callback
</UL>

<P><STRONG><a name="[18]"></a>ADC_IRQHandler</STRONG> (Thumb, 164 bytes, Stack size 24 bytes, bd_battery.o(.text))
<BR><BR>[Stack]<UL><LI>Max Depth = 320<LI>Call Chain = ADC_IRQHandler &rArr; app_sched_event_put &rArr; app_error_handler &rArr; ble_debug_assert_handler &rArr; pre_restart_info_store &rArr; save_curr_health_data &rArr; save_quarter_distance_data &rArr; save_sport_group_data &rArr; get_next_sport_write_group_address &rArr; ble_flash_page_delay_erase &rArr; ble_flash_page_erase
</UL>
<BR>[Calls]<UL><LI><a href="#[d5]">&gt;&gt;</a>&nbsp;&nbsp;&nbsp;get_battery_voltage_adjustment
<LI><a href="#[cc]">&gt;&gt;</a>&nbsp;&nbsp;&nbsp;cal_percentage
<LI><a href="#[73]">&gt;&gt;</a>&nbsp;&nbsp;&nbsp;charger_status
<LI><a href="#[c5]">&gt;&gt;</a>&nbsp;&nbsp;&nbsp;app_sched_event_put
<LI><a href="#[5f]">&gt;&gt;</a>&nbsp;&nbsp;&nbsp;app_error_handler
<LI><a href="#[d4]">&gt;&gt;</a>&nbsp;&nbsp;&nbsp;__aeabi_uidivmod
</UL>
<BR>[Address Reference Count : 1]<UL><LI> arm_startup_nrf51.o(RESET)
</UL>
<P><STRONG><a name="[d7]"></a>battery_start</STRONG> (Thumb, 18 bytes, Stack size 0 bytes, bd_battery.o(.text))
<BR><BR>[Called By]<UL><LI><a href="#[d8]">&gt;&gt;</a>&nbsp;&nbsp;&nbsp;battery_adc_read_once_for_charging_detect
<LI><a href="#[d6]">&gt;&gt;</a>&nbsp;&nbsp;&nbsp;battery_adc_read_once
<LI><a href="#[3b]">&gt;&gt;</a>&nbsp;&nbsp;&nbsp;battery_level_meas_timeout_handler
<LI><a href="#[43]">&gt;&gt;</a>&nbsp;&nbsp;&nbsp;update_wall_clock
</UL>

<P><STRONG><a name="[d6]"></a>battery_adc_read_once</STRONG> (Thumb, 74 bytes, Stack size 16 bytes, bd_battery.o(.text))
<BR><BR>[Stack]<UL><LI>Max Depth = 32<LI>Call Chain = battery_adc_read_once &rArr; nrf_delay_ms
</UL>
<BR>[Calls]<UL><LI><a href="#[d7]">&gt;&gt;</a>&nbsp;&nbsp;&nbsp;battery_start
<LI><a href="#[95]">&gt;&gt;</a>&nbsp;&nbsp;&nbsp;nrf_delay_ms
<LI><a href="#[73]">&gt;&gt;</a>&nbsp;&nbsp;&nbsp;charger_status
<LI><a href="#[d4]">&gt;&gt;</a>&nbsp;&nbsp;&nbsp;__aeabi_uidivmod
</UL>
<BR>[Called By]<UL><LI><a href="#[9d]">&gt;&gt;</a>&nbsp;&nbsp;&nbsp;battery_measure_init
</UL>

<P><STRONG><a name="[d9]"></a>battery_adc_interrupt_init</STRONG> (Thumb, 28 bytes, Stack size 0 bytes, bd_battery.o(.text))
<BR><BR>[Called By]<UL><LI><a href="#[d8]">&gt;&gt;</a>&nbsp;&nbsp;&nbsp;battery_adc_read_once_for_charging_detect
<LI><a href="#[9d]">&gt;&gt;</a>&nbsp;&nbsp;&nbsp;battery_measure_init
</UL>

<P><STRONG><a name="[d8]"></a>battery_adc_read_once_for_charging_detect</STRONG> (Thumb, 72 bytes, Stack size 24 bytes, bd_battery.o(.text), UNUSED)
<BR><BR>[Calls]<UL><LI><a href="#[d9]">&gt;&gt;</a>&nbsp;&nbsp;&nbsp;battery_adc_interrupt_init
<LI><a href="#[d7]">&gt;&gt;</a>&nbsp;&nbsp;&nbsp;battery_start
<LI><a href="#[95]">&gt;&gt;</a>&nbsp;&nbsp;&nbsp;nrf_delay_ms
<LI><a href="#[d4]">&gt;&gt;</a>&nbsp;&nbsp;&nbsp;__aeabi_uidivmod
</UL>

<P><STRONG><a name="[9c]"></a>battery_adc_dev_init</STRONG> (Thumb, 14 bytes, Stack size 0 bytes, bd_battery.o(.text))
<BR><BR>[Called By]<UL><LI><a href="#[97]">&gt;&gt;</a>&nbsp;&nbsp;&nbsp;init1
</UL>

<P><STRONG><a name="[cb]"></a>register_battery_up_callback</STRONG> (Thumb, 28 bytes, Stack size 8 bytes, bd_battery.o(.text))
<BR><BR>[Stack]<UL><LI>Max Depth = 76<LI>Call Chain = register_battery_up_callback &rArr; cal_percentage &rArr; __aeabi_fsub &rArr; __aeabi_fadd &rArr; _float_epilogue
</UL>
<BR>[Calls]<UL><LI><a href="#[cc]">&gt;&gt;</a>&nbsp;&nbsp;&nbsp;cal_percentage
</UL>
<BR>[Called By]<UL><LI><a href="#[c7]">&gt;&gt;</a>&nbsp;&nbsp;&nbsp;bas_init
</UL>

<P><STRONG><a name="[9d]"></a>battery_measure_init</STRONG> (Thumb, 56 bytes, Stack size 8 bytes, bd_battery.o(.text))
<BR><BR>[Stack]<UL><LI>Max Depth = 264<LI>Call Chain = battery_measure_init &rArr; app_error_handler &rArr; ble_debug_assert_handler &rArr; pre_restart_info_store &rArr; save_curr_health_data &rArr; save_quarter_distance_data &rArr; save_sport_group_data &rArr; get_next_sport_write_group_address &rArr; ble_flash_page_delay_erase &rArr; ble_flash_page_erase
</UL>
<BR>[Calls]<UL><LI><a href="#[d9]">&gt;&gt;</a>&nbsp;&nbsp;&nbsp;battery_adc_interrupt_init
<LI><a href="#[d6]">&gt;&gt;</a>&nbsp;&nbsp;&nbsp;battery_adc_read_once
<LI><a href="#[6e]">&gt;&gt;</a>&nbsp;&nbsp;&nbsp;app_timer_create
<LI><a href="#[5f]">&gt;&gt;</a>&nbsp;&nbsp;&nbsp;app_error_handler
</UL>
<BR>[Called By]<UL><LI><a href="#[97]">&gt;&gt;</a>&nbsp;&nbsp;&nbsp;init1
</UL>

<P><STRONG><a name="[10a]"></a>get_battery_power_percentage</STRONG> (Thumb, 6 bytes, Stack size 0 bytes, bd_battery.o(.text))
<BR><BR>[Called By]<UL><LI><a href="#[10c]">&gt;&gt;</a>&nbsp;&nbsp;&nbsp;resolve_private_bond_command
<LI><a href="#[107]">&gt;&gt;</a>&nbsp;&nbsp;&nbsp;resolve_firmware_update_command
<LI><a href="#[1af]">&gt;&gt;</a>&nbsp;&nbsp;&nbsp;show_charging_percentage
</UL>

<P><STRONG><a name="[da]"></a>battery_measure_timer_start</STRONG> (Thumb, 30 bytes, Stack size 8 bytes, bd_battery.o(.text))
<BR><BR>[Stack]<UL><LI>Max Depth = 264<LI>Call Chain = battery_measure_timer_start &rArr; app_error_handler &rArr; ble_debug_assert_handler &rArr; pre_restart_info_store &rArr; save_curr_health_data &rArr; save_quarter_distance_data &rArr; save_sport_group_data &rArr; get_next_sport_write_group_address &rArr; ble_flash_page_delay_erase &rArr; ble_flash_page_erase
</UL>
<BR>[Calls]<UL><LI><a href="#[7b]">&gt;&gt;</a>&nbsp;&nbsp;&nbsp;app_timer_start
<LI><a href="#[5f]">&gt;&gt;</a>&nbsp;&nbsp;&nbsp;app_error_handler
</UL>
<BR>[Called By]<UL><LI><a href="#[b1]">&gt;&gt;</a>&nbsp;&nbsp;&nbsp;voltage_detect_n_precharging
</UL>

<P><STRONG><a name="[db]"></a>battery_measure_timer_stop</STRONG> (Thumb, 26 bytes, Stack size 8 bytes, bd_battery.o(.text))
<BR><BR>[Stack]<UL><LI>Max Depth = 264<LI>Call Chain = battery_measure_timer_stop &rArr; app_error_handler &rArr; ble_debug_assert_handler &rArr; pre_restart_info_store &rArr; save_curr_health_data &rArr; save_quarter_distance_data &rArr; save_sport_group_data &rArr; get_next_sport_write_group_address &rArr; ble_flash_page_delay_erase &rArr; ble_flash_page_erase
</UL>
<BR>[Calls]<UL><LI><a href="#[7e]">&gt;&gt;</a>&nbsp;&nbsp;&nbsp;app_timer_stop
<LI><a href="#[5f]">&gt;&gt;</a>&nbsp;&nbsp;&nbsp;app_error_handler
</UL>
<BR>[Called By]<UL><LI><a href="#[b1]">&gt;&gt;</a>&nbsp;&nbsp;&nbsp;voltage_detect_n_precharging
</UL>

<P><STRONG><a name="[b1]"></a>voltage_detect_n_precharging</STRONG> (Thumb, 50 bytes, Stack size 16 bytes, bd_battery.o(.text))
<BR><BR>[Stack]<UL><LI>Max Depth = 280<LI>Call Chain = voltage_detect_n_precharging &rArr; battery_measure_timer_stop &rArr; app_error_handler &rArr; ble_debug_assert_handler &rArr; pre_restart_info_store &rArr; save_curr_health_data &rArr; save_quarter_distance_data &rArr; save_sport_group_data &rArr; get_next_sport_write_group_address &rArr; ble_flash_page_delay_erase &rArr; ble_flash_page_erase
</UL>
<BR>[Calls]<UL><LI><a href="#[dc]">&gt;&gt;</a>&nbsp;&nbsp;&nbsp;charger_connected
<LI><a href="#[db]">&gt;&gt;</a>&nbsp;&nbsp;&nbsp;battery_measure_timer_stop
<LI><a href="#[da]">&gt;&gt;</a>&nbsp;&nbsp;&nbsp;battery_measure_timer_start
<LI><a href="#[c3]">&gt;&gt;</a>&nbsp;&nbsp;&nbsp;app_sched_execute
</UL>
<BR>[Called By]<UL><LI><a href="#[2b]">&gt;&gt;</a>&nbsp;&nbsp;&nbsp;main
</UL>

<P><STRONG><a name="[e1]"></a>set_complete_callback</STRONG> (Thumb, 6 bytes, Stack size 0 bytes, bd_ble_nus.o(.text))
<BR><BR>[Called By]<UL><LI><a href="#[df]">&gt;&gt;</a>&nbsp;&nbsp;&nbsp;async_send
<LI><a href="#[e8]">&gt;&gt;</a>&nbsp;&nbsp;&nbsp;response_package_handle
<LI><a href="#[3d]">&gt;&gt;</a>&nbsp;&nbsp;&nbsp;delay_send_func
<LI><a href="#[39]">&gt;&gt;</a>&nbsp;&nbsp;&nbsp;bluetooth_l0_reset
</UL>

<P><STRONG><a name="[8c]"></a>ble_nus_on_ble_evt</STRONG> (Thumb, 118 bytes, Stack size 8 bytes, bd_ble_nus.o(.text))
<BR><BR>[Stack]<UL><LI>Max Depth = 48<LI>Call Chain = ble_nus_on_ble_evt &rArr; bluetooth_l0_reset &rArr; app_timer_stop
</UL>
<BR>[Calls]<UL><LI><a href="#[39]">&gt;&gt;</a>&nbsp;&nbsp;&nbsp;bluetooth_l0_reset
</UL>
<BR>[Called By]<UL><LI><a href="#[31]">&gt;&gt;</a>&nbsp;&nbsp;&nbsp;ble_evt_dispatch
</UL>

<P><STRONG><a name="[c8]"></a>ble_nus_init</STRONG> (Thumb, 92 bytes, Stack size 32 bytes, bd_ble_nus.o(.text))
<BR><BR>[Stack]<UL><LI>Max Depth = 112<LI>Call Chain = ble_nus_init &rArr; rx_char_add
</UL>
<BR>[Calls]<UL><LI><a href="#[de]">&gt;&gt;</a>&nbsp;&nbsp;&nbsp;tx_char_add
<LI><a href="#[dd]">&gt;&gt;</a>&nbsp;&nbsp;&nbsp;rx_char_add
</UL>
<BR>[Called By]<UL><LI><a href="#[a5]">&gt;&gt;</a>&nbsp;&nbsp;&nbsp;services_init
</UL>

<P><STRONG><a name="[e0]"></a>ble_nus_send_string</STRONG> (Thumb, 56 bytes, Stack size 24 bytes, bd_ble_nus.o(.text))
<BR><BR>[Stack]<UL><LI>Max Depth = 24<LI>Call Chain = ble_nus_send_string
</UL>
<BR>[Called By]<UL><LI><a href="#[df]">&gt;&gt;</a>&nbsp;&nbsp;&nbsp;async_send
</UL>

<P><STRONG><a name="[80]"></a>get_global_should_trigger_ota_flag</STRONG> (Thumb, 6 bytes, Stack size 0 bytes, bd_communicate_protocol.o(.text))
<BR><BR>[Called By]<UL><LI><a href="#[79]">&gt;&gt;</a>&nbsp;&nbsp;&nbsp;on_ble_evt
</UL>

<P><STRONG><a name="[27b]"></a>set_global_should_trigger_ota_flag</STRONG> (Thumb, 6 bytes, Stack size 0 bytes, bd_communicate_protocol.o(.text), UNUSED)

<P><STRONG><a name="[92]"></a>is_bluetooth_connected</STRONG> (Thumb, 18 bytes, Stack size 0 bytes, bd_communicate_protocol.o(.text))
<BR><BR>[Called By]<UL><LI><a href="#[33]">&gt;&gt;</a>&nbsp;&nbsp;&nbsp;bond_manager_error_handler
</UL>

<P><STRONG><a name="[df]"></a>async_send</STRONG> (Thumb, 558 bytes, Stack size 48 bytes, bd_communicate_protocol.o(.text))
<BR><BR>[Stack]<UL><LI>Max Depth = 80<LI>Call Chain = async_send &rArr; app_timer_start
</UL>
<BR>[Calls]<UL><LI><a href="#[e0]">&gt;&gt;</a>&nbsp;&nbsp;&nbsp;ble_nus_send_string
<LI><a href="#[e1]">&gt;&gt;</a>&nbsp;&nbsp;&nbsp;set_complete_callback
<LI><a href="#[7b]">&gt;&gt;</a>&nbsp;&nbsp;&nbsp;app_timer_start
<LI><a href="#[61]">&gt;&gt;</a>&nbsp;&nbsp;&nbsp;assert_nrf_callback
</UL>
<BR>[Called By]<UL><LI><a href="#[3c]">&gt;&gt;</a>&nbsp;&nbsp;&nbsp;schedule_async_send
</UL>

<P><STRONG><a name="[3c]"></a>schedule_async_send</STRONG> (Thumb, 60 bytes, Stack size 16 bytes, bd_communicate_protocol.o(.text))
<BR><BR>[Stack]<UL><LI>Max Depth = 96<LI>Call Chain = schedule_async_send &rArr; async_send &rArr; app_timer_start
</UL>
<BR>[Calls]<UL><LI><a href="#[df]">&gt;&gt;</a>&nbsp;&nbsp;&nbsp;async_send
<LI><a href="#[7e]">&gt;&gt;</a>&nbsp;&nbsp;&nbsp;app_timer_stop
<LI><a href="#[61]">&gt;&gt;</a>&nbsp;&nbsp;&nbsp;assert_nrf_callback
</UL>
<BR>[Called By]<UL><LI><a href="#[112]">&gt;&gt;</a>&nbsp;&nbsp;&nbsp;L1_receive_response
<LI><a href="#[e9]">&gt;&gt;</a>&nbsp;&nbsp;&nbsp;L1_send
<LI><a href="#[e2]">&gt;&gt;</a>&nbsp;&nbsp;&nbsp;L1_resend_package
</UL>
<BR>[Address Reference Count : 1]<UL><LI> bd_communicate_protocol.o(.text)
</UL>
<P><STRONG><a name="[81]"></a>trigger_ota_mode</STRONG> (Thumb, 32 bytes, Stack size 0 bytes, bd_communicate_protocol.o(.text))
<BR><BR>[Stack]<UL><LI>Max Depth = 232<LI>Call Chain = trigger_ota_mode &rArr; ota_pre_restart_info_store &rArr; pre_restart_info_store &rArr; save_curr_health_data &rArr; save_quarter_distance_data &rArr; save_sport_group_data &rArr; get_next_sport_write_group_address &rArr; ble_flash_page_delay_erase &rArr; ble_flash_page_erase
</UL>
<BR>[Calls]<UL><LI><a href="#[e5]">&gt;&gt;</a>&nbsp;&nbsp;&nbsp;stop_health_algorithm
<LI><a href="#[e7]">&gt;&gt;</a>&nbsp;&nbsp;&nbsp;ota_pre_restart_info_store
<LI><a href="#[e6]">&gt;&gt;</a>&nbsp;&nbsp;&nbsp;hal_acc_reset
</UL>
<BR>[Called By]<UL><LI><a href="#[79]">&gt;&gt;</a>&nbsp;&nbsp;&nbsp;on_ble_evt
</UL>

<P><STRONG><a name="[2f]"></a>ota_time_out_handle</STRONG> (Thumb, 16 bytes, Stack size 0 bytes, bd_communicate_protocol.o(.text))
<BR>[Address Reference Count : 1]<UL><LI> main.o(.text)
</UL>
<P><STRONG><a name="[ab]"></a>bluetooth_l0_init</STRONG> (Thumb, 90 bytes, Stack size 8 bytes, bd_communicate_protocol.o(.text))
<BR><BR>[Stack]<UL><LI>Max Depth = 264<LI>Call Chain = bluetooth_l0_init &rArr; app_error_handler &rArr; ble_debug_assert_handler &rArr; pre_restart_info_store &rArr; save_curr_health_data &rArr; save_quarter_distance_data &rArr; save_sport_group_data &rArr; get_next_sport_write_group_address &rArr; ble_flash_page_delay_erase &rArr; ble_flash_page_erase
</UL>
<BR>[Calls]<UL><LI><a href="#[6e]">&gt;&gt;</a>&nbsp;&nbsp;&nbsp;app_timer_create
<LI><a href="#[5f]">&gt;&gt;</a>&nbsp;&nbsp;&nbsp;app_error_handler
</UL>
<BR>[Called By]<UL><LI><a href="#[9f]">&gt;&gt;</a>&nbsp;&nbsp;&nbsp;init2
</UL>

<P><STRONG><a name="[e9]"></a>L1_send</STRONG> (Thumb, 114 bytes, Stack size 24 bytes, bd_communicate_protocol.o(.text))
<BR><BR>[Stack]<UL><LI>Max Depth = 120<LI>Call Chain = L1_send &rArr; schedule_async_send &rArr; async_send &rArr; app_timer_start
</UL>
<BR>[Calls]<UL><LI><a href="#[e3]">&gt;&gt;</a>&nbsp;&nbsp;&nbsp;bd_crc16
<LI><a href="#[3c]">&gt;&gt;</a>&nbsp;&nbsp;&nbsp;schedule_async_send
</UL>
<BR>[Called By]<UL><LI><a href="#[eb]">&gt;&gt;</a>&nbsp;&nbsp;&nbsp;send_all_data
<LI><a href="#[fb]">&gt;&gt;</a>&nbsp;&nbsp;&nbsp;return_alarm_list
<LI><a href="#[11b]">&gt;&gt;</a>&nbsp;&nbsp;&nbsp;login_success_event_dispatch
<LI><a href="#[118]">&gt;&gt;</a>&nbsp;&nbsp;&nbsp;login_fail_event_dispatch
<LI><a href="#[10e]">&gt;&gt;</a>&nbsp;&nbsp;&nbsp;get_stack_dump_command_resolve
<LI><a href="#[e4]">&gt;&gt;</a>&nbsp;&nbsp;&nbsp;bond_fail_event_dispatch
<LI><a href="#[106]">&gt;&gt;</a>&nbsp;&nbsp;&nbsp;enter_ota_status_response
<LI><a href="#[107]">&gt;&gt;</a>&nbsp;&nbsp;&nbsp;resolve_firmware_update_command
<LI><a href="#[1b7]">&gt;&gt;</a>&nbsp;&nbsp;&nbsp;send_package
<LI><a href="#[1a0]">&gt;&gt;</a>&nbsp;&nbsp;&nbsp;send_sport_group_data
<LI><a href="#[199]">&gt;&gt;</a>&nbsp;&nbsp;&nbsp;send_sleep_group_data
<LI><a href="#[196]">&gt;&gt;</a>&nbsp;&nbsp;&nbsp;send_sport_data_from_ram
<LI><a href="#[127]">&gt;&gt;</a>&nbsp;&nbsp;&nbsp;bond_success_event_dispatch
<LI><a href="#[1ce]">&gt;&gt;</a>&nbsp;&nbsp;&nbsp;bluetooth_log
<LI><a href="#[1c6]">&gt;&gt;</a>&nbsp;&nbsp;&nbsp;report_get_dump_info_fail
<LI><a href="#[1c5]">&gt;&gt;</a>&nbsp;&nbsp;&nbsp;send_sleep_setting_data_in_ram
</UL>

<P><STRONG><a name="[27c]"></a>send_status_callback</STRONG> (Thumb, 2 bytes, Stack size 0 bytes, bd_communicate_protocol.o(.text), UNUSED)

<P><STRONG><a name="[102]"></a>bond_success_event_observer</STRONG> (Thumb, 34 bytes, Stack size 8 bytes, bd_communicate_protocol.o(.text))
<BR><BR>[Stack]<UL><LI>Max Depth = 76<LI>Call Chain = bond_success_event_observer &rArr; reset_health_algorithm_data &rArr; reset_cur_sports_data &rArr; get_wall_clock_time &rArr; ConvertToUTCTime &rArr; __aeabi_uidivmod
</UL>
<BR>[Calls]<UL><LI><a href="#[e5]">&gt;&gt;</a>&nbsp;&nbsp;&nbsp;stop_health_algorithm
<LI><a href="#[ed]">&gt;&gt;</a>&nbsp;&nbsp;&nbsp;set_global_step_counts_today
<LI><a href="#[103]">&gt;&gt;</a>&nbsp;&nbsp;&nbsp;set_global_dev_loss_controller_data
<LI><a href="#[104]">&gt;&gt;</a>&nbsp;&nbsp;&nbsp;reset_user_data_for_new_bond
<LI><a href="#[105]">&gt;&gt;</a>&nbsp;&nbsp;&nbsp;reset_health_algorithm_data
<LI><a href="#[ad]">&gt;&gt;</a>&nbsp;&nbsp;&nbsp;set_device_has_bonded
</UL>
<BR>[Called By]<UL><LI><a href="#[11d]">&gt;&gt;</a>&nbsp;&nbsp;&nbsp;bond_press_handle
</UL>

<P><STRONG><a name="[106]"></a>enter_ota_status_response</STRONG> (Thumb, 44 bytes, Stack size 24 bytes, bd_communicate_protocol.o(.text))
<BR><BR>[Stack]<UL><LI>Max Depth = 144<LI>Call Chain = enter_ota_status_response &rArr; L1_send &rArr; schedule_async_send &rArr; async_send &rArr; app_timer_start
</UL>
<BR>[Calls]<UL><LI><a href="#[e9]">&gt;&gt;</a>&nbsp;&nbsp;&nbsp;L1_send
</UL>
<BR>[Called By]<UL><LI><a href="#[107]">&gt;&gt;</a>&nbsp;&nbsp;&nbsp;resolve_firmware_update_command
</UL>

<P><STRONG><a name="[112]"></a>L1_receive_response</STRONG> (Thumb, 24 bytes, Stack size 8 bytes, bd_communicate_protocol.o(.text))
<BR><BR>[Stack]<UL><LI>Max Depth = 104<LI>Call Chain = L1_receive_response &rArr; schedule_async_send &rArr; async_send &rArr; app_timer_start
</UL>
<BR>[Calls]<UL><LI><a href="#[3c]">&gt;&gt;</a>&nbsp;&nbsp;&nbsp;schedule_async_send
</UL>
<BR>[Called By]<UL><LI><a href="#[38]">&gt;&gt;</a>&nbsp;&nbsp;&nbsp;L1_receive_data
</UL>

<P><STRONG><a name="[40]"></a>schedule_crc_error_handle</STRONG> (Thumb, 2 bytes, Stack size 0 bytes, bd_communicate_protocol.o(.text))
<BR>[Address Reference Count : 1]<UL><LI> bd_communicate_protocol.o(.text)
</UL>
<P><STRONG><a name="[38]"></a>L1_receive_data</STRONG> (Thumb, 298 bytes, Stack size 32 bytes, bd_communicate_protocol.o(.text))
<BR><BR>[Stack]<UL><LI>Max Depth = 400<LI>Call Chain = L1_receive_data &rArr; L2_frame_resolve &rArr; resolve_private_bond_command &rArr; send_last_time_sleep_mode &rArr; send_all_data &rArr; start_send_data_timer &rArr; app_error_handler &rArr; ble_debug_assert_handler &rArr; pre_restart_info_store &rArr; save_curr_health_data &rArr; save_quarter_distance_data &rArr; save_sport_group_data &rArr; get_next_sport_write_group_address &rArr; ble_flash_page_delay_erase &rArr; ble_flash_page_erase
</UL>
<BR>[Calls]<UL><LI><a href="#[113]">&gt;&gt;</a>&nbsp;&nbsp;&nbsp;app_query_timer
<LI><a href="#[112]">&gt;&gt;</a>&nbsp;&nbsp;&nbsp;L1_receive_response
<LI><a href="#[115]">&gt;&gt;</a>&nbsp;&nbsp;&nbsp;L1_crc_check
<LI><a href="#[10b]">&gt;&gt;</a>&nbsp;&nbsp;&nbsp;L2_frame_resolve
<LI><a href="#[e8]">&gt;&gt;</a>&nbsp;&nbsp;&nbsp;response_package_handle
<LI><a href="#[7e]">&gt;&gt;</a>&nbsp;&nbsp;&nbsp;app_timer_stop
<LI><a href="#[7b]">&gt;&gt;</a>&nbsp;&nbsp;&nbsp;app_timer_start
<LI><a href="#[c5]">&gt;&gt;</a>&nbsp;&nbsp;&nbsp;app_sched_event_put
<LI><a href="#[114]">&gt;&gt;</a>&nbsp;&nbsp;&nbsp;__aeabi_memcpy
</UL>
<BR>[Address Reference Count : 1]<UL><LI> main.o(.text)
</UL>
<P><STRONG><a name="[82]"></a>get_should_checkdev_loss_on_disconnect</STRONG> (Thumb, 8 bytes, Stack size 0 bytes, bd_communicate_protocol.o(.text))
<BR><BR>[Called By]<UL><LI><a href="#[79]">&gt;&gt;</a>&nbsp;&nbsp;&nbsp;on_ble_evt
</UL>

<P><STRONG><a name="[86]"></a>set_should_checkdev_loss_on_disconnect</STRONG> (Thumb, 8 bytes, Stack size 0 bytes, bd_communicate_protocol.o(.text))
<BR><BR>[Called By]<UL><LI><a href="#[79]">&gt;&gt;</a>&nbsp;&nbsp;&nbsp;on_ble_evt
</UL>

<P><STRONG><a name="[39]"></a>bluetooth_l0_reset</STRONG> (Thumb, 114 bytes, Stack size 16 bytes, bd_communicate_protocol.o(.text))
<BR><BR>[Stack]<UL><LI>Max Depth = 40<LI>Call Chain = bluetooth_l0_reset &rArr; app_timer_stop
</UL>
<BR>[Calls]<UL><LI><a href="#[116]">&gt;&gt;</a>&nbsp;&nbsp;&nbsp;set_bluetooth_log_state
<LI><a href="#[113]">&gt;&gt;</a>&nbsp;&nbsp;&nbsp;app_query_timer
<LI><a href="#[e1]">&gt;&gt;</a>&nbsp;&nbsp;&nbsp;set_complete_callback
<LI><a href="#[7e]">&gt;&gt;</a>&nbsp;&nbsp;&nbsp;app_timer_stop
</UL>
<BR>[Called By]<UL><LI><a href="#[8c]">&gt;&gt;</a>&nbsp;&nbsp;&nbsp;ble_nus_on_ble_evt
</UL>
<BR>[Address Reference Count : 1]<UL><LI> main.o(.text)
</UL>
<P><STRONG><a name="[45]"></a>input_event_handle_schedule</STRONG> (Thumb, 108 bytes, Stack size 8 bytes, bd_input_event_source.o(.text))
<BR><BR>[Stack]<UL><LI>Max Depth = 304<LI>Call Chain = input_event_handle_schedule &rArr; send_all_data &rArr; start_send_data_timer &rArr; app_error_handler &rArr; ble_debug_assert_handler &rArr; pre_restart_info_store &rArr; save_curr_health_data &rArr; save_quarter_distance_data &rArr; save_sport_group_data &rArr; get_next_sport_write_group_address &rArr; ble_flash_page_delay_erase &rArr; ble_flash_page_erase
</UL>
<BR>[Calls]<UL><LI><a href="#[eb]">&gt;&gt;</a>&nbsp;&nbsp;&nbsp;send_all_data
<LI><a href="#[7c]">&gt;&gt;</a>&nbsp;&nbsp;&nbsp;notification_status
<LI><a href="#[87]">&gt;&gt;</a>&nbsp;&nbsp;&nbsp;notification_start
<LI><a href="#[b6]">&gt;&gt;</a>&nbsp;&nbsp;&nbsp;check_has_bonded
<LI><a href="#[73]">&gt;&gt;</a>&nbsp;&nbsp;&nbsp;charger_status
<LI><a href="#[11c]">&gt;&gt;</a>&nbsp;&nbsp;&nbsp;two_Double_tap_handle
<LI><a href="#[11e]">&gt;&gt;</a>&nbsp;&nbsp;&nbsp;notification_stop
<LI><a href="#[11d]">&gt;&gt;</a>&nbsp;&nbsp;&nbsp;bond_press_handle
</UL>
<BR>[Address Reference Count : 1]<UL><LI> bd_step_counter.o(.text)
</UL>
<P><STRONG><a name="[7d]"></a>led_action_stop</STRONG> (Thumb, 46 bytes, Stack size 8 bytes, bd_led_flash.o(.text))
<BR><BR>[Stack]<UL><LI>Max Depth = 32 + In Cycle
<LI>Call Chain = led_action_stop &rArr;  update_charging_status (Cycle)
</UL>
<BR>[Calls]<UL><LI><a href="#[72]">&gt;&gt;</a>&nbsp;&nbsp;&nbsp;update_charging_status
<LI><a href="#[73]">&gt;&gt;</a>&nbsp;&nbsp;&nbsp;charger_status
<LI><a href="#[7e]">&gt;&gt;</a>&nbsp;&nbsp;&nbsp;app_timer_stop
<LI><a href="#[11f]">&gt;&gt;</a>&nbsp;&nbsp;&nbsp;all_led_flash_control
</UL>
<BR>[Called By]<UL><LI><a href="#[10b]">&gt;&gt;</a>&nbsp;&nbsp;&nbsp;L2_frame_resolve
<LI><a href="#[3f]">&gt;&gt;</a>&nbsp;&nbsp;&nbsp;user_action_timeout_handle
<LI><a href="#[2]">&gt;&gt;</a>&nbsp;&nbsp;&nbsp;function_charger_event_handler
<LI><a href="#[79]">&gt;&gt;</a>&nbsp;&nbsp;&nbsp;on_ble_evt
<LI><a href="#[41]">&gt;&gt;</a>&nbsp;&nbsp;&nbsp;led_schedule_timer_handle
<LI><a href="#[11e]">&gt;&gt;</a>&nbsp;&nbsp;&nbsp;notification_stop
<LI><a href="#[11d]">&gt;&gt;</a>&nbsp;&nbsp;&nbsp;bond_press_handle
</UL>

<P><STRONG><a name="[122]"></a>led_action_control_with_interval</STRONG> (Thumb, 50 bytes, Stack size 24 bytes, bd_led_flash.o(.text))
<BR><BR>[Stack]<UL><LI>Max Depth = 96<LI>Call Chain = led_action_control_with_interval &rArr; _led_action_control_with_interval &rArr; led_schedule_timer_handle &rArr; led_action_stop &rArr;  update_charging_status (Cycle)
</UL>
<BR>[Calls]<UL><LI><a href="#[73]">&gt;&gt;</a>&nbsp;&nbsp;&nbsp;charger_status
<LI><a href="#[121]">&gt;&gt;</a>&nbsp;&nbsp;&nbsp;_led_action_control_with_interval
</UL>
<BR>[Called By]<UL><LI><a href="#[111]">&gt;&gt;</a>&nbsp;&nbsp;&nbsp;led_action_control
<LI><a href="#[1ae]">&gt;&gt;</a>&nbsp;&nbsp;&nbsp;show_animation_status
</UL>

<P><STRONG><a name="[111]"></a>led_action_control</STRONG> (Thumb, 4 bytes, Stack size 0 bytes, bd_led_flash.o(.text))
<BR><BR>[Stack]<UL><LI>Max Depth = 96<LI>Call Chain = led_action_control &rArr; led_action_control_with_interval &rArr; _led_action_control_with_interval &rArr; led_schedule_timer_handle &rArr; led_action_stop &rArr;  update_charging_status (Cycle)
</UL>
<BR>[Calls]<UL><LI><a href="#[122]">&gt;&gt;</a>&nbsp;&nbsp;&nbsp;led_action_control_with_interval
</UL>
<BR>[Called By]<UL><LI><a href="#[10b]">&gt;&gt;</a>&nbsp;&nbsp;&nbsp;L2_frame_resolve
<LI><a href="#[87]">&gt;&gt;</a>&nbsp;&nbsp;&nbsp;notification_start
<LI><a href="#[1af]">&gt;&gt;</a>&nbsp;&nbsp;&nbsp;show_charging_percentage
<LI><a href="#[1ad]">&gt;&gt;</a>&nbsp;&nbsp;&nbsp;show_step_task_complete_status
<LI><a href="#[1ae]">&gt;&gt;</a>&nbsp;&nbsp;&nbsp;show_animation_status
</UL>

<P><STRONG><a name="[7c]"></a>notification_status</STRONG> (Thumb, 6 bytes, Stack size 0 bytes, bd_led_flash.o(.text))
<BR><BR>[Called By]<UL><LI><a href="#[2]">&gt;&gt;</a>&nbsp;&nbsp;&nbsp;function_charger_event_handler
<LI><a href="#[79]">&gt;&gt;</a>&nbsp;&nbsp;&nbsp;on_ble_evt
<LI><a href="#[45]">&gt;&gt;</a>&nbsp;&nbsp;&nbsp;input_event_handle_schedule
</UL>

<P><STRONG><a name="[6d]"></a>led_flash_timer_init</STRONG> (Thumb, 16 bytes, Stack size 8 bytes, bd_led_flash.o(.text))
<BR><BR>[Stack]<UL><LI>Max Depth = 24<LI>Call Chain = led_flash_timer_init &rArr; app_timer_create
</UL>
<BR>[Calls]<UL><LI><a href="#[6e]">&gt;&gt;</a>&nbsp;&nbsp;&nbsp;app_timer_create
</UL>
<BR>[Called By]<UL><LI><a href="#[6c]">&gt;&gt;</a>&nbsp;&nbsp;&nbsp;timers_create
</UL>

<P><STRONG><a name="[b6]"></a>check_has_bonded</STRONG> (Thumb, 6 bytes, Stack size 0 bytes, bd_private_bond.o(.text))
<BR><BR>[Called By]<UL><LI><a href="#[f3]">&gt;&gt;</a>&nbsp;&nbsp;&nbsp;resolve_settings_config_command
<LI><a href="#[2e]">&gt;&gt;</a>&nbsp;&nbsp;&nbsp;tap_timer_handler
<LI><a href="#[2b]">&gt;&gt;</a>&nbsp;&nbsp;&nbsp;main
<LI><a href="#[45]">&gt;&gt;</a>&nbsp;&nbsp;&nbsp;input_event_handle_schedule
<LI><a href="#[1ec]">&gt;&gt;</a>&nbsp;&nbsp;&nbsp;pre_restart_info_store
</UL>

<P><STRONG><a name="[ad]"></a>set_device_has_bonded</STRONG> (Thumb, 6 bytes, Stack size 0 bytes, bd_private_bond.o(.text))
<BR><BR>[Called By]<UL><LI><a href="#[102]">&gt;&gt;</a>&nbsp;&nbsp;&nbsp;bond_success_event_observer
<LI><a href="#[9f]">&gt;&gt;</a>&nbsp;&nbsp;&nbsp;init2
</UL>

<P><STRONG><a name="[7f]"></a>bond_store_user_id</STRONG> (Thumb, 88 bytes, Stack size 16 bytes, bd_private_bond.o(.text))
<BR><BR>[Stack]<UL><LI>Max Depth = 56<LI>Call Chain = bond_store_user_id &rArr; ble_flash_block_write &rArr; flash_word_write
</UL>
<BR>[Calls]<UL><LI><a href="#[94]">&gt;&gt;</a>&nbsp;&nbsp;&nbsp;ble_flash_page_erase
<LI><a href="#[76]">&gt;&gt;</a>&nbsp;&nbsp;&nbsp;ble_flash_page_addr
<LI><a href="#[125]">&gt;&gt;</a>&nbsp;&nbsp;&nbsp;ble_flash_word_write
<LI><a href="#[123]">&gt;&gt;</a>&nbsp;&nbsp;&nbsp;ble_flash_crc16_compute
<LI><a href="#[124]">&gt;&gt;</a>&nbsp;&nbsp;&nbsp;ble_flash_block_write
</UL>
<BR>[Called By]<UL><LI><a href="#[79]">&gt;&gt;</a>&nbsp;&nbsp;&nbsp;on_ble_evt
</UL>

<P><STRONG><a name="[ac]"></a>bond_read_user_id</STRONG> (Thumb, 94 bytes, Stack size 16 bytes, bd_private_bond.o(.text))
<BR><BR>[Stack]<UL><LI>Max Depth = 24<LI>Call Chain = bond_read_user_id &rArr; ble_flash_crc16_compute
</UL>
<BR>[Calls]<UL><LI><a href="#[76]">&gt;&gt;</a>&nbsp;&nbsp;&nbsp;ble_flash_page_addr
<LI><a href="#[123]">&gt;&gt;</a>&nbsp;&nbsp;&nbsp;ble_flash_crc16_compute
<LI><a href="#[126]">&gt;&gt;</a>&nbsp;&nbsp;&nbsp;__aeabi_memcpy4
</UL>
<BR>[Called By]<UL><LI><a href="#[9f]">&gt;&gt;</a>&nbsp;&nbsp;&nbsp;init2
</UL>

<P><STRONG><a name="[127]"></a>bond_success_event_dispatch</STRONG> (Thumb, 42 bytes, Stack size 16 bytes, bd_private_bond.o(.text))
<BR><BR>[Stack]<UL><LI>Max Depth = 136<LI>Call Chain = bond_success_event_dispatch &rArr; L1_send &rArr; schedule_async_send &rArr; async_send &rArr; app_timer_start
</UL>
<BR>[Calls]<UL><LI><a href="#[e9]">&gt;&gt;</a>&nbsp;&nbsp;&nbsp;L1_send
</UL>
<BR>[Called By]<UL><LI><a href="#[11d]">&gt;&gt;</a>&nbsp;&nbsp;&nbsp;bond_press_handle
</UL>

<P><STRONG><a name="[e4]"></a>bond_fail_event_dispatch</STRONG> (Thumb, 44 bytes, Stack size 16 bytes, bd_private_bond.o(.text))
<BR><BR>[Stack]<UL><LI>Max Depth = 136<LI>Call Chain = bond_fail_event_dispatch &rArr; L1_send &rArr; schedule_async_send &rArr; async_send &rArr; app_timer_start
</UL>
<BR>[Calls]<UL><LI><a href="#[e9]">&gt;&gt;</a>&nbsp;&nbsp;&nbsp;L1_send
</UL>
<BR>[Called By]<UL><LI><a href="#[10c]">&gt;&gt;</a>&nbsp;&nbsp;&nbsp;resolve_private_bond_command
<LI><a href="#[3f]">&gt;&gt;</a>&nbsp;&nbsp;&nbsp;user_action_timeout_handle
</UL>

<P><STRONG><a name="[11d]"></a>bond_press_handle</STRONG> (Thumb, 46 bytes, Stack size 8 bytes, bd_private_bond.o(.text))
<BR><BR>[Stack]<UL><LI>Max Depth = 144<LI>Call Chain = bond_press_handle &rArr; bond_success_event_dispatch &rArr; L1_send &rArr; schedule_async_send &rArr; async_send &rArr; app_timer_start
</UL>
<BR>[Calls]<UL><LI><a href="#[102]">&gt;&gt;</a>&nbsp;&nbsp;&nbsp;bond_success_event_observer
<LI><a href="#[87]">&gt;&gt;</a>&nbsp;&nbsp;&nbsp;notification_start
<LI><a href="#[7d]">&gt;&gt;</a>&nbsp;&nbsp;&nbsp;led_action_stop
<LI><a href="#[7e]">&gt;&gt;</a>&nbsp;&nbsp;&nbsp;app_timer_stop
<LI><a href="#[128]">&gt;&gt;</a>&nbsp;&nbsp;&nbsp;clear_prev_user_data
<LI><a href="#[127]">&gt;&gt;</a>&nbsp;&nbsp;&nbsp;bond_success_event_dispatch
</UL>
<BR>[Called By]<UL><LI><a href="#[45]">&gt;&gt;</a>&nbsp;&nbsp;&nbsp;input_event_handle_schedule
</UL>

<P><STRONG><a name="[117]"></a>check_user_id_bonded</STRONG> (Thumb, 118 bytes, Stack size 32 bytes, bd_private_bond.o(.text))
<BR><BR>[Stack]<UL><LI>Max Depth = 44<LI>Call Chain = check_user_id_bonded &rArr; memcmp
</UL>
<BR>[Calls]<UL><LI><a href="#[76]">&gt;&gt;</a>&nbsp;&nbsp;&nbsp;ble_flash_page_addr
<LI><a href="#[123]">&gt;&gt;</a>&nbsp;&nbsp;&nbsp;ble_flash_crc16_compute
<LI><a href="#[129]">&gt;&gt;</a>&nbsp;&nbsp;&nbsp;memcmp
</UL>
<BR>[Called By]<UL><LI><a href="#[10c]">&gt;&gt;</a>&nbsp;&nbsp;&nbsp;resolve_private_bond_command
</UL>

<P><STRONG><a name="[11b]"></a>login_success_event_dispatch</STRONG> (Thumb, 42 bytes, Stack size 16 bytes, bd_private_bond.o(.text))
<BR><BR>[Stack]<UL><LI>Max Depth = 136<LI>Call Chain = login_success_event_dispatch &rArr; L1_send &rArr; schedule_async_send &rArr; async_send &rArr; app_timer_start
</UL>
<BR>[Calls]<UL><LI><a href="#[e9]">&gt;&gt;</a>&nbsp;&nbsp;&nbsp;L1_send
</UL>
<BR>[Called By]<UL><LI><a href="#[10c]">&gt;&gt;</a>&nbsp;&nbsp;&nbsp;resolve_private_bond_command
</UL>

<P><STRONG><a name="[118]"></a>login_fail_event_dispatch</STRONG> (Thumb, 42 bytes, Stack size 16 bytes, bd_private_bond.o(.text))
<BR><BR>[Stack]<UL><LI>Max Depth = 136<LI>Call Chain = login_fail_event_dispatch &rArr; L1_send &rArr; schedule_async_send &rArr; async_send &rArr; app_timer_start
</UL>
<BR>[Calls]<UL><LI><a href="#[e9]">&gt;&gt;</a>&nbsp;&nbsp;&nbsp;L1_send
</UL>
<BR>[Called By]<UL><LI><a href="#[10c]">&gt;&gt;</a>&nbsp;&nbsp;&nbsp;resolve_private_bond_command
</UL>

<P><STRONG><a name="[12b]"></a>monthLength</STRONG> (Thumb, 30 bytes, Stack size 0 bytes, bd_wall_clock_timer.o(.text))
<BR><BR>[Called By]<UL><LI><a href="#[f6]">&gt;&gt;</a>&nbsp;&nbsp;&nbsp;set_system_clock
<LI><a href="#[131]">&gt;&gt;</a>&nbsp;&nbsp;&nbsp;convert_time_to_Second
<LI><a href="#[12a]">&gt;&gt;</a>&nbsp;&nbsp;&nbsp;ConvertToUTCTime
</UL>

<P><STRONG><a name="[12a]"></a>ConvertToUTCTime</STRONG> (Thumb, 258 bytes, Stack size 24 bytes, bd_wall_clock_timer.o(.text))
<BR><BR>[Stack]<UL><LI>Max Depth = 36<LI>Call Chain = ConvertToUTCTime &rArr; __aeabi_uidivmod
</UL>
<BR>[Calls]<UL><LI><a href="#[12b]">&gt;&gt;</a>&nbsp;&nbsp;&nbsp;monthLength
<LI><a href="#[d4]">&gt;&gt;</a>&nbsp;&nbsp;&nbsp;__aeabi_uidivmod
</UL>
<BR>[Called By]<UL><LI><a href="#[f4]">&gt;&gt;</a>&nbsp;&nbsp;&nbsp;get_wall_clock_time
<LI><a href="#[1ec]">&gt;&gt;</a>&nbsp;&nbsp;&nbsp;pre_restart_info_store
</UL>

<P><STRONG><a name="[12c]"></a>get_day_of_week</STRONG> (Thumb, 26 bytes, Stack size 8 bytes, bd_wall_clock_timer.o(.text))
<BR><BR>[Stack]<UL><LI>Max Depth = 20<LI>Call Chain = get_day_of_week &rArr; __aeabi_uidivmod
</UL>
<BR>[Calls]<UL><LI><a href="#[d4]">&gt;&gt;</a>&nbsp;&nbsp;&nbsp;__aeabi_uidivmod
</UL>
<BR>[Called By]<UL><LI><a href="#[12d]">&gt;&gt;</a>&nbsp;&nbsp;&nbsp;check_alarm
</UL>

<P><STRONG><a name="[f4]"></a>get_wall_clock_time</STRONG> (Thumb, 30 bytes, Stack size 8 bytes, bd_wall_clock_timer.o(.text))
<BR><BR>[Stack]<UL><LI>Max Depth = 44<LI>Call Chain = get_wall_clock_time &rArr; ConvertToUTCTime &rArr; __aeabi_uidivmod
</UL>
<BR>[Calls]<UL><LI><a href="#[12a]">&gt;&gt;</a>&nbsp;&nbsp;&nbsp;ConvertToUTCTime
</UL>
<BR>[Called By]<UL><LI><a href="#[100]">&gt;&gt;</a>&nbsp;&nbsp;&nbsp;is_systme_clock_valid
<LI><a href="#[f3]">&gt;&gt;</a>&nbsp;&nbsp;&nbsp;resolve_settings_config_command
<LI><a href="#[1a6]">&gt;&gt;</a>&nbsp;&nbsp;&nbsp;update_sports_head
<LI><a href="#[1a3]">&gt;&gt;</a>&nbsp;&nbsp;&nbsp;update_sleep_head
<LI><a href="#[17e]">&gt;&gt;</a>&nbsp;&nbsp;&nbsp;reset_sports_head
<LI><a href="#[17f]">&gt;&gt;</a>&nbsp;&nbsp;&nbsp;reset_cur_sports_data
<LI><a href="#[130]">&gt;&gt;</a>&nbsp;&nbsp;&nbsp;minute_timer_handler
<LI><a href="#[12d]">&gt;&gt;</a>&nbsp;&nbsp;&nbsp;check_alarm
<LI><a href="#[1e7]">&gt;&gt;</a>&nbsp;&nbsp;&nbsp;store_time_to_flash_v2
<LI><a href="#[1ce]">&gt;&gt;</a>&nbsp;&nbsp;&nbsp;bluetooth_log
<LI><a href="#[1c1]">&gt;&gt;</a>&nbsp;&nbsp;&nbsp;update_sleep_setting_head
</UL>

<P><STRONG><a name="[12d]"></a>check_alarm</STRONG> (Thumb, 210 bytes, Stack size 24 bytes, bd_wall_clock_timer.o(.text))
<BR><BR>[Stack]<UL><LI>Max Depth = 136<LI>Call Chain = check_alarm &rArr; notification_start &rArr; show_step_task_complete_status &rArr; led_action_control &rArr; led_action_control_with_interval &rArr; _led_action_control_with_interval &rArr; led_schedule_timer_handle &rArr; led_action_stop &rArr;  update_charging_status (Cycle)
</UL>
<BR>[Calls]<UL><LI><a href="#[f4]">&gt;&gt;</a>&nbsp;&nbsp;&nbsp;get_wall_clock_time
<LI><a href="#[87]">&gt;&gt;</a>&nbsp;&nbsp;&nbsp;notification_start
<LI><a href="#[12f]">&gt;&gt;</a>&nbsp;&nbsp;&nbsp;get_alarm_number
<LI><a href="#[12e]">&gt;&gt;</a>&nbsp;&nbsp;&nbsp;get_alarm
<LI><a href="#[12c]">&gt;&gt;</a>&nbsp;&nbsp;&nbsp;get_day_of_week
</UL>
<BR>[Called By]<UL><LI><a href="#[43]">&gt;&gt;</a>&nbsp;&nbsp;&nbsp;update_wall_clock
</UL>

<P><STRONG><a name="[a2]"></a>system_clock_init</STRONG> (Thumb, 76 bytes, Stack size 8 bytes, bd_wall_clock_timer.o(.text))
<BR><BR>[Stack]<UL><LI>Max Depth = 264<LI>Call Chain = system_clock_init &rArr; app_error_handler &rArr; ble_debug_assert_handler &rArr; pre_restart_info_store &rArr; save_curr_health_data &rArr; save_quarter_distance_data &rArr; save_sport_group_data &rArr; get_next_sport_write_group_address &rArr; ble_flash_page_delay_erase &rArr; ble_flash_page_erase
</UL>
<BR>[Calls]<UL><LI><a href="#[7b]">&gt;&gt;</a>&nbsp;&nbsp;&nbsp;app_timer_start
<LI><a href="#[6e]">&gt;&gt;</a>&nbsp;&nbsp;&nbsp;app_timer_create
<LI><a href="#[5f]">&gt;&gt;</a>&nbsp;&nbsp;&nbsp;app_error_handler
</UL>
<BR>[Called By]<UL><LI><a href="#[9f]">&gt;&gt;</a>&nbsp;&nbsp;&nbsp;init2
</UL>

<P><STRONG><a name="[131]"></a>convert_time_to_Second</STRONG> (Thumb, 182 bytes, Stack size 24 bytes, bd_wall_clock_timer.o(.text))
<BR><BR>[Stack]<UL><LI>Max Depth = 36<LI>Call Chain = convert_time_to_Second &rArr; __aeabi_uidivmod
</UL>
<BR>[Calls]<UL><LI><a href="#[12b]">&gt;&gt;</a>&nbsp;&nbsp;&nbsp;monthLength
<LI><a href="#[d4]">&gt;&gt;</a>&nbsp;&nbsp;&nbsp;__aeabi_uidivmod
</UL>
<BR>[Called By]<UL><LI><a href="#[176]">&gt;&gt;</a>&nbsp;&nbsp;&nbsp;sleep_evt_handler
<LI><a href="#[1bf]">&gt;&gt;</a>&nbsp;&nbsp;&nbsp;switch_sleep_state
</UL>

<P><STRONG><a name="[f6]"></a>set_system_clock</STRONG> (Thumb, 262 bytes, Stack size 24 bytes, bd_wall_clock_timer.o(.text))
<BR><BR>[Stack]<UL><LI>Max Depth = 56<LI>Call Chain = set_system_clock &rArr; app_timer_start
</UL>
<BR>[Calls]<UL><LI><a href="#[7e]">&gt;&gt;</a>&nbsp;&nbsp;&nbsp;app_timer_stop
<LI><a href="#[7b]">&gt;&gt;</a>&nbsp;&nbsp;&nbsp;app_timer_start
<LI><a href="#[12b]">&gt;&gt;</a>&nbsp;&nbsp;&nbsp;monthLength
<LI><a href="#[d4]">&gt;&gt;</a>&nbsp;&nbsp;&nbsp;__aeabi_uidivmod
</UL>
<BR>[Called By]<UL><LI><a href="#[f3]">&gt;&gt;</a>&nbsp;&nbsp;&nbsp;resolve_settings_config_command
</UL>

<P><STRONG><a name="[fb]"></a>return_alarm_list</STRONG> (Thumb, 150 bytes, Stack size 32 bytes, bd_wall_clock_timer.o(.text))
<BR><BR>[Stack]<UL><LI>Max Depth = 152<LI>Call Chain = return_alarm_list &rArr; L1_send &rArr; schedule_async_send &rArr; async_send &rArr; app_timer_start
</UL>
<BR>[Calls]<UL><LI><a href="#[e9]">&gt;&gt;</a>&nbsp;&nbsp;&nbsp;L1_send
<LI><a href="#[12f]">&gt;&gt;</a>&nbsp;&nbsp;&nbsp;get_alarm_number
<LI><a href="#[12e]">&gt;&gt;</a>&nbsp;&nbsp;&nbsp;get_alarm
</UL>
<BR>[Called By]<UL><LI><a href="#[f3]">&gt;&gt;</a>&nbsp;&nbsp;&nbsp;resolve_settings_config_command
</UL>

<P><STRONG><a name="[179]"></a>get_wall_clock_time_counter</STRONG> (Thumb, 6 bytes, Stack size 0 bytes, bd_wall_clock_timer.o(.text))
<BR><BR>[Called By]<UL><LI><a href="#[18a]">&gt;&gt;</a>&nbsp;&nbsp;&nbsp;update_sleep_status
<LI><a href="#[178]">&gt;&gt;</a>&nbsp;&nbsp;&nbsp;update_algorithm_timestamp
<LI><a href="#[11c]">&gt;&gt;</a>&nbsp;&nbsp;&nbsp;two_Double_tap_handle
<LI><a href="#[1ec]">&gt;&gt;</a>&nbsp;&nbsp;&nbsp;pre_restart_info_store
</UL>

<P><STRONG><a name="[132]"></a>set_wall_clock_time_counter</STRONG> (Thumb, 26 bytes, Stack size 8 bytes, bd_wall_clock_timer.o(.text))
<BR><BR>[Stack]<UL><LI>Max Depth = 40<LI>Call Chain = set_wall_clock_time_counter &rArr; app_timer_start
</UL>
<BR>[Calls]<UL><LI><a href="#[7e]">&gt;&gt;</a>&nbsp;&nbsp;&nbsp;app_timer_stop
<LI><a href="#[7b]">&gt;&gt;</a>&nbsp;&nbsp;&nbsp;app_timer_start
</UL>
<BR>[Called By]<UL><LI><a href="#[b4]">&gt;&gt;</a>&nbsp;&nbsp;&nbsp;restore_backup_info_from_flash
</UL>

<P><STRONG><a name="[100]"></a>is_systme_clock_valid</STRONG> (Thumb, 24 bytes, Stack size 8 bytes, bd_wall_clock_timer.o(.text))
<BR><BR>[Stack]<UL><LI>Max Depth = 52<LI>Call Chain = is_systme_clock_valid &rArr; get_wall_clock_time &rArr; ConvertToUTCTime &rArr; __aeabi_uidivmod
</UL>
<BR>[Calls]<UL><LI><a href="#[f4]">&gt;&gt;</a>&nbsp;&nbsp;&nbsp;get_wall_clock_time
</UL>
<BR>[Called By]<UL><LI><a href="#[f3]">&gt;&gt;</a>&nbsp;&nbsp;&nbsp;resolve_settings_config_command
</UL>

<P><STRONG><a name="[9e]"></a>hal_acc_init</STRONG> (Thumb, 2 bytes, Stack size 0 bytes, bd_hal_acc.o(.text))
<BR><BR>[Stack]<UL><LI>Max Depth = 68<LI>Call Chain = hal_acc_init &rArr; LIS3DH_Init &rArr; LIS3DH_SetODR &rArr; LIS3DH_WriteReg &rArr; spi_master_tx_rx
</UL>
<BR>[Calls]<UL><LI><a href="#[133]">&gt;&gt;</a>&nbsp;&nbsp;&nbsp;LIS3DH_Init
</UL>
<BR>[Called By]<UL><LI><a href="#[97]">&gt;&gt;</a>&nbsp;&nbsp;&nbsp;init1
</UL>

<P><STRONG><a name="[e6]"></a>hal_acc_reset</STRONG> (Thumb, 186 bytes, Stack size 8 bytes, bd_hal_acc.o(.text))
<BR><BR>[Stack]<UL><LI>Max Depth = 68<LI>Call Chain = hal_acc_reset &rArr; LIS3DH_FIFOModeEnable &rArr; LIS3DH_WriteReg &rArr; spi_master_tx_rx
</UL>
<BR>[Calls]<UL><LI><a href="#[61]">&gt;&gt;</a>&nbsp;&nbsp;&nbsp;assert_nrf_callback
<LI><a href="#[135]">&gt;&gt;</a>&nbsp;&nbsp;&nbsp;spi_master_enable
<LI><a href="#[140]">&gt;&gt;</a>&nbsp;&nbsp;&nbsp;spi_master_disable
<LI><a href="#[137]">&gt;&gt;</a>&nbsp;&nbsp;&nbsp;LIS3DH_WriteReg
<LI><a href="#[141]">&gt;&gt;</a>&nbsp;&nbsp;&nbsp;LIS3DH_RESET_MEM
<LI><a href="#[138]">&gt;&gt;</a>&nbsp;&nbsp;&nbsp;LIS3DH_FIFOModeEnable
</UL>
<BR>[Called By]<UL><LI><a href="#[81]">&gt;&gt;</a>&nbsp;&nbsp;&nbsp;trigger_ota_mode
</UL>

<P><STRONG><a name="[142]"></a>hal_acc_ConfigClick</STRONG> (Thumb, 90 bytes, Stack size 16 bytes, bd_hal_acc.o(.text), UNUSED)
<BR><BR>[Calls]<UL><LI><a href="#[135]">&gt;&gt;</a>&nbsp;&nbsp;&nbsp;spi_master_enable
<LI><a href="#[140]">&gt;&gt;</a>&nbsp;&nbsp;&nbsp;spi_master_disable
<LI><a href="#[145]">&gt;&gt;</a>&nbsp;&nbsp;&nbsp;LIS3DH_SetClickWINDOW
<LI><a href="#[146]">&gt;&gt;</a>&nbsp;&nbsp;&nbsp;LIS3DH_SetClickTHS
<LI><a href="#[143]">&gt;&gt;</a>&nbsp;&nbsp;&nbsp;LIS3DH_SetClickLIMIT
<LI><a href="#[144]">&gt;&gt;</a>&nbsp;&nbsp;&nbsp;LIS3DH_SetClickLATENCY
<LI><a href="#[13e]">&gt;&gt;</a>&nbsp;&nbsp;&nbsp;LIS3DH_SetClickCFG
</UL>
<BR>[Called By]<UL><LI><a href="#[147]">&gt;&gt;</a>&nbsp;&nbsp;&nbsp;hal_acc_config_Dtap
</UL>

<P><STRONG><a name="[147]"></a>hal_acc_config_Dtap</STRONG> (Thumb, 46 bytes, Stack size 8 bytes, bd_hal_acc.o(.text), UNUSED)
<BR><BR>[Calls]<UL><LI><a href="#[135]">&gt;&gt;</a>&nbsp;&nbsp;&nbsp;spi_master_enable
<LI><a href="#[140]">&gt;&gt;</a>&nbsp;&nbsp;&nbsp;spi_master_disable
<LI><a href="#[149]">&gt;&gt;</a>&nbsp;&nbsp;&nbsp;LIS3DH_SetInt2Pin
<LI><a href="#[148]">&gt;&gt;</a>&nbsp;&nbsp;&nbsp;LIS3DH_Int1LatchEnable
<LI><a href="#[142]">&gt;&gt;</a>&nbsp;&nbsp;&nbsp;hal_acc_ConfigClick
</UL>

<P><STRONG><a name="[14a]"></a>hal_acc_config_wake_int</STRONG> (Thumb, 74 bytes, Stack size 8 bytes, bd_hal_acc.o(.text))
<BR><BR>[Stack]<UL><LI>Max Depth = 76<LI>Call Chain = hal_acc_config_wake_int &rArr; LIS3DH_SetInt6D4DConfiguration &rArr; LIS3DH_WriteReg &rArr; spi_master_tx_rx
</UL>
<BR>[Calls]<UL><LI><a href="#[135]">&gt;&gt;</a>&nbsp;&nbsp;&nbsp;spi_master_enable
<LI><a href="#[140]">&gt;&gt;</a>&nbsp;&nbsp;&nbsp;spi_master_disable
<LI><a href="#[14d]">&gt;&gt;</a>&nbsp;&nbsp;&nbsp;LIS3DH_SetIntMode
<LI><a href="#[13f]">&gt;&gt;</a>&nbsp;&nbsp;&nbsp;LIS3DH_SetIntConfiguration
<LI><a href="#[14e]">&gt;&gt;</a>&nbsp;&nbsp;&nbsp;LIS3DH_SetInt6D4DConfiguration
<LI><a href="#[14b]">&gt;&gt;</a>&nbsp;&nbsp;&nbsp;LIS3DH_SetInt1Threshold
<LI><a href="#[14f]">&gt;&gt;</a>&nbsp;&nbsp;&nbsp;LIS3DH_SetInt1Pin
<LI><a href="#[14c]">&gt;&gt;</a>&nbsp;&nbsp;&nbsp;LIS3DH_SetInt1Duration
<LI><a href="#[148]">&gt;&gt;</a>&nbsp;&nbsp;&nbsp;LIS3DH_Int1LatchEnable
</UL>
<BR>[Called By]<UL><LI><a href="#[0]">&gt;&gt;</a>&nbsp;&nbsp;&nbsp;LIS3DH_INT1_event_handler
</UL>

<P><STRONG><a name="[150]"></a>hal_acc_PowerDown</STRONG> (Thumb, 22 bytes, Stack size 8 bytes, bd_hal_acc.o(.text))
<BR><BR>[Stack]<UL><LI>Max Depth = 68<LI>Call Chain = hal_acc_PowerDown &rArr; LIS3DH_SetMode &rArr; LIS3DH_WriteReg &rArr; spi_master_tx_rx
</UL>
<BR>[Calls]<UL><LI><a href="#[135]">&gt;&gt;</a>&nbsp;&nbsp;&nbsp;spi_master_enable
<LI><a href="#[140]">&gt;&gt;</a>&nbsp;&nbsp;&nbsp;spi_master_disable
<LI><a href="#[13a]">&gt;&gt;</a>&nbsp;&nbsp;&nbsp;LIS3DH_SetMode
</UL>
<BR>[Called By]<UL><LI><a href="#[b2]">&gt;&gt;</a>&nbsp;&nbsp;&nbsp;power_system_off
<LI><a href="#[1b5]">&gt;&gt;</a>&nbsp;&nbsp;&nbsp;sd_system_off
</UL>

<P><STRONG><a name="[ae]"></a>hal_acc_enable</STRONG> (Thumb, 22 bytes, Stack size 8 bytes, bd_hal_acc.o(.text))
<BR><BR>[Stack]<UL><LI>Max Depth = 68<LI>Call Chain = hal_acc_enable &rArr; LIS3DH_SetMode &rArr; LIS3DH_WriteReg &rArr; spi_master_tx_rx
</UL>
<BR>[Calls]<UL><LI><a href="#[135]">&gt;&gt;</a>&nbsp;&nbsp;&nbsp;spi_master_enable
<LI><a href="#[140]">&gt;&gt;</a>&nbsp;&nbsp;&nbsp;spi_master_disable
<LI><a href="#[13a]">&gt;&gt;</a>&nbsp;&nbsp;&nbsp;LIS3DH_SetMode
</UL>
<BR>[Called By]<UL><LI><a href="#[9f]">&gt;&gt;</a>&nbsp;&nbsp;&nbsp;init2
<LI><a href="#[17b]">&gt;&gt;</a>&nbsp;&nbsp;&nbsp;start_health_algorithm
</UL>

<P><STRONG><a name="[151]"></a>hal_acc_GetFifoData</STRONG> (Thumb, 96 bytes, Stack size 24 bytes, bd_hal_acc.o(.text))
<BR><BR>[Stack]<UL><LI>Max Depth = 84<LI>Call Chain = hal_acc_GetFifoData &rArr; LIS3DH_GetFifoSourceFSS &rArr; LIS3DH_ReadReg &rArr; spi_master_tx_rx
</UL>
<BR>[Calls]<UL><LI><a href="#[135]">&gt;&gt;</a>&nbsp;&nbsp;&nbsp;spi_master_enable
<LI><a href="#[140]">&gt;&gt;</a>&nbsp;&nbsp;&nbsp;spi_master_disable
<LI><a href="#[153]">&gt;&gt;</a>&nbsp;&nbsp;&nbsp;LIS3DH_GetFifoSourceFSS
<LI><a href="#[152]">&gt;&gt;</a>&nbsp;&nbsp;&nbsp;LIS3DH_GetFifoSourceBit
<LI><a href="#[154]">&gt;&gt;</a>&nbsp;&nbsp;&nbsp;LIS3DH_GetAccAxesRaw
</UL>
<BR>[Called By]<UL><LI><a href="#[2d]">&gt;&gt;</a>&nbsp;&nbsp;&nbsp;sensor_timer_handle
<LI><a href="#[1b3]">&gt;&gt;</a>&nbsp;&nbsp;&nbsp;sensor_test
<LI><a href="#[1b2]">&gt;&gt;</a>&nbsp;&nbsp;&nbsp;get_sensor_data
</UL>

<P><STRONG><a name="[136]"></a>LIS3DH_ReadReg</STRONG> (Thumb, 44 bytes, Stack size 8 bytes, bd_lis3dh_driver.o(.text))
<BR><BR>[Stack]<UL><LI>Max Depth = 44<LI>Call Chain = LIS3DH_ReadReg &rArr; spi_master_tx_rx
</UL>
<BR>[Calls]<UL><LI><a href="#[61]">&gt;&gt;</a>&nbsp;&nbsp;&nbsp;assert_nrf_callback
<LI><a href="#[155]">&gt;&gt;</a>&nbsp;&nbsp;&nbsp;spi_master_tx_rx
</UL>
<BR>[Called By]<UL><LI><a href="#[16f]">&gt;&gt;</a>&nbsp;&nbsp;&nbsp;LIS3DH_SetSPIInterface
<LI><a href="#[16e]">&gt;&gt;</a>&nbsp;&nbsp;&nbsp;LIS3DH_GetFifoSourceReg
<LI><a href="#[16d]">&gt;&gt;</a>&nbsp;&nbsp;&nbsp;LIS3DH_GetInt1SrcBit
<LI><a href="#[16c]">&gt;&gt;</a>&nbsp;&nbsp;&nbsp;LIS3DH_GetInt1Src
<LI><a href="#[16b]">&gt;&gt;</a>&nbsp;&nbsp;&nbsp;LIS3DH_GetStatusBit
<LI><a href="#[16a]">&gt;&gt;</a>&nbsp;&nbsp;&nbsp;LIS3DH_GetStatusReg
<LI><a href="#[169]">&gt;&gt;</a>&nbsp;&nbsp;&nbsp;LIS3DH_SetWaterMark
<LI><a href="#[168]">&gt;&gt;</a>&nbsp;&nbsp;&nbsp;LIS3DH_SetTriggerInt
<LI><a href="#[167]">&gt;&gt;</a>&nbsp;&nbsp;&nbsp;LIS3DH_Get6DPosition
<LI><a href="#[166]">&gt;&gt;</a>&nbsp;&nbsp;&nbsp;LIS3DH_ResetInt1Latch
<LI><a href="#[165]">&gt;&gt;</a>&nbsp;&nbsp;&nbsp;LIS3DH_GetClickResponse
<LI><a href="#[164]">&gt;&gt;</a>&nbsp;&nbsp;&nbsp;LIS3DH_SetFilterDataSel
<LI><a href="#[163]">&gt;&gt;</a>&nbsp;&nbsp;&nbsp;LIS3DH_SetHPFCutOFF
<LI><a href="#[162]">&gt;&gt;</a>&nbsp;&nbsp;&nbsp;LIS3DH_SetHPFMode
<LI><a href="#[161]">&gt;&gt;</a>&nbsp;&nbsp;&nbsp;LIS3DH_HPFAOI2Enable
<LI><a href="#[160]">&gt;&gt;</a>&nbsp;&nbsp;&nbsp;LIS3DH_HPFAOI1Enable
<LI><a href="#[15f]">&gt;&gt;</a>&nbsp;&nbsp;&nbsp;LIS3DH_HPFClickEnable
<LI><a href="#[15e]">&gt;&gt;</a>&nbsp;&nbsp;&nbsp;LIS3DH_SetSelfTest
<LI><a href="#[15d]">&gt;&gt;</a>&nbsp;&nbsp;&nbsp;LIS3DH_SetBLE
<LI><a href="#[15c]">&gt;&gt;</a>&nbsp;&nbsp;&nbsp;LIS3DH_GetTempRaw
<LI><a href="#[15b]">&gt;&gt;</a>&nbsp;&nbsp;&nbsp;LIS3DH_GetAuxRaw
<LI><a href="#[15a]">&gt;&gt;</a>&nbsp;&nbsp;&nbsp;LIS3DH_SetADCAux
<LI><a href="#[159]">&gt;&gt;</a>&nbsp;&nbsp;&nbsp;LIS3DH_SetTemperature
<LI><a href="#[158]">&gt;&gt;</a>&nbsp;&nbsp;&nbsp;LIS3DH_GetStatusAUXBit
<LI><a href="#[157]">&gt;&gt;</a>&nbsp;&nbsp;&nbsp;LIS3DH_GetStatusAUX
<LI><a href="#[156]">&gt;&gt;</a>&nbsp;&nbsp;&nbsp;LIS3DH_GetWHO_AM_I
<LI><a href="#[13b]">&gt;&gt;</a>&nbsp;&nbsp;&nbsp;LIS3DH_SetODR
<LI><a href="#[13a]">&gt;&gt;</a>&nbsp;&nbsp;&nbsp;LIS3DH_SetMode
<LI><a href="#[14d]">&gt;&gt;</a>&nbsp;&nbsp;&nbsp;LIS3DH_SetIntMode
<LI><a href="#[13f]">&gt;&gt;</a>&nbsp;&nbsp;&nbsp;LIS3DH_SetIntConfiguration
<LI><a href="#[14e]">&gt;&gt;</a>&nbsp;&nbsp;&nbsp;LIS3DH_SetInt6D4DConfiguration
<LI><a href="#[149]">&gt;&gt;</a>&nbsp;&nbsp;&nbsp;LIS3DH_SetInt2Pin
<LI><a href="#[14f]">&gt;&gt;</a>&nbsp;&nbsp;&nbsp;LIS3DH_SetInt1Pin
<LI><a href="#[13c]">&gt;&gt;</a>&nbsp;&nbsp;&nbsp;LIS3DH_SetFullScale
<LI><a href="#[13e]">&gt;&gt;</a>&nbsp;&nbsp;&nbsp;LIS3DH_SetClickCFG
<LI><a href="#[13d]">&gt;&gt;</a>&nbsp;&nbsp;&nbsp;LIS3DH_SetBDU
<LI><a href="#[139]">&gt;&gt;</a>&nbsp;&nbsp;&nbsp;LIS3DH_SetAxis
<LI><a href="#[141]">&gt;&gt;</a>&nbsp;&nbsp;&nbsp;LIS3DH_RESET_MEM
<LI><a href="#[148]">&gt;&gt;</a>&nbsp;&nbsp;&nbsp;LIS3DH_Int1LatchEnable
<LI><a href="#[153]">&gt;&gt;</a>&nbsp;&nbsp;&nbsp;LIS3DH_GetFifoSourceFSS
<LI><a href="#[152]">&gt;&gt;</a>&nbsp;&nbsp;&nbsp;LIS3DH_GetFifoSourceBit
<LI><a href="#[138]">&gt;&gt;</a>&nbsp;&nbsp;&nbsp;LIS3DH_FIFOModeEnable
<LI><a href="#[133]">&gt;&gt;</a>&nbsp;&nbsp;&nbsp;LIS3DH_Init
</UL>

<P><STRONG><a name="[137]"></a>LIS3DH_WriteReg</STRONG> (Thumb, 46 bytes, Stack size 8 bytes, bd_lis3dh_driver.o(.text))
<BR><BR>[Stack]<UL><LI>Max Depth = 44<LI>Call Chain = LIS3DH_WriteReg &rArr; spi_master_tx_rx
</UL>
<BR>[Calls]<UL><LI><a href="#[61]">&gt;&gt;</a>&nbsp;&nbsp;&nbsp;assert_nrf_callback
<LI><a href="#[155]">&gt;&gt;</a>&nbsp;&nbsp;&nbsp;spi_master_tx_rx
</UL>
<BR>[Called By]<UL><LI><a href="#[e6]">&gt;&gt;</a>&nbsp;&nbsp;&nbsp;hal_acc_reset
<LI><a href="#[170]">&gt;&gt;</a>&nbsp;&nbsp;&nbsp;LIS3DH_enableFiFo
<LI><a href="#[16f]">&gt;&gt;</a>&nbsp;&nbsp;&nbsp;LIS3DH_SetSPIInterface
<LI><a href="#[169]">&gt;&gt;</a>&nbsp;&nbsp;&nbsp;LIS3DH_SetWaterMark
<LI><a href="#[168]">&gt;&gt;</a>&nbsp;&nbsp;&nbsp;LIS3DH_SetTriggerInt
<LI><a href="#[164]">&gt;&gt;</a>&nbsp;&nbsp;&nbsp;LIS3DH_SetFilterDataSel
<LI><a href="#[163]">&gt;&gt;</a>&nbsp;&nbsp;&nbsp;LIS3DH_SetHPFCutOFF
<LI><a href="#[162]">&gt;&gt;</a>&nbsp;&nbsp;&nbsp;LIS3DH_SetHPFMode
<LI><a href="#[161]">&gt;&gt;</a>&nbsp;&nbsp;&nbsp;LIS3DH_HPFAOI2Enable
<LI><a href="#[160]">&gt;&gt;</a>&nbsp;&nbsp;&nbsp;LIS3DH_HPFAOI1Enable
<LI><a href="#[15f]">&gt;&gt;</a>&nbsp;&nbsp;&nbsp;LIS3DH_HPFClickEnable
<LI><a href="#[15e]">&gt;&gt;</a>&nbsp;&nbsp;&nbsp;LIS3DH_SetSelfTest
<LI><a href="#[15d]">&gt;&gt;</a>&nbsp;&nbsp;&nbsp;LIS3DH_SetBLE
<LI><a href="#[15a]">&gt;&gt;</a>&nbsp;&nbsp;&nbsp;LIS3DH_SetADCAux
<LI><a href="#[159]">&gt;&gt;</a>&nbsp;&nbsp;&nbsp;LIS3DH_SetTemperature
<LI><a href="#[13b]">&gt;&gt;</a>&nbsp;&nbsp;&nbsp;LIS3DH_SetODR
<LI><a href="#[13a]">&gt;&gt;</a>&nbsp;&nbsp;&nbsp;LIS3DH_SetMode
<LI><a href="#[14d]">&gt;&gt;</a>&nbsp;&nbsp;&nbsp;LIS3DH_SetIntMode
<LI><a href="#[13f]">&gt;&gt;</a>&nbsp;&nbsp;&nbsp;LIS3DH_SetIntConfiguration
<LI><a href="#[14e]">&gt;&gt;</a>&nbsp;&nbsp;&nbsp;LIS3DH_SetInt6D4DConfiguration
<LI><a href="#[149]">&gt;&gt;</a>&nbsp;&nbsp;&nbsp;LIS3DH_SetInt2Pin
<LI><a href="#[14b]">&gt;&gt;</a>&nbsp;&nbsp;&nbsp;LIS3DH_SetInt1Threshold
<LI><a href="#[14f]">&gt;&gt;</a>&nbsp;&nbsp;&nbsp;LIS3DH_SetInt1Pin
<LI><a href="#[14c]">&gt;&gt;</a>&nbsp;&nbsp;&nbsp;LIS3DH_SetInt1Duration
<LI><a href="#[13c]">&gt;&gt;</a>&nbsp;&nbsp;&nbsp;LIS3DH_SetFullScale
<LI><a href="#[145]">&gt;&gt;</a>&nbsp;&nbsp;&nbsp;LIS3DH_SetClickWINDOW
<LI><a href="#[146]">&gt;&gt;</a>&nbsp;&nbsp;&nbsp;LIS3DH_SetClickTHS
<LI><a href="#[143]">&gt;&gt;</a>&nbsp;&nbsp;&nbsp;LIS3DH_SetClickLIMIT
<LI><a href="#[144]">&gt;&gt;</a>&nbsp;&nbsp;&nbsp;LIS3DH_SetClickLATENCY
<LI><a href="#[13e]">&gt;&gt;</a>&nbsp;&nbsp;&nbsp;LIS3DH_SetClickCFG
<LI><a href="#[13d]">&gt;&gt;</a>&nbsp;&nbsp;&nbsp;LIS3DH_SetBDU
<LI><a href="#[139]">&gt;&gt;</a>&nbsp;&nbsp;&nbsp;LIS3DH_SetAxis
<LI><a href="#[141]">&gt;&gt;</a>&nbsp;&nbsp;&nbsp;LIS3DH_RESET_MEM
<LI><a href="#[148]">&gt;&gt;</a>&nbsp;&nbsp;&nbsp;LIS3DH_Int1LatchEnable
<LI><a href="#[138]">&gt;&gt;</a>&nbsp;&nbsp;&nbsp;LIS3DH_FIFOModeEnable
<LI><a href="#[133]">&gt;&gt;</a>&nbsp;&nbsp;&nbsp;LIS3DH_Init
</UL>

<P><STRONG><a name="[156]"></a>LIS3DH_GetWHO_AM_I</STRONG> (Thumb, 18 bytes, Stack size 8 bytes, bd_lis3dh_driver.o(.text), UNUSED)
<BR><BR>[Calls]<UL><LI><a href="#[136]">&gt;&gt;</a>&nbsp;&nbsp;&nbsp;LIS3DH_ReadReg
</UL>

<P><STRONG><a name="[157]"></a>LIS3DH_GetStatusAUX</STRONG> (Thumb, 18 bytes, Stack size 8 bytes, bd_lis3dh_driver.o(.text), UNUSED)
<BR><BR>[Calls]<UL><LI><a href="#[136]">&gt;&gt;</a>&nbsp;&nbsp;&nbsp;LIS3DH_ReadReg
</UL>

[...]
</UL>
<BR>[Called By]<UL><LI><a href="#[25]">&gt;&gt;</a>&nbsp;&nbsp;&nbsp;SWI0_IRQHandler
</UL>

<P><STRONG><a name="[205]"></a>list_deletions_handler</STRONG> (Thumb, 144 bytes, Stack size 24 bytes, app_timer.o(.text))
<BR><BR>[Stack]<UL><LI>Max Depth = 40<LI>Call Chain = list_deletions_handler &rArr; timer_list_remove
</UL>
<BR>[Calls]<UL><LI><a href="#[20d]">&gt;&gt;</a>&nbsp;&nbsp;&nbsp;timer_list_remove
</UL>
<BR>[Called By]<UL><LI><a href="#[25]">&gt;&gt;</a>&nbsp;&nbsp;&nbsp;SWI0_IRQHandler
</UL>

<P><STRONG><a name="[206]"></a>expired_timers_handler</STRONG> (Thumb, 82 bytes, Stack size 32 bytes, app_timer.o(.text))
<BR><BR>[Stack]<UL><LI>Max Depth = 32<LI>Call Chain = expired_timers_handler
</UL>
<BR>[Called By]<UL><LI><a href="#[25]">&gt;&gt;</a>&nbsp;&nbsp;&nbsp;SWI0_IRQHandler
</UL>

<P><STRONG><a name="[207]"></a>compare_reg_update</STRONG> (Thumb, 134 bytes, Stack size 24 bytes, app_timer.o(.text))
<BR><BR>[Stack]<UL><LI>Max Depth = 32<LI>Call Chain = compare_reg_update &rArr; rtc1_stop
</UL>
<BR>[Calls]<UL><LI><a href="#[5e]">&gt;&gt;</a>&nbsp;&nbsp;&nbsp;__asm___11_app_timer_c_cd27f9c3__nrf_delay_us
<LI><a href="#[208]">&gt;&gt;</a>&nbsp;&nbsp;&nbsp;rtc1_stop
</UL>
<BR>[Called By]<UL><LI><a href="#[25]">&gt;&gt;</a>&nbsp;&nbsp;&nbsp;SWI0_IRQHandler
</UL>

<P><STRONG><a name="[20b]"></a>user_op_alloc</STRONG> (Thumb, 36 bytes, Stack size 0 bytes, app_timer.o(.text))
<BR><BR>[Called By]<UL><LI><a href="#[7e]">&gt;&gt;</a>&nbsp;&nbsp;&nbsp;app_timer_stop
<LI><a href="#[7b]">&gt;&gt;</a>&nbsp;&nbsp;&nbsp;app_timer_start
<LI><a href="#[20c]">&gt;&gt;</a>&nbsp;&nbsp;&nbsp;app_timer_stop_all
</UL>

<P><STRONG><a name="[20d]"></a>timer_list_remove</STRONG> (Thumb, 88 bytes, Stack size 16 bytes, app_timer.o(.text))
<BR><BR>[Stack]<UL><LI>Max Depth = 16<LI>Call Chain = timer_list_remove
</UL>
<BR>[Called By]<UL><LI><a href="#[205]">&gt;&gt;</a>&nbsp;&nbsp;&nbsp;list_deletions_handler
</UL>

<P><STRONG><a name="[20e]"></a>bond_info_store</STRONG> (Thumb, 124 bytes, Stack size 16 bytes, ble_bondmngr.o(.text))
<BR><BR>[Stack]<UL><LI>Max Depth = 56<LI>Call Chain = bond_info_store &rArr; ble_flash_block_write &rArr; flash_word_write
</UL>
<BR>[Calls]<UL><LI><a href="#[76]">&gt;&gt;</a>&nbsp;&nbsp;&nbsp;ble_flash_page_addr
<LI><a href="#[125]">&gt;&gt;</a>&nbsp;&nbsp;&nbsp;ble_flash_word_write
<LI><a href="#[123]">&gt;&gt;</a>&nbsp;&nbsp;&nbsp;ble_flash_crc16_compute
<LI><a href="#[124]">&gt;&gt;</a>&nbsp;&nbsp;&nbsp;ble_flash_block_write
<LI><a href="#[d4]">&gt;&gt;</a>&nbsp;&nbsp;&nbsp;__aeabi_uidivmod
</UL>
<BR>[Called By]<UL><LI><a href="#[89]">&gt;&gt;</a>&nbsp;&nbsp;&nbsp;ble_bondmngr_bonded_masters_store
<LI><a href="#[217]">&gt;&gt;</a>&nbsp;&nbsp;&nbsp;auth_status_update
<LI><a href="#[210]">&gt;&gt;</a>&nbsp;&nbsp;&nbsp;on_auth_status_from_new_master
<LI><a href="#[21f]">&gt;&gt;</a>&nbsp;&nbsp;&nbsp;ble_bondmngr_bonded_master_delete
</UL>

<P><STRONG><a name="[20f]"></a>sys_attr_store</STRONG> (Thumb, 124 bytes, Stack size 16 bytes, ble_bondmngr.o(.text))
<BR><BR>[Stack]<UL><LI>Max Depth = 56<LI>Call Chain = sys_attr_store &rArr; ble_flash_block_write &rArr; flash_word_write
</UL>
<BR>[Calls]<UL><LI><a href="#[76]">&gt;&gt;</a>&nbsp;&nbsp;&nbsp;ble_flash_page_addr
<LI><a href="#[125]">&gt;&gt;</a>&nbsp;&nbsp;&nbsp;ble_flash_word_write
<LI><a href="#[123]">&gt;&gt;</a>&nbsp;&nbsp;&nbsp;ble_flash_crc16_compute
<LI><a href="#[124]">&gt;&gt;</a>&nbsp;&nbsp;&nbsp;ble_flash_block_write
<LI><a href="#[d4]">&gt;&gt;</a>&nbsp;&nbsp;&nbsp;__aeabi_uidivmod
</UL>
<BR>[Called By]<UL><LI><a href="#[89]">&gt;&gt;</a>&nbsp;&nbsp;&nbsp;ble_bondmngr_bonded_masters_store
<LI><a href="#[21f]">&gt;&gt;</a>&nbsp;&nbsp;&nbsp;ble_bondmngr_bonded_master_delete
<LI><a href="#[21c]">&gt;&gt;</a>&nbsp;&nbsp;&nbsp;ble_bondmngr_sys_attr_store
</UL>

<P><STRONG><a name="[218]"></a>master_sys_attr_set</STRONG> (Thumb, 36 bytes, Stack size 0 bytes, ble_bondmngr.o(.text))
<BR><BR>[Called By]<UL><LI><a href="#[8d]">&gt;&gt;</a>&nbsp;&nbsp;&nbsp;ble_bondmngr_on_ble_evt
<LI><a href="#[21a]">&gt;&gt;</a>&nbsp;&nbsp;&nbsp;on_sec_update
</UL>

<P><STRONG><a name="[211]"></a>update_whitelist</STRONG> (Thumb, 90 bytes, Stack size 20 bytes, ble_bondmngr.o(.text))
<BR><BR>[Stack]<UL><LI>Max Depth = 20<LI>Call Chain = update_whitelist
</UL>
<BR>[Called By]<UL><LI><a href="#[21b]">&gt;&gt;</a>&nbsp;&nbsp;&nbsp;master_update
<LI><a href="#[213]">&gt;&gt;</a>&nbsp;&nbsp;&nbsp;load_all_from_flash
<LI><a href="#[210]">&gt;&gt;</a>&nbsp;&nbsp;&nbsp;on_auth_status_from_new_master
<LI><a href="#[21f]">&gt;&gt;</a>&nbsp;&nbsp;&nbsp;ble_bondmngr_bonded_master_delete
</UL>

<P><STRONG><a name="[210]"></a>on_auth_status_from_new_master</STRONG> (Thumb, 150 bytes, Stack size 32 bytes, ble_bondmngr.o(.text))
<BR><BR>[Stack]<UL><LI>Max Depth = 88<LI>Call Chain = on_auth_status_from_new_master &rArr; bond_info_store &rArr; ble_flash_block_write &rArr; flash_word_write
</UL>
<BR>[Calls]<UL><LI><a href="#[211]">&gt;&gt;</a>&nbsp;&nbsp;&nbsp;update_whitelist
<LI><a href="#[20e]">&gt;&gt;</a>&nbsp;&nbsp;&nbsp;bond_info_store
<LI><a href="#[126]">&gt;&gt;</a>&nbsp;&nbsp;&nbsp;__aeabi_memcpy4
<LI><a href="#[114]">&gt;&gt;</a>&nbsp;&nbsp;&nbsp;__aeabi_memcpy
</UL>
<BR>[Called By]<UL><LI><a href="#[8d]">&gt;&gt;</a>&nbsp;&nbsp;&nbsp;ble_bondmngr_on_ble_evt
</UL>

<P><STRONG><a name="[212]"></a>master_find_in_db</STRONG> (Thumb, 56 bytes, Stack size 8 bytes, ble_bondmngr.o(.text))
<BR><BR>[Stack]<UL><LI>Max Depth = 8<LI>Call Chain = master_find_in_db
</UL>
<BR>[Calls]<UL><LI><a href="#[126]">&gt;&gt;</a>&nbsp;&nbsp;&nbsp;__aeabi_memcpy4
</UL>
<BR>[Called By]<UL><LI><a href="#[8d]">&gt;&gt;</a>&nbsp;&nbsp;&nbsp;ble_bondmngr_on_ble_evt
<LI><a href="#[219]">&gt;&gt;</a>&nbsp;&nbsp;&nbsp;on_sec_info_request
</UL>

<P><STRONG><a name="[213]"></a>load_all_from_flash</STRONG> (Thumb, 170 bytes, Stack size 112 bytes, ble_bondmngr.o(.text))
<BR><BR>[Stack]<UL><LI>Max Depth = 136<LI>Call Chain = load_all_from_flash &rArr; sys_attr_load_from_flash &rArr; ble_flash_crc16_compute
</UL>
<BR>[Calls]<UL><LI><a href="#[215]">&gt;&gt;</a>&nbsp;&nbsp;&nbsp;sys_attr_load_from_flash
<LI><a href="#[214]">&gt;&gt;</a>&nbsp;&nbsp;&nbsp;bonding_info_load_from_flash
<LI><a href="#[211]">&gt;&gt;</a>&nbsp;&nbsp;&nbsp;update_whitelist
<LI><a href="#[126]">&gt;&gt;</a>&nbsp;&nbsp;&nbsp;__aeabi_memcpy4
</UL>
<BR>[Called By]<UL><LI><a href="#[a3]">&gt;&gt;</a>&nbsp;&nbsp;&nbsp;ble_bondmngr_init
</UL>

<P><STRONG><a name="[216]"></a>on_connect</STRONG> (Thumb, 180 bytes, Stack size 32 bytes, ble_bondmngr.o(.text))
<BR><BR>[Stack]<UL><LI>Max Depth = 44<LI>Call Chain = on_connect &rArr; memcmp
</UL>
<BR>[Calls]<UL><LI><a href="#[129]">&gt;&gt;</a>&nbsp;&nbsp;&nbsp;memcmp
<LI><a href="#[126]">&gt;&gt;</a>&nbsp;&nbsp;&nbsp;__aeabi_memcpy4
<LI><a href="#[114]">&gt;&gt;</a>&nbsp;&nbsp;&nbsp;__aeabi_memcpy
</UL>
<BR>[Called By]<UL><LI><a href="#[8d]">&gt;&gt;</a>&nbsp;&nbsp;&nbsp;ble_bondmngr_on_ble_evt
</UL>

<P><STRONG><a name="[217]"></a>auth_status_update</STRONG> (Thumb, 142 bytes, Stack size 24 bytes, ble_bondmngr.o(.text))
<BR><BR>[Stack]<UL><LI>Max Depth = 80<LI>Call Chain = auth_status_update &rArr; bond_info_store &rArr; ble_flash_block_write &rArr; flash_word_write
</UL>
<BR>[Calls]<UL><LI><a href="#[20e]">&gt;&gt;</a>&nbsp;&nbsp;&nbsp;bond_info_store
<LI><a href="#[63]">&gt;&gt;</a>&nbsp;&nbsp;&nbsp;__aeabi_memclr4
<LI><a href="#[126]">&gt;&gt;</a>&nbsp;&nbsp;&nbsp;__aeabi_memcpy4
<LI><a href="#[114]">&gt;&gt;</a>&nbsp;&nbsp;&nbsp;__aeabi_memcpy
</UL>
<BR>[Called By]<UL><LI><a href="#[8d]">&gt;&gt;</a>&nbsp;&nbsp;&nbsp;ble_bondmngr_on_ble_evt
</UL>

<P><STRONG><a name="[214]"></a>bonding_info_load_from_flash</STRONG> (Thumb, 110 bytes, Stack size 16 bytes, ble_bondmngr.o(.text))
<BR><BR>[Stack]<UL><LI>Max Depth = 24<LI>Call Chain = bonding_info_load_from_flash &rArr; ble_flash_crc16_compute
</UL>
<BR>[Calls]<UL><LI><a href="#[76]">&gt;&gt;</a>&nbsp;&nbsp;&nbsp;ble_flash_page_addr
<LI><a href="#[123]">&gt;&gt;</a>&nbsp;&nbsp;&nbsp;ble_flash_crc16_compute
<LI><a href="#[220]">&gt;&gt;</a>&nbsp;&nbsp;&nbsp;crc_extract
<LI><a href="#[126]">&gt;&gt;</a>&nbsp;&nbsp;&nbsp;__aeabi_memcpy4
</UL>
<BR>[Called By]<UL><LI><a href="#[213]">&gt;&gt;</a>&nbsp;&nbsp;&nbsp;load_all_from_flash
</UL>

<P><STRONG><a name="[215]"></a>sys_attr_load_from_flash</STRONG> (Thumb, 110 bytes, Stack size 16 bytes, ble_bondmngr.o(.text))
<BR><BR>[Stack]<UL><LI>Max Depth = 24<LI>Call Chain = sys_attr_load_from_flash &rArr; ble_flash_crc16_compute
</UL>
<BR>[Calls]<UL><LI><a href="#[76]">&gt;&gt;</a>&nbsp;&nbsp;&nbsp;ble_flash_page_addr
<LI><a href="#[123]">&gt;&gt;</a>&nbsp;&nbsp;&nbsp;ble_flash_crc16_compute
<LI><a href="#[220]">&gt;&gt;</a>&nbsp;&nbsp;&nbsp;crc_extract
<LI><a href="#[126]">&gt;&gt;</a>&nbsp;&nbsp;&nbsp;__aeabi_memcpy4
</UL>
<BR>[Called By]<UL><LI><a href="#[213]">&gt;&gt;</a>&nbsp;&nbsp;&nbsp;load_all_from_flash
</UL>

<P><STRONG><a name="[21d]"></a>flash_pages_erase</STRONG> (Thumb, 24 bytes, Stack size 8 bytes, ble_bondmngr.o(.text))
<BR><BR>[Stack]<UL><LI>Max Depth = 16<LI>Call Chain = flash_pages_erase &rArr; ble_flash_page_erase
</UL>
<BR>[Calls]<UL><LI><a href="#[94]">&gt;&gt;</a>&nbsp;&nbsp;&nbsp;ble_flash_page_erase
</UL>
<BR>[Called By]<UL><LI><a href="#[a3]">&gt;&gt;</a>&nbsp;&nbsp;&nbsp;ble_bondmngr_init
<LI><a href="#[88]">&gt;&gt;</a>&nbsp;&nbsp;&nbsp;ble_bondmngr_bonded_masters_delete
<LI><a href="#[21f]">&gt;&gt;</a>&nbsp;&nbsp;&nbsp;ble_bondmngr_bonded_master_delete
</UL>

<P><STRONG><a name="[21b]"></a>master_update</STRONG> (Thumb, 80 bytes, Stack size 16 bytes, ble_bondmngr.o(.text))
<BR><BR>[Stack]<UL><LI>Max Depth = 36<LI>Call Chain = master_update &rArr; update_whitelist
</UL>
<BR>[Calls]<UL><LI><a href="#[211]">&gt;&gt;</a>&nbsp;&nbsp;&nbsp;update_whitelist
<LI><a href="#[126]">&gt;&gt;</a>&nbsp;&nbsp;&nbsp;__aeabi_memcpy4
</UL>
<BR>[Called By]<UL><LI><a href="#[89]">&gt;&gt;</a>&nbsp;&nbsp;&nbsp;ble_bondmngr_bonded_masters_store
</UL>

<P><STRONG><a name="[219]"></a>on_sec_info_request</STRONG> (Thumb, 96 bytes, Stack size 24 bytes, ble_bondmngr.o(.text))
<BR><BR>[Stack]<UL><LI>Max Depth = 32<LI>Call Chain = on_sec_info_request &rArr; master_find_in_db
</UL>
<BR>[Calls]<UL><LI><a href="#[212]">&gt;&gt;</a>&nbsp;&nbsp;&nbsp;master_find_in_db
<LI><a href="#[114]">&gt;&gt;</a>&nbsp;&nbsp;&nbsp;__aeabi_memcpy
</UL>
<BR>[Called By]<UL><LI><a href="#[8d]">&gt;&gt;</a>&nbsp;&nbsp;&nbsp;ble_bondmngr_on_ble_evt
</UL>

<P><STRONG><a name="[21a]"></a>on_sec_update</STRONG> (Thumb, 90 bytes, Stack size 24 bytes, ble_bondmngr.o(.text))
<BR><BR>[Stack]<UL><LI>Max Depth = 24<LI>Call Chain = on_sec_update
</UL>
<BR>[Calls]<UL><LI><a href="#[218]">&gt;&gt;</a>&nbsp;&nbsp;&nbsp;master_sys_attr_set
</UL>
<BR>[Called By]<UL><LI><a href="#[8d]">&gt;&gt;</a>&nbsp;&nbsp;&nbsp;ble_bondmngr_on_ble_evt
</UL>

<P><STRONG><a name="[220]"></a>crc_extract</STRONG> (Thumb, 26 bytes, Stack size 0 bytes, ble_bondmngr.o(.text))
<BR><BR>[Called By]<UL><LI><a href="#[215]">&gt;&gt;</a>&nbsp;&nbsp;&nbsp;sys_attr_load_from_flash
<LI><a href="#[214]">&gt;&gt;</a>&nbsp;&nbsp;&nbsp;bonding_info_load_from_flash
</UL>

<P><STRONG><a name="[223]"></a>compute_peak_feature_core</STRONG> (Thumb, 294 bytes, Stack size 48 bytes, click-algorithm.o(.text))
<BR><BR>[Stack]<UL><LI>Max Depth = 128<LI>Call Chain = compute_peak_feature_core &rArr; __aeabi_ldivmod &rArr; __aeabi_uldivmod &rArr; __aeabi_llsr
</UL>
<BR>[Calls]<UL><LI><a href="#[226]">&gt;&gt;</a>&nbsp;&nbsp;&nbsp;__aeabi_ldivmod
<LI><a href="#[8b]">&gt;&gt;</a>&nbsp;&nbsp;&nbsp;__aeabi_idivmod
<LI><a href="#[224]">&gt;&gt;</a>&nbsp;&nbsp;&nbsp;__ARM_common_ll_mulss
<LI><a href="#[225]">&gt;&gt;</a>&nbsp;&nbsp;&nbsp;get_idx
</UL>
<BR>[Called By]<UL><LI><a href="#[228]">&gt;&gt;</a>&nbsp;&nbsp;&nbsp;compute_peak_feature
</UL>

<P><STRONG><a name="[225]"></a>get_idx</STRONG> (Thumb, 16 bytes, Stack size 8 bytes, click-algorithm.o(.text))
<BR><BR>[Stack]<UL><LI>Max Depth = 36<LI>Call Chain = get_idx &rArr; __aeabi_idivmod &rArr; __aeabi_uidivmod
</UL>
<BR>[Calls]<UL><LI><a href="#[8b]">&gt;&gt;</a>&nbsp;&nbsp;&nbsp;__aeabi_idivmod
</UL>
<BR>[Called By]<UL><LI><a href="#[227]">&gt;&gt;</a>&nbsp;&nbsp;&nbsp;detect_peak
<LI><a href="#[223]">&gt;&gt;</a>&nbsp;&nbsp;&nbsp;compute_peak_feature_core
</UL>

<P><STRONG><a name="[228]"></a>compute_peak_feature</STRONG> (Thumb, 106 bytes, Stack size 16 bytes, click-algorithm.o(.text))
<BR><BR>[Stack]<UL><LI>Max Depth = 144<LI>Call Chain = compute_peak_feature &rArr; compute_peak_feature_core &rArr; __aeabi_ldivmod &rArr; __aeabi_uldivmod &rArr; __aeabi_llsr
</UL>
<BR>[Calls]<UL><LI><a href="#[223]">&gt;&gt;</a>&nbsp;&nbsp;&nbsp;compute_peak_feature_core
</UL>
<BR>[Called By]<UL><LI><a href="#[186]">&gt;&gt;</a>&nbsp;&nbsp;&nbsp;click_algorithm_accelerate_data_in
</UL>

<P><STRONG><a name="[227]"></a>detect_peak</STRONG> (Thumb, 90 bytes, Stack size 24 bytes, click-algorithm.o(.text))
<BR><BR>[Stack]<UL><LI>Max Depth = 60<LI>Call Chain = detect_peak &rArr; get_idx &rArr; __aeabi_idivmod &rArr; __aeabi_uidivmod
</UL>
<BR>[Calls]<UL><LI><a href="#[225]">&gt;&gt;</a>&nbsp;&nbsp;&nbsp;get_idx
</UL>
<BR>[Called By]<UL><LI><a href="#[186]">&gt;&gt;</a>&nbsp;&nbsp;&nbsp;click_algorithm_accelerate_data_in
</UL>

<P><STRONG><a name="[235]"></a>ABS</STRONG> (Thumb, 8 bytes, Stack size 0 bytes, sleep-detect-algorithm.o(.text))
<BR><BR>[Called By]<UL><LI><a href="#[234]">&gt;&gt;</a>&nbsp;&nbsp;&nbsp;EpochMaker_InThreshold
</UL>

<P><STRONG><a name="[256]"></a>init_continuous_step</STRONG> (Thumb, 48 bytes, Stack size 0 bytes, distance-step.o(.text))
<BR><BR>[Called By]<UL><LI><a href="#[259]">&gt;&gt;</a>&nbsp;&nbsp;&nbsp;filter_peak
<LI><a href="#[258]">&gt;&gt;</a>&nbsp;&nbsp;&nbsp;peak_detect_step
<LI><a href="#[257]">&gt;&gt;</a>&nbsp;&nbsp;&nbsp;filter_step
<LI><a href="#[254]">&gt;&gt;</a>&nbsp;&nbsp;&nbsp;seven_step_detect
</UL>

<P><STRONG><a name="[254]"></a>seven_step_detect</STRONG> (Thumb, 240 bytes, Stack size 32 bytes, distance-step.o(.text))
<BR><BR>[Stack]<UL><LI>Max Depth = 60<LI>Call Chain = seven_step_detect &rArr; __aeabi_idivmod &rArr; __aeabi_uidivmod
</UL>
<BR>[Calls]<UL><LI><a href="#[8b]">&gt;&gt;</a>&nbsp;&nbsp;&nbsp;__aeabi_idivmod
<LI><a href="#[255]">&gt;&gt;</a>&nbsp;&nbsp;&nbsp;my_abs
<LI><a href="#[256]">&gt;&gt;</a>&nbsp;&nbsp;&nbsp;init_continuous_step
</UL>
<BR>[Called By]<UL><LI><a href="#[258]">&gt;&gt;</a>&nbsp;&nbsp;&nbsp;peak_detect_step
</UL>

<P><STRONG><a name="[257]"></a>filter_step</STRONG> (Thumb, 244 bytes, Stack size 32 bytes, distance-step.o(.text))
<BR><BR>[Stack]<UL><LI>Max Depth = 60<LI>Call Chain = filter_step &rArr; __aeabi_idivmod &rArr; __aeabi_uidivmod
</UL>
<BR>[Calls]<UL><LI><a href="#[8b]">&gt;&gt;</a>&nbsp;&nbsp;&nbsp;__aeabi_idivmod
<LI><a href="#[255]">&gt;&gt;</a>&nbsp;&nbsp;&nbsp;my_abs
<LI><a href="#[256]">&gt;&gt;</a>&nbsp;&nbsp;&nbsp;init_continuous_step
</UL>
<BR>[Called By]<UL><LI><a href="#[258]">&gt;&gt;</a>&nbsp;&nbsp;&nbsp;peak_detect_step
</UL>

<P><STRONG><a name="[258]"></a>peak_detect_step</STRONG> (Thumb, 662 bytes, Stack size 56 bytes, distance-step.o(.text))
<BR><BR>[Stack]<UL><LI>Max Depth = 136<LI>Call Chain = peak_detect_step &rArr; __aeabi_ldivmod &rArr; __aeabi_uldivmod &rArr; __aeabi_llsr
</UL>
<BR>[Calls]<UL><LI><a href="#[17a]">&gt;&gt;</a>&nbsp;&nbsp;&nbsp;__aeabi_lmul
<LI><a href="#[226]">&gt;&gt;</a>&nbsp;&nbsp;&nbsp;__aeabi_ldivmod
<LI><a href="#[8b]">&gt;&gt;</a>&nbsp;&nbsp;&nbsp;__aeabi_idivmod
<LI><a href="#[257]">&gt;&gt;</a>&nbsp;&nbsp;&nbsp;filter_step
<LI><a href="#[254]">&gt;&gt;</a>&nbsp;&nbsp;&nbsp;seven_step_detect
<LI><a href="#[256]">&gt;&gt;</a>&nbsp;&nbsp;&nbsp;init_continuous_step
<LI><a href="#[224]">&gt;&gt;</a>&nbsp;&nbsp;&nbsp;__ARM_common_ll_mulss
</UL>
<BR>[Called By]<UL><LI><a href="#[25a]">&gt;&gt;</a>&nbsp;&nbsp;&nbsp;peak_detect
</UL>

<P><STRONG><a name="[259]"></a>filter_peak</STRONG> (Thumb, 186 bytes, Stack size 24 bytes, distance-step.o(.text))
<BR><BR>[Stack]<UL><LI>Max Depth = 52<LI>Call Chain = filter_peak &rArr; __aeabi_idivmod &rArr; __aeabi_uidivmod
</UL>
<BR>[Calls]<UL><LI><a href="#[8b]">&gt;&gt;</a>&nbsp;&nbsp;&nbsp;__aeabi_idivmod
<LI><a href="#[255]">&gt;&gt;</a>&nbsp;&nbsp;&nbsp;my_abs
<LI><a href="#[256]">&gt;&gt;</a>&nbsp;&nbsp;&nbsp;init_continuous_step
</UL>
<BR>[Called By]<UL><LI><a href="#[25a]">&gt;&gt;</a>&nbsp;&nbsp;&nbsp;peak_detect
</UL>

<P><STRONG><a name="[25a]"></a>peak_detect</STRONG> (Thumb, 308 bytes, Stack size 72 bytes, distance-step.o(.text))
<BR><BR>[Stack]<UL><LI>Max Depth = 208<LI>Call Chain = peak_detect &rArr; peak_detect_step &rArr; __aeabi_ldivmod &rArr; __aeabi_uldivmod &rArr; __aeabi_llsr
</UL>
<BR>[Calls]<UL><LI><a href="#[259]">&gt;&gt;</a>&nbsp;&nbsp;&nbsp;filter_peak
<LI><a href="#[258]">&gt;&gt;</a>&nbsp;&nbsp;&nbsp;peak_detect_step
</UL>
<BR>[Called By]<UL><LI><a href="#[22b]">&gt;&gt;</a>&nbsp;&nbsp;&nbsp;get_step_data
</UL>

<P><STRONG><a name="[255]"></a>my_abs</STRONG> (Thumb, 10 bytes, Stack size 0 bytes, distance-step.o(.text))
<BR><BR>[Called By]<UL><LI><a href="#[259]">&gt;&gt;</a>&nbsp;&nbsp;&nbsp;filter_peak
<LI><a href="#[257]">&gt;&gt;</a>&nbsp;&nbsp;&nbsp;filter_step
<LI><a href="#[254]">&gt;&gt;</a>&nbsp;&nbsp;&nbsp;seven_step_detect
</UL>

<P><STRONG><a name="[25b]"></a>calc_charact</STRONG> (Thumb, 378 bytes, Stack size 96 bytes, distance-steplength.o(.text))
<BR><BR>[Stack]<UL><LI>Max Depth = 124<LI>Call Chain = calc_charact &rArr; __aeabi_idivmod &rArr; __aeabi_uidivmod
</UL>
<BR>[Calls]<UL><LI><a href="#[8b]">&gt;&gt;</a>&nbsp;&nbsp;&nbsp;__aeabi_idivmod
<LI><a href="#[25c]">&gt;&gt;</a>&nbsp;&nbsp;&nbsp;my_abs
</UL>
<BR>[Called By]<UL><LI><a href="#[22c]">&gt;&gt;</a>&nbsp;&nbsp;&nbsp;get_distance_data
</UL>

<P><STRONG><a name="[25c]"></a>my_abs</STRONG> (Thumb, 8 bytes, Stack size 0 bytes, distance-steplength.o(.text))
<BR><BR>[Called By]<UL><LI><a href="#[25b]">&gt;&gt;</a>&nbsp;&nbsp;&nbsp;calc_charact
</UL>

<P><STRONG><a name="[271]"></a>_fp_digits</STRONG> (Thumb, 316 bytes, Stack size 56 bytes, printfa.o(i._fp_digits), UNUSED)
<BR><BR>[Calls]<UL><LI><a href="#[269]">&gt;&gt;</a>&nbsp;&nbsp;&nbsp;__aeabi_dmul
<LI><a href="#[26a]">&gt;&gt;</a>&nbsp;&nbsp;&nbsp;__aeabi_ddiv
<LI><a href="#[263]">&gt;&gt;</a>&nbsp;&nbsp;&nbsp;__aeabi_dadd
<LI><a href="#[26b]">&gt;&gt;</a>&nbsp;&nbsp;&nbsp;__aeabi_d2ulz
<LI><a href="#[272]">&gt;&gt;</a>&nbsp;&nbsp;&nbsp;__aeabi_cdrcmple
<LI><a href="#[25d]">&gt;&gt;</a>&nbsp;&nbsp;&nbsp;__aeabi_uldivmod
</UL>
<BR>[Called By]<UL><LI><a href="#[26f]">&gt;&gt;</a>&nbsp;&nbsp;&nbsp;_printf_core
</UL>

<P><STRONG><a name="[26f]"></a>_printf_core</STRONG> (Thumb, 1754 bytes, Stack size 128 bytes, printfa.o(i._printf_core), UNUSED)
<BR><BR>[Calls]<UL><LI><a href="#[273]">&gt;&gt;</a>&nbsp;&nbsp;&nbsp;_printf_pre_padding
<LI><a href="#[274]">&gt;&gt;</a>&nbsp;&nbsp;&nbsp;_printf_post_padding
<LI><a href="#[271]">&gt;&gt;</a>&nbsp;&nbsp;&nbsp;_fp_digits
<LI><a href="#[d4]">&gt;&gt;</a>&nbsp;&nbsp;&nbsp;__aeabi_uidivmod
<LI><a href="#[25d]">&gt;&gt;</a>&nbsp;&nbsp;&nbsp;__aeabi_uldivmod
</UL>
<BR>[Called By]<UL><LI><a href="#[270]">&gt;&gt;</a>&nbsp;&nbsp;&nbsp;__0vsnprintf
<LI><a href="#[26e]">&gt;&gt;</a>&nbsp;&nbsp;&nbsp;__0snprintf
</UL>

<P><STRONG><a name="[274]"></a>_printf_post_padding</STRONG> (Thumb, 32 bytes, Stack size 24 bytes, printfa.o(i._printf_post_padding), UNUSED)
<BR><BR>[Called By]<UL><LI><a href="#[26f]">&gt;&gt;</a>&nbsp;&nbsp;&nbsp;_printf_core
</UL>

<P><STRONG><a name="[273]"></a>_printf_pre_padding</STRONG> (Thumb, 44 bytes, Stack size 40 bytes, printfa.o(i._printf_pre_padding), UNUSED)
<BR><BR>[Called By]<UL><LI><a href="#[26f]">&gt;&gt;</a>&nbsp;&nbsp;&nbsp;_printf_core
</UL>

<P><STRONG><a name="[5a]"></a>_snputc</STRONG> (Thumb, 22 bytes, Stack size 0 bytes, printfa.o(i._snputc))
<BR>[Address Reference Count : 2]<UL><LI> printfa.o(i.__0vsnprintf)
<LI> printfa.o(i.__0snprintf)
</UL><P>
<H3>
Undefined Global Symbols
</H3><HR></body></html>
