Component: ARM Compiler 5.05 update 1 (build 106) Tool: armlink [4d0efa]

==============================================================================

Section Cross References

    main.o(.text) refers to ble_debug_assert_handler.o(.text) for ble_debug_assert_handler
    main.o(.text) refers to memseta.o(.text) for __aeabi_memclr4
    main.o(.text) refers to llushr.o(.text) for __aeabi_llsr
    main.o(.text) refers to ble_advdata.o(.text) for ble_advdata_set
    main.o(.text) refers to llshl.o(.text) for __aeabi_llsl
    main.o(.text) refers to ble_bondmngr.o(.text) for ble_bondmngr_whitelist_get
    main.o(.text) refers to ble_radio_notification.o(.text) for set_global_bluetooth_status
    main.o(.text) refers to app_timer.o(.text) for app_timer_init
    main.o(.text) refers to bd_led_flash.o(.text) for led_flash_timer_init
    main.o(.text) refers to bd_sync_data.o(.text) for create_send_data_timer
    main.o(.text) refers to bd_level_drive_motor.o(.text) for motor_control_framework_init
    main.o(.text) refers to ble_bas.o(.text) for ble_bas_battery_level_update
    main.o(.text) refers to bd_charging.o(.text) for update_charging_status
    main.o(.text) refers to ble_srv_common.o(.text) for ble_srv_ascii_to_utf8
    main.o(.text) refers to ble_flash.o(.text) for ble_flash_page_addr
    main.o(.text) refers to bd_factory_test.o(.text) for is_factory_test_done
    main.o(.text) refers to ble_dis.o(.text) for ble_dis_init
    main.o(.text) refers to bd_private_bond.o(.text) for bond_store_user_id
    main.o(.text) refers to bd_communicate_protocol.o(.text) for get_global_should_trigger_ota_flag
    main.o(.text) refers to bd_data_manager.o(.text) for get_global_dev_loss_should_alert
    main.o(.text) refers to main.o(.data) for .data
    main.o(.text) refers to main.o(.bss) for .bss
    main.o(.text) refers to bd_step_counter.o(.text) for sensor_timer_handle
    main.o(.text) refers to bd_step_counter.o(.data) for m_sensor_timer_id
    main.o(.text) refers to bd_step_counter.o(.data) for notify_steps_enable
    main.o(.text) refers to bd_communicate_protocol.o(.data) for user_action_delay_timer
    main.o(.text) refers to bd_private_bond.o(.data) for should_update_prv_bond_info
    main.o(.text) refers to bd_interaction.o(.text) for notification_start
    main.o(.text) refers to idiv.o(.text) for __aeabi_idivmod
    main.o(.text) refers to bd_ble_nus.o(.text) for ble_nus_on_ble_evt
    main.o(.text) refers to ble_conn_params.o(.text) for ble_conn_params_on_ble_evt
    main.o(.text) refers to ble_stack_handler.o(.text) for ble_stack_handler_init
    main.o(.text) refers to bd_nrf_delay.o(.text) for nrf_delay_ms
    main.o(.text) refers to app_scheduler.o(.text) for app_sched_init
    main.o(.text) refers to bd_battery.o(.text) for battery_adc_dev_init
    main.o(.text) refers to bd_hal_acc.o(.text) for hal_acc_init
    main.o(.text) refers to bd_wdt.o(.text) for wdt_init
    main.o(.text) refers to app_gpiote.o(.text) for app_gpiote_init
    main.o(.text) refers to bd_wall_clock_timer.o(.text) for system_clock_init
    main.o(.text) refers to app_button.o(.text) for app_button_init
    main.o(.text) refers to bd_low_power_mode.o(.text) for power_system_off
    main.o(.text) refers to bd_switch_sleep.o(.text) for restore_SleepSettingsFromFlash
    main.o(.text) refers to ble_tps.o(.text) for ble_tps_init
    main.o(.data) refers to bd_step_counter.o(.text) for LIS3DH_INT1_event_handler
    main.o(.data) refers to bd_charging.o(.text) for function_charger_event_handler
    bd_battery.o(.text) refers to bd_charging.o(.text) for charger_status
    bd_battery.o(.text) refers to ffltui.o(.text) for __aeabi_ui2f
    bd_battery.o(.text) refers to cfrcmple.o(.text) for __aeabi_cfrcmple
    bd_battery.o(.text) refers to fflti.o(.text) for __aeabi_i2f
    bd_battery.o(.text) refers to fadd.o(.text) for __aeabi_fsub
    bd_battery.o(.text) refers to fdiv.o(.text) for __aeabi_fdiv
    bd_battery.o(.text) refers to ffixui.o(.text) for __aeabi_f2uiz
    bd_battery.o(.text) refers to uidiv.o(.text) for __aeabi_uidivmod
    bd_battery.o(.text) refers to app_scheduler.o(.text) for app_sched_event_put
    bd_battery.o(.text) refers to main.o(.text) for app_error_handler
    bd_battery.o(.text) refers to bd_nrf_delay.o(.text) for nrf_delay_ms
    bd_battery.o(.text) refers to app_timer.o(.text) for app_timer_create
    bd_battery.o(.text) refers to bd_battery.o(.constdata) for .constdata
    bd_battery.o(.text) refers to bd_battery.o(.bss) for .bss
    bd_battery.o(.text) refers to bd_battery.o(.data) for .data
    bd_battery.o(.text) refers to main.o(.bss) for m_bas
    bd_ble_nus.o(.text) refers to bd_communicate_protocol.o(.text) for bluetooth_l0_reset
    bd_ble_nus.o(.text) refers to memseta.o(.text) for __aeabi_memclr4
    bd_ble_nus.o(.text) refers to bd_ble_nus.o(.bss) for .bss
    bd_ble_nus.o(.text) refers to bd_ble_nus.o(.constdata) for .constdata
[...]
    __Vectors                                0x00016000   Data           4  arm_startup_nrf51.o(RESET)
    __Vectors_End                            0x000160c0   Data           0  arm_startup_nrf51.o(RESET)
    __main                                   0x000160c1   Thumb Code     0  entry.o(.ARM.Collect$$$$00000000)
    _main_stk                                0x000160c1   Thumb Code     0  entry2.o(.ARM.Collect$$$$00000001)
    _main_scatterload                        0x000160c5   Thumb Code     0  entry5.o(.ARM.Collect$$$$00000004)
    __main_after_scatterload                 0x000160c9   Thumb Code     0  entry5.o(.ARM.Collect$$$$00000004)
    _main_clock                              0x000160c9   Thumb Code     0  entry7b.o(.ARM.Collect$$$$00000008)
    _main_cpp_init                           0x000160c9   Thumb Code     0  entry8b.o(.ARM.Collect$$$$0000000A)
    _main_init                               0x000160c9   Thumb Code     0  entry9a.o(.ARM.Collect$$$$0000000B)
    __rt_final_cpp                           0x000160d1   Thumb Code     0  entry10a.o(.ARM.Collect$$$$0000000D)
    __rt_final_exit                          0x000160d1   Thumb Code     0  entry11a.o(.ARM.Collect$$$$0000000F)
    __asm___14_bd_nrf_delay_c_532987f3__nrf_delay_us 0x000160d5   Thumb Code    30  bd_nrf_delay.o(.emb_text)
    __asm___11_app_timer_c_cd27f9c3__nrf_delay_us 0x000160f5   Thumb Code    30  app_timer.o(.emb_text)
    app_error_handler                        0x00016115   Thumb Code    26  main.o(.text)
    assert_nrf_callback                      0x0001612f   Thumb Code    10  main.o(.text)
    timer_init                               0x000162ab   Thumb Code    34  main.o(.text)
    battery_up                               0x0001633b   Thumb Code    90  main.o(.text)
    ble_stack_init                           0x00016689   Thumb Code    34  main.o(.text)
    ble_bondmngr_evt_handler                 0x000166d1   Thumb Code     2  main.o(.text)
    reset_check                              0x000166d3   Thumb Code    92  main.o(.text)
    gpio_init                                0x0001672f   Thumb Code    20  main.o(.text)
    init1                                    0x00016743   Thumb Code   102  main.o(.text)
    init2                                    0x000167a9   Thumb Code   256  main.o(.text)
    RTC0_IRQHandler                          0x000168a9   Thumb Code    26  main.o(.text)
    pre_init                                 0x000168c3   Thumb Code    44  main.o(.text)
    main                                     0x000168ef   Thumb Code   132  main.o(.text)
    cal_percentage                           0x00016c2d   Thumb Code   142  bd_battery.o(.text)
    ADC_IRQHandler                           0x00016cbb   Thumb Code   164  bd_battery.o(.text)
    battery_start                            0x00016d5f   Thumb Code    18  bd_battery.o(.text)
    battery_adc_read_once                    0x00016d71   Thumb Code    74  bd_battery.o(.text)
    battery_adc_interrupt_init               0x00016dbb   Thumb Code    28  bd_battery.o(.text)
    battery_adc_read_once_for_charging_detect 0x00016dd7   Thumb Code    72  bd_battery.o(.text)
    battery_adc_dev_init                     0x00016e1f   Thumb Code    14  bd_battery.o(.text)
    register_battery_up_callback             0x00016e2f   Thumb Code    28  bd_battery.o(.text)
    battery_measure_init                     0x00016e4b   Thumb Code    56  bd_battery.o(.text)
    get_battery_power_percentage             0x00016e83   Thumb Code     6  bd_battery.o(.text)
    battery_measure_timer_start              0x00016e89   Thumb Code    30  bd_battery.o(.text)
    battery_measure_timer_stop               0x00016ea7   Thumb Code    26  bd_battery.o(.text)
    voltage_detect_n_precharging             0x00016ec1   Thumb Code    50  bd_battery.o(.text)
    set_complete_callback                    0x00016f61   Thumb Code     6  bd_ble_nus.o(.text)
    ble_nus_on_ble_evt                       0x00016f67   Thumb Code   118  bd_ble_nus.o(.text)
    ble_nus_init                             0x0001707b   Thumb Code    92  bd_ble_nus.o(.text)
    ble_nus_send_string                      0x000170d7   Thumb Code    56  bd_ble_nus.o(.text)
    get_global_should_trigger_ota_flag       0x000171a1   Thumb Code     6  bd_communicate_protocol.o(.text)
    set_global_should_trigger_ota_flag       0x000171a7   Thumb Code     6  bd_communicate_protocol.o(.text)
    is_bluetooth_connected                   0x000171ad   Thumb Code    18  bd_communicate_protocol.o(.text)
    async_send                               0x000171bf   Thumb Code   558  bd_communicate_protocol.o(.text)
    schedule_async_send                      0x000173ed   Thumb Code    60  bd_communicate_protocol.o(.text)
    trigger_ota_mode                         0x000174eb   Thumb Code    32  bd_communicate_protocol.o(.text)
    ota_time_out_handle                      0x0001750b   Thumb Code    16  bd_communicate_protocol.o(.text)
    bluetooth_l0_init                        0x0001751b   Thumb Code    90  bd_communicate_protocol.o(.text)
    L1_send                                  0x00017647   Thumb Code   114  bd_communicate_protocol.o(.text)
    send_status_callback                     0x000176b9   Thumb Code     2  bd_communicate_protocol.o(.text)
    bond_success_event_observer              0x00017909   Thumb Code    34  bd_communicate_protocol.o(.text)
    enter_ota_status_response                0x0001792b   Thumb Code    44  bd_communicate_protocol.o(.text)
    L1_receive_response                      0x00017b2b   Thumb Code    24  bd_communicate_protocol.o(.text)
    schedule_crc_error_handle                0x00017b43   Thumb Code     2  bd_communicate_protocol.o(.text)
    L1_receive_data                          0x00017b45   Thumb Code   298  bd_communicate_protocol.o(.text)
    get_should_checkdev_loss_on_disconnect   0x00017c6f   Thumb Code     8  bd_communicate_protocol.o(.text)
    set_should_checkdev_loss_on_disconnect   0x00017c77   Thumb Code     8  bd_communicate_protocol.o(.text)
    bluetooth_l0_reset                       0x00017c7f   Thumb Code   114  bd_communicate_protocol.o(.text)
    input_event_handle_schedule              0x00017db5   Thumb Code   108  bd_input_event_source.o(.text)
    led_action_stop                          0x00017e4d   Thumb Code    46  bd_led_flash.o(.text)
    led_action_control_with_interval         0x00018019   Thumb Code    50  bd_led_flash.o(.text)
    led_action_control                       0x0001804b   Thumb Code     4  bd_led_flash.o(.text)
    notification_status                      0x0001804f   Thumb Code     6  bd_led_flash.o(.text)
    led_flash_timer_init                     0x00018055   Thumb Code    16  bd_led_flash.o(.text)
    check_has_bonded                         0x00018079   Thumb Code     6  bd_private_bond.o(.text)
    set_device_has_bonded                    0x0001807f   Thumb Code     6  bd_private_bond.o(.text)
    bond_store_user_id                       0x00018085   Thumb Code    88  bd_private_bond.o(.text)
    bond_read_user_id                        0x000180dd   Thumb Code    94  bd_private_bond.o(.text)
    bond_success_event_dispatch              0x0001813b   Thumb Code    42  bd_private_bond.o(.text)
    bond_fail_event_dispatch                 0x0001816f   Thumb Code    44  bd_private_bond.o(.text)
    bond_press_handle                        0x0001819b   Thumb Code    46  bd_private_bond.o(.text)
    check_user_id_bonded                     0x000181c9   Thumb Code   118  bd_private_bond.o(.text)
    login_success_event_dispatch             0x0001823f   Thumb Code    42  bd_private_bond.o(.text)
    login_fail_event_dispatch                0x00018269   Thumb Code    42  bd_private_bond.o(.text)
    monthLength                              0x000182b9   Thumb Code    30  bd_wall_clock_timer.o(.text)
    ConvertToUTCTime                         0x000182d7   Thumb Code   258  bd_wall_clock_timer.o(.text)
    get_day_of_week                          0x000183d9   Thumb Code    26  bd_wall_clock_timer.o(.text)
    get_wall_clock_time                      0x000183f3   Thumb Code    30  bd_wall_clock_timer.o(.text)
    check_alarm                              0x00018411   Thumb Code   210  bd_wall_clock_timer.o(.text)
    system_clock_init                        0x0001851f   Thumb Code    76  bd_wall_clock_timer.o(.text)
    convert_time_to_Second                   0x0001856b   Thumb Code   182  bd_wall_clock_timer.o(.text)
    set_system_clock                         0x00018621   Thumb Code   262  bd_wall_clock_timer.o(.text)
    return_alarm_list                        0x00018727   Thumb Code   150  bd_wall_clock_timer.o(.text)
    get_wall_clock_time_counter              0x000187bd   Thumb Code     6  bd_wall_clock_timer.o(.text)
    set_wall_clock_time_counter              0x000187c3   Thumb Code    26  bd_wall_clock_timer.o(.text)
    is_systme_clock_valid                    0x000187dd   Thumb Code    24  bd_wall_clock_timer.o(.text)
    hal_acc_init                             0x00018933   Thumb Code     2  bd_hal_acc.o(.text)
    hal_acc_reset                            0x00018935   Thumb Code   186  bd_hal_acc.o(.text)
    hal_acc_ConfigClick                      0x000189ef   Thumb Code    90  bd_hal_acc.o(.text)
    hal_acc_config_Dtap                      0x00018a49   Thumb Code    46  bd_hal_acc.o(.text)
    hal_acc_config_wake_int                  0x00018a77   Thumb Code    74  bd_hal_acc.o(.text)
    hal_acc_PowerDown                        0x00018ac1   Thumb Code    22  bd_hal_acc.o(.text)
    hal_acc_enable                           0x00018ad7   Thumb Code    22  bd_hal_acc.o(.text)
    hal_acc_GetFifoData                      0x00018aed   Thumb Code    96  bd_hal_acc.o(.text)
    LIS3DH_ReadReg                           0x00018b6d   Thumb Code    44  bd_lis3dh_driver.o(.text)
    LIS3DH_WriteReg                          0x00018b99   Thumb Code    46  bd_lis3dh_driver.o(.text)
    LIS3DH_GetWHO_AM_I                       0x00018bc7   Thumb Code    18  bd_lis3dh_driver.o(.text)
    LIS3DH_GetStatusAUX                      0x00018bd9   Thumb Code    18  bd_lis3dh_driver.o(.text)
    LIS3DH_GetStatusAUXBit                   0x00018beb   Thumb Code   150  bd_lis3dh_driver.o(.text)
    LIS3DH_SetODR                            0x00018c81   Thumb Code    48  bd_lis3dh_driver.o(.text)
    LIS3DH_SetTemperature                    0x00018cb1   Thumb Code    52  bd_lis3dh_driver.o(.text)
    LIS3DH_SetADCAux                         0x00018ce5   Thumb Code    48  bd_lis3dh_driver.o(.text)
    LIS3DH_GetAuxRaw                         0x00018d15   Thumb Code   122  bd_lis3dh_driver.o(.text)
    LIS3DH_GetTempRaw                        0x00018d8f   Thumb Code    38  bd_lis3dh_driver.o(.text)
    LIS3DH_SetMode                           0x00018db5   Thumb Code   152  bd_lis3dh_driver.o(.text)
    LIS3DH_SetAxis                           0x00018e4d   Thumb Code    48  bd_lis3dh_driver.o(.text)
    LIS3DH_SetFullScale                      0x00018e7d   Thumb Code    48  bd_lis3dh_driver.o(.text)
    LIS3DH_SetBDU                            0x00018ead   Thumb Code    48  bd_lis3dh_driver.o(.text)
    LIS3DH_SetBLE                            0x00018edd   Thumb Code    48  bd_lis3dh_driver.o(.text)
    LIS3DH_SetSelfTest                       0x00018f0d   Thumb Code    48  bd_lis3dh_driver.o(.text)
    LIS3DH_HPFClickEnable                    0x00018f3d   Thumb Code   110  bd_lis3dh_driver.o(.text)
    LIS3DH_HPFAOI1Enable                     0x00018fab   Thumb Code    46  bd_lis3dh_driver.o(.text)
    LIS3DH_HPFAOI2Enable                     0x00018fd9   Thumb Code    48  bd_lis3dh_driver.o(.text)
    LIS3DH_SetHPFMode                        0x00019009   Thumb Code    48  bd_lis3dh_driver.o(.text)
    LIS3DH_SetHPFCutOFF                      0x00019039   Thumb Code    56  bd_lis3dh_driver.o(.text)
    LIS3DH_SetFilterDataSel                  0x00019071   Thumb Code    48  bd_lis3dh_driver.o(.text)
    LIS3DH_SetInt1Pin                        0x000190a1   Thumb Code    36  bd_lis3dh_driver.o(.text)
    LIS3DH_SetInt2Pin                        0x000190c5   Thumb Code    36  bd_lis3dh_driver.o(.text)
    LIS3DH_SetClickCFG                       0x000190e9   Thumb Code    44  bd_lis3dh_driver.o(.text)
    LIS3DH_SetClickTHS                       0x00019115   Thumb Code    26  bd_lis3dh_driver.o(.text)
    LIS3DH_SetClickLIMIT                     0x0001912f   Thumb Code    26  bd_lis3dh_driver.o(.text)
    LIS3DH_SetClickLATENCY                   0x00019149   Thumb Code    18  bd_lis3dh_driver.o(.text)
    LIS3DH_SetClickWINDOW                    0x0001915b   Thumb Code    18  bd_lis3dh_driver.o(.text)
    LIS3DH_GetClickResponse                  0x0001916d   Thumb Code   152  bd_lis3dh_driver.o(.text)
    LIS3DH_RESET_MEM                         0x00019205   Thumb Code    44  bd_lis3dh_driver.o(.text)
    LIS3DH_Int1LatchEnable                   0x00019231   Thumb Code    48  bd_lis3dh_driver.o(.text)
    LIS3DH_ResetInt1Latch                    0x00019261   Thumb Code    18  bd_lis3dh_driver.o(.text)
    LIS3DH_SetIntConfiguration               0x00019273   Thumb Code    44  bd_lis3dh_driver.o(.text)
    LIS3DH_SetIntMode                        0x0001929f   Thumb Code    48  bd_lis3dh_driver.o(.text)
    LIS3DH_SetInt6D4DConfiguration           0x000192cf   Thumb Code   126  bd_lis3dh_driver.o(.text)
    LIS3DH_Get6DPosition                     0x0001934d   Thumb Code    60  bd_lis3dh_driver.o(.text)
    LIS3DH_SetInt1Threshold                  0x00019389   Thumb Code    26  bd_lis3dh_driver.o(.text)
    LIS3DH_SetInt1Duration                   0x000193a3   Thumb Code    26  bd_lis3dh_driver.o(.text)
    LIS3DH_FIFOModeEnable                    0x000193bd   Thumb Code   330  bd_lis3dh_driver.o(.text)
    LIS3DH_SetTriggerInt                     0x00019507   Thumb Code    48  bd_lis3dh_driver.o(.text)
    LIS3DH_SetWaterMark                      0x00019537   Thumb Code    52  bd_lis3dh_driver.o(.text)
    LIS3DH_GetStatusReg                      0x0001956b   Thumb Code    18  bd_lis3dh_driver.o(.text)
    LIS3DH_GetStatusBit                      0x0001957d   Thumb Code   156  bd_lis3dh_driver.o(.text)
    LIS3DH_GetAccAxesRaw                     0x00019619   Thumb Code    80  bd_lis3dh_driver.o(.text)
    LIS3DH_GetInt1Src                        0x00019669   Thumb Code    18  bd_lis3dh_driver.o(.text)
    LIS3DH_GetInt1SrcBit                     0x0001967b   Thumb Code   134  bd_lis3dh_driver.o(.text)
    LIS3DH_GetFifoSourceReg                  0x00019701   Thumb Code    18  bd_lis3dh_driver.o(.text)
    LIS3DH_GetFifoSourceBit                  0x00019713   Thumb Code    90  bd_lis3dh_driver.o(.text)
    LIS3DH_GetFifoSourceFSS                  0x0001976d   Thumb Code    32  bd_lis3dh_driver.o(.text)
    LIS3DH_SetSPIInterface                   0x0001978d   Thumb Code    46  bd_lis3dh_driver.o(.text)
    LIS3DH_enableFiFo                        0x000197bb   Thumb Code   112  bd_lis3dh_driver.o(.text)
    nrf_delay_ms                             0x00019841   Thumb Code    24  bd_nrf_delay.o(.text)
    spi_master_init                          0x0001985d   Thumb Code   102  bd_spi_master.o(.text)
    spi_master_tx_rx                         0x000198c3   Thumb Code    98  bd_spi_master.o(.text)
    spi_master_enable                        0x00019925   Thumb Code    42  bd_spi_master.o(.text)
    spi_master_disable                       0x0001994f   Thumb Code    40  bd_spi_master.o(.text)
    set_quarter_steps                        0x00019991   Thumb Code     6  bd_step_counter.o(.text)
    set_quarter_distance                     0x00019997   Thumb Code     6  bd_step_counter.o(.text)
    set_quarter_calories                     0x0001999d   Thumb Code     6  bd_step_counter.o(.text)
    set_quater_sport_mode                    0x000199a3   Thumb Code    22  bd_step_counter.o(.text)
    set_quater_active_time                   0x000199b9   Thumb Code    24  bd_step_counter.o(.text)
    get_quarter_steps                        0x000199d1   Thumb Code     6  bd_step_counter.o(.text)
    get_quarter_distance                     0x000199d7   Thumb Code     6  bd_step_counter.o(.text)
    get_quarter_calories                     0x000199dd   Thumb Code     6  bd_step_counter.o(.text)
    sensor_timers_stop                       0x000199e3   Thumb Code    34  bd_step_counter.o(.text)
    sensor_timers_start                      0x00019a05   Thumb Code    38  bd_step_counter.o(.text)
    sports_mode                              0x00019a2b   Thumb Code    50  bd_step_counter.o(.text)
    handle_distance_event                    0x00019a5d   Thumb Code   222  bd_step_counter.o(.text)
    handle_sleep_event                       0x00019b3b   Thumb Code    40  bd_step_counter.o(.text)
    health_algorithm_cb_implement            0x00019b63   Thumb Code    30  bd_step_counter.o(.text)
    is_algorithm_started                     0x00019b81   Thumb Code     6  bd_step_counter.o(.text)
    stop_health_algorithm                    0x00019b87   Thumb Code    14  bd_step_counter.o(.text)
    update_algorithm_timestamp               0x00019b95   Thumb Code    26  bd_step_counter.o(.text)
    start_health_algorithm                   0x00019baf   Thumb Code   124  bd_step_counter.o(.text)
    restart_health_algorithm                 0x00019c2b   Thumb Code    58  bd_step_counter.o(.text)
    reset_health_algorithm_data              0x00019c65   Thumb Code    52  bd_step_counter.o(.text)
    LIS3DH_INT1_event_handler                0x00019c99   Thumb Code    44  bd_step_counter.o(.text)
    LIS3DH_INT2_event_handler                0x00019cc5   Thumb Code    22  bd_step_counter.o(.text)
    tap_timer_handler                        0x00019cdb   Thumb Code    84  bd_step_counter.o(.text)
    sensor_timer_handle                      0x00019d2f   Thumb Code   272  bd_step_counter.o(.text)
    save_quarter_distance_data               0x00019e3f   Thumb Code   296  bd_step_counter.o(.text)
    minute_timer_handler                     0x00019f67   Thumb Code   140  bd_step_counter.o(.text)
    set_daily_target_achieved                0x00019ff3   Thumb Code     6  bd_step_counter.o(.text)
    get_daily_target_achieved                0x00019ff9   Thumb Code     6  bd_step_counter.o(.text)
    click_algorithm_cb_implement             0x00019fff   Thumb Code    30  bd_step_counter.o(.text)
    start_click_algorithm                    0x0001a01d   Thumb Code    32  bd_step_counter.o(.text)
    reset_sleep_data                         0x0001a061   Thumb Code    64  bd_sync_data.o(.text)
    reset_sport_data                         0x0001a0a1   Thumb Code    66  bd_sync_data.o(.text)
    clear_prev_user_data                     0x0001a0e3   Thumb Code    16  bd_sync_data.o(.text)
    get_flash_page_number                    0x0001a0f3   Thumb Code    16  bd_sync_data.o(.text)
    check_need_erase_sleep_page_for_when_boot 0x0001a103   Thumb Code   166  bd_sync_data.o(.text)
    check_need_erase_sport_page_for_when_boot 0x0001a1a9   Thumb Code   168  bd_sync_data.o(.text)
    have_sleep_group_to_send                 0x0001a251   Thumb Code    16  bd_sync_data.o(.text)
    have_sleep_data_in_ram_to_send           0x0001a261   Thumb Code    12  bd_sync_data.o(.text)
    get_next_sleep_read_group_address        0x0001a26d   Thumb Code    74  bd_sync_data.o(.text)
    get_next_sleep_write_group_address       0x0001a2b7   Thumb Code   276  bd_sync_data.o(.text)
    have_sport_group_to_send                 0x0001a3cb   Thumb Code    18  bd_sync_data.o(.text)
    have_sport_data_in_ram_to_send           0x0001a3dd   Thumb Code    38  bd_sync_data.o(.text)
    have_history_sport_data_in_ram_to_send   0x0001a403   Thumb Code    16  bd_sync_data.o(.text)
    get_next_sport_read_group_address        0x0001a413   Thumb Code    94  bd_sync_data.o(.text)
    get_next_sport_write_group_address       0x0001a471   Thumb Code   276  bd_sync_data.o(.text)
    save_sport_group_data                    0x0001a60d   Thumb Code    92  bd_sync_data.o(.text)
    start_send_data_timer                    0x0001a669   Thumb Code    42  bd_sync_data.o(.text)
    send_sport_data_from_ram                 0x0001a693   Thumb Code   258  bd_sync_data.o(.text)
    send_sleep_group_data                    0x0001a795   Thumb Code    76  bd_sync_data.o(.text)
    send_all_data                            0x0001a7e1   Thumb Code   384  bd_sync_data.o(.text)
    update_sleep_head                        0x0001a995   Thumb Code    70  bd_sync_data.o(.text)
    reset_cur_sports_data                    0x0001aa0f   Thumb Code    42  bd_sync_data.o(.text)
    update_cur_sports_data                   0x0001aa39   Thumb Code     2  bd_sync_data.o(.text)
    update_sports_head                       0x0001aa3b   Thumb Code    70  bd_sync_data.o(.text)
    send_all_data_callback                   0x0001aa81   Thumb Code   130  bd_sync_data.o(.text)
    send_sport_group_data                    0x0001ab03   Thumb Code    76  bd_sync_data.o(.text)
    reset_sleep_head                         0x0001ab4f   Thumb Code     2  bd_sync_data.o(.text)
    set_sport_data_sync_process_send         0x0001ab51   Thumb Code     8  bd_sync_data.o(.text)
    reset_sports_head                        0x0001ab59   Thumb Code    70  bd_sync_data.o(.text)
    save_sleep_group_data                    0x0001ab9f   Thumb Code    72  bd_sync_data.o(.text)
    get_current_sleep_data                   0x0001abe7   Thumb Code    14  bd_sync_data.o(.text)
    sleep_evt_handler                        0x0001abf5   Thumb Code   196  bd_sync_data.o(.text)
    save_curr_health_data                    0x0001acb9   Thumb Code    32  bd_sync_data.o(.text)
    check_sports_data_in_flash               0x0001acd9   Thumb Code   108  bd_sync_data.o(.text)
    check_sleep_data_in_flash                0x0001ad45   Thumb Code   108  bd_sync_data.o(.text)
    send_data_timeout                        0x0001adb1   Thumb Code    16  bd_sync_data.o(.text)
    create_send_data_timer                   0x0001adc1   Thumb Code    28  bd_sync_data.o(.text)
    set_data_sending_flag                    0x0001addd   Thumb Code     6  bd_sync_data.o(.text)
    get_data_sending_flag                    0x0001ade3   Thumb Code     6  bd_sync_data.o(.text)
    notification_start                       0x0001ae01   Thumb Code   198  bd_interaction.o(.text)
    notification_stop                        0x0001aec7   Thumb Code    12  bd_interaction.o(.text)
    get_battery_voltage_adjustment           0x0001afc7   Thumb Code    16  bd_charging.o(.text)
    update_charging_status                   0x0001afd7   Thumb Code    24  bd_charging.o(.text)
    charger_status                           0x0001afef   Thumb Code    48  bd_charging.o(.text)
    function_charger_event_handler           0x0001b01f   Thumb Code    48  bd_charging.o(.text)
    function_chargingcomplete_event_handler  0x0001b04f   Thumb Code    16  bd_charging.o(.text)
    charger_init                             0x0001b05f   Thumb Code    12  bd_charging.o(.text)
    charger_framework_init                   0x0001b06b   Thumb Code    30  bd_charging.o(.text)
    charger_connected                        0x0001b089   Thumb Code    18  bd_charging.o(.text)
    bd_crc16                                 0x0001b0a9   Thumb Code    36  bd_crc16.o(.text)
    SquareRoot                               0x0001b0d1   Thumb Code    40  bd_square_root.o(.text)
    motor_action_control_start               0x0001b15f   Thumb Code    80  bd_level_drive_motor.o(.text)
    motor_action_control_stop                0x0001b1af   Thumb Code    24  bd_level_drive_motor.o(.text)
    motor_control_framework_init             0x0001b1c7   Thumb Code    16  bd_level_drive_motor.o(.text)
    motor_init                               0x0001b1d7   Thumb Code     8  bd_level_drive_motor.o(.text)
    is_factory_test_done                     0x0001b209   Thumb Code    36  bd_factory_test.o(.text)
    get_sensor_data                          0x0001b22d   Thumb Code    44  bd_factory_test.o(.text)
    sensor_test                              0x0001b259   Thumb Code    30  bd_factory_test.o(.text)
    all_led_flash                            0x0001b277   Thumb Code    42  bd_factory_test.o(.text)
    bootup_check                             0x0001b2a1   Thumb Code    80  bd_factory_test.o(.text)
    system_off                               0x0001b2f1   Thumb Code     8  bd_factory_test.o(.text)
    vibrator_test                            0x0001b2f9   Thumb Code    24  bd_factory_test.o(.text)
    send_package                             0x0001b311   Thumb Code    20  bd_factory_test.o(.text)
    send_callback                            0x0001b325   Thumb Code    10  bd_factory_test.o(.text)
    generate_l2_package                      0x0001b32f   Thumb Code    48  bd_factory_test.o(.text)
    write_flash_handler                      0x0001b35f   Thumb Code    76  bd_factory_test.o(.text)
    write_test_flag                          0x0001b3ab   Thumb Code    38  bd_factory_test.o(.text)
    read_flag                                0x0001b3d1   Thumb Code    82  bd_factory_test.o(.text)
    write_sn                                 0x0001b423   Thumb Code    60  bd_factory_test.o(.text)
    read_sn                                  0x0001b45f   Thumb Code    84  bd_factory_test.o(.text)
    request_echo                             0x0001b4b3   Thumb Code    54  bd_factory_test.o(.text)
    request_sensor_data                      0x0001b4e9   Thumb Code    44  bd_factory_test.o(.text)
    enter_test_mode                          0x0001b515   Thumb Code    14  bd_factory_test.o(.text)
    exit_test_mode                           0x0001b523   Thumb Code    32  bd_factory_test.o(.text)
    request_charge                           0x0001b543   Thumb Code    74  bd_factory_test.o(.text)
    do_test                                  0x0001b58d   Thumb Code   306  bd_factory_test.o(.text)
    power_wfi                                0x0001b6d1   Thumb Code    40  bd_low_power_mode.o(.text)
    power_system_off                         0x0001b6f9   Thumb Code    22  bd_low_power_mode.o(.text)
    sd_system_off                            0x0001b70f   Thumb Code    18  bd_low_power_mode.o(.text)
    update_last_time_sleep_mode              0x0001b731   Thumb Code    24  bd_switch_sleep.o(.text)
    get_last_sleep_setting_event             0x0001b749   Thumb Code     6  bd_switch_sleep.o(.text)
    get_last_sleep_setting_event_head        0x0001b74f   Thumb Code     6  bd_switch_sleep.o(.text)
    prepare_sleep_event_header               0x0001b755   Thumb Code    38  bd_switch_sleep.o(.text)
    send_last_time_sleep_mode                0x0001b77b   Thumb Code   110  bd_switch_sleep.o(.text)
    set_curr_sleep_flag                      0x0001b7e9   Thumb Code     6  bd_switch_sleep.o(.text)
    get_curr_sleep_flag                      0x0001b7ef   Thumb Code     6  bd_switch_sleep.o(.text)
    switch_sleep_state                       0x0001b7f5   Thumb Code   148  bd_switch_sleep.o(.text)
    two_Double_tap_handle                    0x0001b889   Thumb Code    40  bd_switch_sleep.o(.text)
    update_sleep_status                      0x0001b8b1   Thumb Code   104  bd_switch_sleep.o(.text)
    update_sleep_setting_head                0x0001b919   Thumb Code    68  bd_switch_sleep.o(.text)
    reset_sleep_setting_head                 0x0001b95d   Thumb Code    12  bd_switch_sleep.o(.text)
    reset_sleep_setting                      0x0001b969   Thumb Code    60  bd_switch_sleep.o(.text)
    send_sleep_setting_data_cb               0x0001b9a5   Thumb Code    74  bd_switch_sleep.o(.text)
    save_sleep_settings_to_flash             0x0001b9ef   Thumb Code    92  bd_switch_sleep.o(.text)
    restore_SleepSettingsFromFlash           0x0001ba4b   Thumb Code   124  bd_switch_sleep.o(.text)
    send_sleep_setting_data_in_ram           0x0001bac7   Thumb Code   112  bd_switch_sleep.o(.text)
    send_sleep_setting_data                  0x0001bb37   Thumb Code     2  bd_switch_sleep.o(.text)
    sleep_setting_count                      0x0001bb39   Thumb Code     8  bd_switch_sleep.o(.text)
    wdt_init                                 0x0001bb45   Thumb Code    20  bd_wdt.o(.text)
    wdt_start                                0x0001bb59   Thumb Code     8  bd_wdt.o(.text)
    wdt_feed                                 0x0001bb61   Thumb Code    16  bd_wdt.o(.text)
    wdt_stop                                 0x0001bb71   Thumb Code     8  bd_wdt.o(.text)
    get_stack_dump_command_resolve           0x0001bb91   Thumb Code   142  bd_stack_dump_repoter.o(.text)
    get_alarm_number                         0x0001bc71   Thumb Code     6  bd_data_manager.o(.text)
    set_alarm_number                         0x0001bc77   Thumb Code    18  bd_data_manager.o(.text)
    get_alarm                                0x0001bc89   Thumb Code    16  bd_data_manager.o(.text)
    set_alarm                                0x0001bc99   Thumb Code    30  bd_data_manager.o(.text)
    save_alarm                               0x0001bce1   Thumb Code   104  bd_data_manager.o(.text)
    load_alarm                               0x0001bd49   Thumb Code    64  bd_data_manager.o(.text)
    get_user_profile                         0x0001bd89   Thumb Code     6  bd_data_manager.o(.text)
    set_user_profile                         0x0001bd8f   Thumb Code    20  bd_data_manager.o(.text)
    save_user_profile                        0x0001bda3   Thumb Code    90  bd_data_manager.o(.text)
    load_user_profile                        0x0001bdfd   Thumb Code    84  bd_data_manager.o(.text)
    get_daily_target                         0x0001be51   Thumb Code     6  bd_data_manager.o(.text)
    set_daily_target                         0x0001be57   Thumb Code    18  bd_data_manager.o(.text)
    save_daily_target                        0x0001be69   Thumb Code    42  bd_data_manager.o(.text)
    load_daily_target                        0x0001be93   Thumb Code    52  bd_data_manager.o(.text)
    sync_data_to_flash                       0x0001bec7   Thumb Code    60  bd_data_manager.o(.text)
    reset_user_data_for_new_bond             0x0001bf03   Thumb Code    18  bd_data_manager.o(.text)
    set_global_dev_loss_controller_data      0x0001bf15   Thumb Code     8  bd_data_manager.o(.text)
    get_global_dev_loss_controller_data      0x0001bf1d   Thumb Code     8  bd_data_manager.o(.text)
    set_global_dev_loss_should_alert         0x0001bf25   Thumb Code     8  bd_data_manager.o(.text)
    get_global_dev_loss_should_alert         0x0001bf2d   Thumb Code     8  bd_data_manager.o(.text)
    set_global_dev_loss_alert_level          0x0001bf35   Thumb Code     8  bd_data_manager.o(.text)
    get_global_dev_loss_alert_level          0x0001bf3d   Thumb Code     8  bd_data_manager.o(.text)
    set_global_step_counts_today             0x0001bf45   Thumb Code     6  bd_data_manager.o(.text)
    get_global_step_counts_today             0x0001bf4b   Thumb Code     6  bd_data_manager.o(.text)
    set_bluetooth_log_state                  0x0001bf7d   Thumb Code     6  bd_bluetooth_log.o(.text)
    get_bluetooth_log_state                  0x0001bf83   Thumb Code     6  bd_bluetooth_log.o(.text)
    log_send_callback                        0x0001bf89   Thumb Code    18  bd_bluetooth_log.o(.text)
    bluetooth_log                            0x0001bf9b   Thumb Code   176  bd_bluetooth_log.o(.text)
    resolve_log_command_id                   0x0001c04b   Thumb Code    16  bd_bluetooth_log.o(.text)
    Reset_Handler                            0x0001c085   Thumb Code    18  arm_startup_nrf51.o(.text)
    NMI_Handler                              0x0001c097   Thumb Code     2  arm_startup_nrf51.o(.text)
    HardFault_Handler                        0x0001c099   Thumb Code     2  arm_startup_nrf51.o(.text)
    SVC_Handler                              0x0001c09b   Thumb Code     2  arm_startup_nrf51.o(.text)
    PendSV_Handler                           0x0001c09d   Thumb Code     2  arm_startup_nrf51.o(.text)
    SysTick_Handler                          0x0001c09f   Thumb Code     2  arm_startup_nrf51.o(.text)
    CCM_AAR_IRQHandler                       0x0001c0a1   Thumb Code     0  arm_startup_nrf51.o(.text)
    ECB_IRQHandler                           0x0001c0a1   Thumb Code     0  arm_startup_nrf51.o(.text)
    LPCOMP_COMP_IRQHandler                   0x0001c0a1   Thumb Code     0  arm_startup_nrf51.o(.text)
    POWER_CLOCK_IRQHandler                   0x0001c0a1   Thumb Code     0  arm_startup_nrf51.o(.text)
    QDEC_IRQHandler                          0x0001c0a1   Thumb Code     0  arm_startup_nrf51.o(.text)
    RADIO_IRQHandler                         0x0001c0a1   Thumb Code     0  arm_startup_nrf51.o(.text)
    RNG_IRQHandler                           0x0001c0a1   Thumb Code     0  arm_startup_nrf51.o(.text)
    SPI0_TWI0_IRQHandler                     0x0001c0a1   Thumb Code     0  arm_startup_nrf51.o(.text)
    SPI1_TWI1_IRQHandler                     0x0001c0a1   Thumb Code     0  arm_startup_nrf51.o(.text)
    SWI3_IRQHandler                          0x0001c0a1   Thumb Code     0  arm_startup_nrf51.o(.text)
    SWI4_IRQHandler                          0x0001c0a1   Thumb Code     0  arm_startup_nrf51.o(.text)
    SWI5_IRQHandler                          0x0001c0a1   Thumb Code     0  arm_startup_nrf51.o(.text)
    TEMP_IRQHandler                          0x0001c0a1   Thumb Code     0  arm_startup_nrf51.o(.text)
    TIMER0_IRQHandler                        0x0001c0a1   Thumb Code     0  arm_startup_nrf51.o(.text)
    TIMER1_IRQHandler                        0x0001c0a1   Thumb Code     0  arm_startup_nrf51.o(.text)
    TIMER2_IRQHandler                        0x0001c0a1   Thumb Code     0  arm_startup_nrf51.o(.text)
    UART0_IRQHandler                         0x0001c0a1   Thumb Code     0  arm_startup_nrf51.o(.text)
    WDT_IRQHandler                           0x0001c0a1   Thumb Code     0  arm_startup_nrf51.o(.text)
    SystemCoreClockUpdate                    0x0001c0b1   Thumb Code     8  system_nrf51.o(.text)
    SystemInit                               0x0001c0b9   Thumb Code    64  system_nrf51.o(.text)
    ble_tps_init                             0x0001c159   Thumb Code    38  ble_tps.o(.text)
    ble_tps_tx_power_level_set               0x0001c17f   Thumb Code    20  ble_tps.o(.text)
    ble_srv_report_ref_encode                0x0001c219   Thumb Code    12  ble_srv_common.o(.text)
    ble_srv_ascii_to_utf8                    0x0001c225   Thumb Code    18  ble_srv_common.o(.text)
    ble_bas_on_ble_evt                       0x0001c239   Thumb Code   114  ble_bas.o(.text)
    ble_bas_init                             0x0001c3d9   Thumb Code    62  ble_bas.o(.text)
    ble_bas_battery_level_update             0x0001c417   Thumb Code   102  ble_bas.o(.text)
    ble_dis_init                             0x0001c567   Thumb Code   308  ble_dis.o(.text)
    random_device_address_encode             0x0001c825   Thumb Code    82  ble_advdata.o(.text)
    encode_device_class                      0x0001c877   Thumb Code    54  ble_advdata.o(.text)
    ble_advdata_set                          0x0001ca15   Thumb Code   102  ble_advdata.o(.text)
    ble_conn_params_init                     0x0001cca3   Thumb Code    72  ble_conn_params.o(.text)
    ble_conn_params_stop                     0x0001cceb   Thumb Code    12  ble_conn_params.o(.text)
    ble_conn_params_on_ble_evt               0x0001cd57   Thumb Code   134  ble_conn_params.o(.text)
    ble_conn_params_change_conn_params       0x0001cddd   Thumb Code    74  ble_conn_params.o(.text)
    store_time_to_flash_v2                   0x0001ce51   Thumb Code   182  ble_debug_assert_handler.o(.text)
    get_stored_time_from_flash_v2            0x0001cf07   Thumb Code    70  ble_debug_assert_handler.o(.text)
    restore_backup_info_from_flash           0x0001cf4d   Thumb Code   436  ble_debug_assert_handler.o(.text)
    low_power_info_store                     0x0001d29b   Thumb Code     4  ble_debug_assert_handler.o(.text)
    assert_pre_restart_info_store            0x0001d29f   Thumb Code     4  ble_debug_assert_handler.o(.text)
    ota_pre_restart_info_store               0x0001d2a3   Thumb Code     4  ble_debug_assert_handler.o(.text)
    ble_debug_assert_handler                 0x0001d2a7   Thumb Code    86  ble_debug_assert_handler.o(.text)
    ble_flash_crc16_compute                  0x0001d325   Thumb Code    56  ble_flash.o(.text)
    ble_flash_word_write                     0x0001d3b3   Thumb Code    10  ble_flash.o(.text)
    ble_flash_block_write                    0x0001d3bd   Thumb Code    36  ble_flash.o(.text)
    ble_flash_page_erase                     0x0001d3e1   Thumb Code    46  ble_flash.o(.text)
    ble_flash_page_addr                      0x0001d40f   Thumb Code    16  ble_flash.o(.text)
    bd_flash_write_erased_page               0x0001d41f   Thumb Code   158  ble_flash.o(.text)
    ble_flash_page_read                      0x0001d4bd   Thumb Code    74  ble_flash.o(.text)
    bd_flash_read_page                       0x0001d507   Thumb Code     2  ble_flash.o(.text)
    check_is_flash_erased                    0x0001d509   Thumb Code    28  ble_flash.o(.text)
    ble_flash_page_write                     0x0001d525   Thumb Code   120  ble_flash.o(.text)
    ble_flash_page_delay_erase_finished      0x0001d59d   Thumb Code    36  ble_flash.o(.text)
    ble_flash_page_delay_erase               0x0001d5c1   Thumb Code    92  ble_flash.o(.text)
    ble_flash_erase_data_page                0x0001d61d   Thumb Code   146  ble_flash.o(.text)
    ble_radio_active                         0x0001d6af   Thumb Code     6  ble_flash.o(.text)
    ble_flash_on_radio_active_evt            0x0001d6b5   Thumb Code    64  ble_flash.o(.text)
    set_radio_active_flag                    0x0001d6f5   Thumb Code    10  ble_flash.o(.text)
    radio_disable                            0x0001d6ff   Thumb Code   136  ble_flash.o(.text)
    SWI1_IRQHandler                          0x0001d789   Thumb Code    20  ble_radio_notification.o(.text)
    ble_radio_notification_init              0x0001d79d   Thumb Code    44  ble_radio_notification.o(.text)
    set_global_bluetooth_status              0x0001d7c9   Thumb Code     6  ble_radio_notification.o(.text)
    get_global_bluetooth_status              0x0001d7cf   Thumb Code     6  ble_radio_notification.o(.text)
    ble_stack_handler_init                   0x0001d7e5   Thumb Code    40  ble_stack_handler.o(.text)
    intern_ble_stack_events_execute          0x0001d80d   Thumb Code    40  ble_stack_handler.o(.text)
    SWI2_IRQHandler                          0x0001d835   Thumb Code    32  ble_stack_handler.o(.text)
    app_button_init                          0x0001d913   Thumb Code   140  app_button.o(.text)
    app_button_enable                        0x0001d99f   Thumb Code    22  app_button.o(.text)
    app_button_disable                       0x0001d9b5   Thumb Code    32  app_button.o(.text)
    app_button_is_pushed                     0x0001d9d5   Thumb Code    58  app_button.o(.text)
    GPIOTE_IRQHandler                        0x0001da4d   Thumb Code   150  app_gpiote.o(.text)
    app_gpiote_init                          0x0001db17   Thumb Code    78  app_gpiote.o(.text)
    app_gpiote_user_register                 0x0001db65   Thumb Code    70  app_gpiote.o(.text)
    app_gpiote_user_enable                   0x0001dbab   Thumb Code   128  app_gpiote.o(.text)
    app_gpiote_user_disable                  0x0001dc2b   Thumb Code    56  app_gpiote.o(.text)
    app_gpiote_pins_state_get                0x0001dc63   Thumb Code    42  app_gpiote.o(.text)
    app_sched_init                           0x0001dcad   Thumb Code    40  app_scheduler.o(.text)
    app_sched_event_put                      0x0001dcd5   Thumb Code   236  app_scheduler.o(.text)
    app_sched_execute                        0x0001ddc1   Thumb Code    30  app_scheduler.o(.text)
    RTC1_IRQHandler                          0x0001e049   Thumb Code    22  app_timer.o(.text)
    SWI0_IRQHandler                          0x0001e05f   Thumb Code    76  app_timer.o(.text)
    app_timer_init                           0x0001e0ab   Thumb Code   164  app_timer.o(.text)
    app_timer_create                         0x0001e14f   Thumb Code    72  app_timer.o(.text)
    app_timer_start                          0x0001e1dd   Thumb Code   118  app_timer.o(.text)
    app_timer_stop                           0x0001e253   Thumb Code   156  app_timer.o(.text)
    app_timer_stop_all                       0x0001e2ef   Thumb Code    62  app_timer.o(.text)
    app_timer_cnt_get                        0x0001e32d   Thumb Code    10  app_timer.o(.text)
    app_timer_cnt_diff_compute               0x0001e337   Thumb Code    12  app_timer.o(.text)
    app_query_timer                          0x0001e343   Thumb Code    36  app_timer.o(.text)
    ble_bondmngr_on_ble_evt                  0x0001e9fd   Thumb Code   222  ble_bondmngr.o(.text)
    ble_bondmngr_bonded_masters_store        0x0001eadb   Thumb Code   274  ble_bondmngr.o(.text)
    ble_bondmngr_sys_attr_store              0x0001ebed   Thumb Code    78  ble_bondmngr.o(.text)
    ble_bondmngr_bonded_masters_delete       0x0001ec3b   Thumb Code    28  ble_bondmngr.o(.text)
    ble_bondmngr_master_addr_get             0x0001ec57   Thumb Code    56  ble_bondmngr.o(.text)
    ble_bondmngr_whitelist_get               0x0001ec8f   Thumb Code    98  ble_bondmngr.o(.text)
    ble_bondmngr_init                        0x0001ecf1   Thumb Code   106  ble_bondmngr.o(.text)
    ble_bondmngr_master_ids_get              0x0001ed5b   Thumb Code    70  ble_bondmngr.o(.text)
    ble_bondmngr_bonded_master_delete        0x0001eda1   Thumb Code   300  ble_bondmngr.o(.text)
    ble_bondmngr_is_link_encrypted           0x0001eecd   Thumb Code    24  ble_bondmngr.o(.text)
    bond_manager_get_first_bonded_master_id  0x0001eee5   Thumb Code     6  ble_bondmngr.o(.text)
    ble_bondmngr_bonded_masters_check        0x0001eeeb   Thumb Code    16  ble_bondmngr.o(.text)
    ble_error_log_write                      0x0001f125   Thumb Code    78  ble_error_log.o(.text)
    ble_error_log_read                       0x0001f173   Thumb Code    78  ble_error_log.o(.text)
    ble_error_log_clear                      0x0001f1c1   Thumb Code     8  ble_error_log.o(.text)
    ble_error_log_init                       0x0001f1c9   Thumb Code    40  ble_error_log.o(.text)
    init_click_algorithm                     0x0001f229   Thumb Code    70  click-algorithm.o(.text)
    click_algorithm_finalize                 0x0001f26f   Thumb Code     8  click-algorithm.o(.text)
    register_click_algorithm_callback        0x0001f277   Thumb Code    20  click-algorithm.o(.text)
    click_algorithm_error_desc               0x0001f28b   Thumb Code     6  click-algorithm.o(.text)
    generate_click_event                     0x0001f291   Thumb Code    24  click-algorithm.o(.text)
    click_algorithm_accelerate_data_in       0x0001f3cf   Thumb Code   256  click-algorithm.o(.text)
    health_algorithm_get_error_desc          0x0001f6e1   Thumb Code     6  health-algorithm-inner.o(.text)
    init_health_algorithm                    0x0001f6e7   Thumb Code   100  health-algorithm-inner.o(.text)
    health_algorithm_finalize                0x0001f74b   Thumb Code    30  health-algorithm-inner.o(.text)
    register_health_algorithm_callback       0x0001f769   Thumb Code    18  health-algorithm-inner.o(.text)
    health_algorithm_data_in_accelerate      0x0001f77b   Thumb Code    60  health-algorithm-inner.o(.text)
    generate_event                           0x0001f7b7   Thumb Code    24  health-algorithm-inner.o(.text)
    init_distance_algorithm                  0x0001f7d5   Thumb Code    60  distance-calculate.o(.text)
    distance_algorithm_finalize              0x0001f811   Thumb Code    26  distance-calculate.o(.text)
    distance_algorithm_error_desc            0x0001f82b   Thumb Code     6  distance-calculate.o(.text)
    distance_algorithm_accelerate_data_in    0x0001f831   Thumb Code   244  distance-calculate.o(.text)
    RollDetector_Init                        0x0001f9f9   Thumb Code    12  sleep-detect-algorithm.o(.text)
    RollDetector_Activate                    0x0001fa05   Thumb Code     6  sleep-detect-algorithm.o(.text)
    RollDetector_DeActivate                  0x0001fa0b   Thumb Code    12  sleep-detect-algorithm.o(.text)
    RollDetector_IsActive                    0x0001fa17   Thumb Code    16  sleep-detect-algorithm.o(.text)
    RollDetector_InFuture                    0x0001fa27   Thumb Code    32  sleep-detect-algorithm.o(.text)
    RollDetector_IsOutdated                  0x0001fa47   Thumb Code    18  sleep-detect-algorithm.o(.text)
    RollDetector_DumpSummedAcceleration      0x0001fa59   Thumb Code    38  sleep-detect-algorithm.o(.text)
    RollDetector_Add                         0x0001fa7f   Thumb Code    84  sleep-detect-algorithm.o(.text)
    RollDetector_Padding                     0x0001fad3   Thumb Code    24  sleep-detect-algorithm.o(.text)
    RollDetector_BuildPeriod                 0x0001faeb   Thumb Code   136  sleep-detect-algorithm.o(.text)
    RollDetector_IsRolled                    0x0001fb73   Thumb Code    72  sleep-detect-algorithm.o(.text)
    RollDetector_Slide2Next                  0x0001fbbb   Thumb Code    40  sleep-detect-algorithm.o(.text)
    EpochMaker_StartNewEpoch                 0x0001fbe3   Thumb Code    20  sleep-detect-algorithm.o(.text)
    EpochMaker_InFuture                      0x0001fbf7   Thumb Code    32  sleep-detect-algorithm.o(.text)
    EpochMaker_IsOutdated                    0x0001fc17   Thumb Code    20  sleep-detect-algorithm.o(.text)
    EpochMaker_InThreshold                   0x0001fc2b   Thumb Code    46  sleep-detect-algorithm.o(.text)
    EpochMaker_HandlePeriod                  0x0001fc59   Thumb Code    36  sleep-detect-algorithm.o(.text)
    EpochMaker_Init                          0x0001fc7d   Thumb Code    12  sleep-detect-algorithm.o(.text)
    EpochMaker_Padding                       0x0001fc89   Thumb Code    28  sleep-detect-algorithm.o(.text)
    EpochMaker_Add                           0x0001fca5   Thumb Code    88  sleep-detect-algorithm.o(.text)
    EpochMaker_Fill                          0x0001fcfd   Thumb Code    14  sleep-detect-algorithm.o(.text)
    EpochMaker_Slide2Next                    0x0001fd0b   Thumb Code    16  sleep-detect-algorithm.o(.text)
    EpochMaker_OnEvent                       0x0001fd1b   Thumb Code    26  sleep-detect-algorithm.o(.text)
    EpochBuffer_ForwardCursor                0x0001fd35   Thumb Code    16  sleep-detect-algorithm.o(.text)
    EpochBuffer_ShiftCursor                  0x0001fd45   Thumb Code    22  sleep-detect-algorithm.o(.text)
    EpochBuffer_IsSleeping                   0x0001fd5b   Thumb Code    62  sleep-detect-algorithm.o(.text)
    EpochBuffer_IsRolling                    0x0001fd99   Thumb Code    28  sleep-detect-algorithm.o(.text)
    EpochBuffer_Init                         0x0001fdb5   Thumb Code    22  sleep-detect-algorithm.o(.text)
    EpochBuffer_Extend                       0x0001fdcb   Thumb Code    62  sleep-detect-algorithm.o(.text)
    EpochBuffer_DetectStateAtCursor          0x0001fe09   Thumb Code    28  sleep-detect-algorithm.o(.text)
    EpochBuffer_GetTimestampAtCursor         0x0001fe25   Thumb Code     8  sleep-detect-algorithm.o(.text)
    EventMonitor_FireEvent                   0x0001fe2d   Thumb Code    46  sleep-detect-algorithm.o(.text)
    EventMonitor_HandleEvent                 0x0001fe5b   Thumb Code   100  sleep-detect-algorithm.o(.text)
    EventMonitor_HandleEpoch                 0x0001febf   Thumb Code    24  sleep-detect-algorithm.o(.text)
    EventMonitor_Init                        0x0001fed7   Thumb Code    48  sleep-detect-algorithm.o(.text)
    EventMonitor_Add                         0x0001ff07   Thumb Code    58  sleep-detect-algorithm.o(.text)
    EventMonitor_Quit                        0x0001ff41   Thumb Code    16  sleep-detect-algorithm.o(.text)
    init_sleep_algorithm                     0x0001ff51   Thumb Code    38  sleep-detect-algorithm.o(.text)
    sleep_algorithm_accelerate_data_in       0x0001ff77   Thumb Code    54  sleep-detect-algorithm.o(.text)
    sleep_detect_finalize                    0x0001ffad   Thumb Code    30  sleep-detect-algorithm.o(.text)
    sleep_detect_error_desc                  0x0001ffcb   Thumb Code     4  sleep-detect-algorithm.o(.text)
    step_count_init                          0x00020689   Thumb Code    22  distance-step.o(.text)
    get_step_data                            0x0002069f   Thumb Code    68  distance-step.o(.text)
    get_distance_data                        0x00020893   Thumb Code   590  distance-steplength.o(.text)
    __aeabi_uidiv                            0x00020b39   Thumb Code     0  uidiv.o(.text)
    __aeabi_uidivmod                         0x00020b39   Thumb Code    44  uidiv.o(.text)
    __aeabi_idiv                             0x00020b65   Thumb Code     0  idiv.o(.text)
    __aeabi_idivmod                          0x00020b65   Thumb Code    40  idiv.o(.text)
    __aeabi_ldivmod                          0x00020b8d   Thumb Code    76  ldiv.o(.text)
    __aeabi_lmul                             0x00020bd9   Thumb Code   122  llmul.o(.text)
    _ll_mul                                  0x00020bd9   Thumb Code     0  llmul.o(.text)
    __aeabi_llsl                             0x00020c53   Thumb Code    32  llshl.o(.text)
    _ll_shift_l                              0x00020c53   Thumb Code     0  llshl.o(.text)
    __aeabi_llsr                             0x00020c73   Thumb Code    34  llushr.o(.text)
    _ll_ushift_r                             0x00020c73   Thumb Code     0  llushr.o(.text)
    __aeabi_memcpy                           0x00020c95   Thumb Code    36  memcpya.o(.text)
    __aeabi_memcpy4                          0x00020c95   Thumb Code     0  memcpya.o(.text)
    __aeabi_memcpy8                          0x00020c95   Thumb Code     0  memcpya.o(.text)
    __aeabi_memset                           0x00020cb9   Thumb Code    14  memseta.o(.text)
    __aeabi_memset4                          0x00020cb9   Thumb Code     0  memseta.o(.text)
    __aeabi_memset8                          0x00020cb9   Thumb Code     0  memseta.o(.text)
    __aeabi_memclr                           0x00020cc7   Thumb Code     4  memseta.o(.text)
    __aeabi_memclr4                          0x00020cc7   Thumb Code     0  memseta.o(.text)
    __aeabi_memclr8                          0x00020cc7   Thumb Code     0  memseta.o(.text)
    _memset$wrapper                          0x00020ccb   Thumb Code    18  memseta.o(.text)
    strncpy                                  0x00020cdd   Thumb Code    26  strncpy.o(.text)
    strlen                                   0x00020cf7   Thumb Code    14  strlen.o(.text)
    memcmp                                   0x00020d05   Thumb Code    26  memcmp.o(.text)
    strcpy                                   0x00020d1f   Thumb Code    18  strcpy.o(.text)
    __aeabi_fadd                             0x00020d31   Thumb Code   162  fadd.o(.text)
    __aeabi_fsub                             0x00020dd3   Thumb Code     8  fadd.o(.text)
    __aeabi_frsub                            0x00020ddb   Thumb Code     8  fadd.o(.text)
    __aeabi_fdiv                             0x00020de3   Thumb Code   124  fdiv.o(.text)
    __aeabi_i2f                              0x00020e5f   Thumb Code    22  fflti.o(.text)
    __aeabi_ui2f                             0x00020e75   Thumb Code    14  ffltui.o(.text)
    __aeabi_f2uiz                            0x00020e83   Thumb Code    40  ffixui.o(.text)
    __aeabi_cfrcmple                         0x00020ead   Thumb Code    20  cfrcmple.o(.text)
    __aeabi_uldivmod                         0x00020ec1   Thumb Code    96  uldiv.o(.text)
    __I$use$fp                               0x00020f21   Thumb Code     0  iusefp.o(.text)
    _float_round                             0x00020f21   Thumb Code    16  fepilogue.o(.text)
    _float_epilogue                          0x00020f31   Thumb Code   114  fepilogue.o(.text)
    __aeabi_dadd                             0x00020fa5   Thumb Code   328  dadd.o(.text)
    __aeabi_dsub                             0x000210ed   Thumb Code    12  dadd.o(.text)
    __aeabi_drsub                            0x000210f9   Thumb Code    12  dadd.o(.text)
    __aeabi_dmul                             0x00021109   Thumb Code   202  dmul.o(.text)
    __aeabi_ddiv                             0x000211d9   Thumb Code   234  ddiv.o(.text)
    __aeabi_d2ulz                            0x000212c9   Thumb Code    54  dfixul.o(.text)
    __aeabi_cdrcmple                         0x00021309   Thumb Code    38  cdrcmple.o(.text)
    __scatterload                            0x00021331   Thumb Code    28  init.o(.text)
    __scatterload_rt2                        0x00021331   Thumb Code     0  init.o(.text)
    __aeabi_lasr                             0x00021355   Thumb Code    38  llsshr.o(.text)
    _ll_sshift_r                             0x00021355   Thumb Code     0  llsshr.o(.text)
    _double_round                            0x0002137b   Thumb Code    26  depilogue.o(.text)
    _double_epilogue                         0x00021395   Thumb Code   164  depilogue.o(.text)
    __decompress                             0x00021439   Thumb Code     0  __dczerorl2.o(.text)
    __decompress1                            0x00021439   Thumb Code    86  __dczerorl2.o(.text)
    __0snprintf                              0x00021491   Thumb Code    38  printfa.o(i.__0snprintf)
    __1snprintf                              0x00021491   Thumb Code     0  printfa.o(i.__0snprintf)
    __2snprintf                              0x00021491   Thumb Code     0  printfa.o(i.__0snprintf)
    __c89snprintf                            0x00021491   Thumb Code     0  printfa.o(i.__0snprintf)
    snprintf                                 0x00021491   Thumb Code     0  printfa.o(i.__0snprintf)
    __0vsnprintf                             0x000214bd   Thumb Code    32  printfa.o(i.__0vsnprintf)
    __1vsnprintf                             0x000214bd   Thumb Code     0  printfa.o(i.__0vsnprintf)
    __2vsnprintf                             0x000214bd   Thumb Code     0  printfa.o(i.__0vsnprintf)
    __c89vsnprintf                           0x000214bd   Thumb Code     0  printfa.o(i.__0vsnprintf)
    vsnprintf                                0x000214bd   Thumb Code     0  printfa.o(i.__0vsnprintf)
    __ARM_clz                                0x000214e1   Thumb Code    46  depilogue.o(i.__ARM_clz)
    __ARM_common_ll_mulss                    0x0002150f   Thumb Code    48  click-algorithm.o(i.__ARM_common_ll_mulss)
    __ARM_common_switch8                     0x0002153f   Thumb Code    26  bd_led_flash.o(i.__ARM_common_switch8)
    __scatterload_copy                       0x00021559   Thumb Code    14  handlers.o(i.__scatterload_copy)
    __scatterload_null                       0x00021567   Thumb Code     2  handlers.o(i.__scatterload_null)
    __scatterload_zeroinit                   0x00021569   Thumb Code    14  handlers.o(i.__scatterload_zeroinit)
    percentage_full                          0x00021e58   Data           2  bd_led_flash.o(.constdata)
    all_flash                                0x00021e5a   Data           4  bd_led_flash.o(.constdata)
    percentage_20                            0x00021e5e   Data           4  bd_led_flash.o(.constdata)
    percentage_40                            0x00021e62   Data           4  bd_led_flash.o(.constdata)
    percentage_60                            0x00021e66   Data           4  bd_led_flash.o(.constdata)
    percentage_80                            0x00021e6a   Data           4  bd_led_flash.o(.constdata)
    percentage_100                           0x00021e6e   Data           4  bd_led_flash.o(.constdata)
    step_percentage_20                       0x00021e72   Data           4  bd_led_flash.o(.constdata)
    step_percentage_40                       0x00021e76   Data           4  bd_led_flash.o(.constdata)
    step_percentage_60                       0x00021e7a   Data           4  bd_led_flash.o(.constdata)
    step_percentage_80                       0x00021e7e   Data           4  bd_led_flash.o(.constdata)
    step_percentage_100                      0x00021e82   Data           4  bd_led_flash.o(.constdata)
    first_led_flash                          0x00021e86   Data           4  bd_led_flash.o(.constdata)
    second_led_flash                         0x00021e8a   Data           4  bd_led_flash.o(.constdata)
    third_led_flash                          0x00021e8e   Data           4  bd_led_flash.o(.constdata)
    forth_led_flash                          0x00021e92   Data           4  bd_led_flash.o(.constdata)
    fifth_led_flash                          0x00021e96   Data           4  bd_led_flash.o(.constdata)
    action_blank                             0x00021e9a   Data           4  bd_led_flash.o(.constdata)
    led_pin_array                            0x00021e9e   Data           5  bd_led_flash.o(.constdata)
    border_to_central                        0x00021ea4   Data           8  bd_led_flash.o(.constdata)
    serial_flash                             0x00021eac   Data          10  bd_led_flash.o(.constdata)
    serial_close                             0x00021eb6   Data          10  bd_led_flash.o(.constdata)
    celebration                              0x00021ec0   Data          10  bd_led_flash.o(.constdata)
    crc16_table                              0x00021eca   Data         512  bd_crc16.o(.constdata)
    k_SVM_alpha                              0x000220fc   Data         240  click-algorithm.o(.constdata)
    Region$$Table$$Base                      0x000221ec   Number         0  anon$$obj.o(Region$$Table)
    Region$$Table$$Limit                     0x0002220c   Number         0  anon$$obj.o(Region$$Table)
    global_connect_handle                    0x20002002   Data           2  main.o(.data)
    ota_delay_timer                          0x20002010   Data           4  main.o(.data)
    g_battery_voltage_mv                     0x20002056   Data           2  bd_battery.o(.data)
    global_should_trigger_ota                0x20002060   Data           1  bd_communicate_protocol.o(.data)
    L1_sequence_id                           0x20002062   Data           2  bd_communicate_protocol.o(.data)
    private_bond_machine                     0x20002070   Data           4  bd_communicate_protocol.o(.data)
    user_action_delay_timer                  0x2000208c   Data           4  bd_communicate_protocol.o(.data)
    global_L1_header_buffer                  0x200020a0   Data           8  bd_communicate_protocol.o(.data)
    should_update_prv_bond_info              0x200020b8   Data           1  bd_private_bond.o(.data)
    alarm_later                              0x200020bc   Data           1  bd_wall_clock_timer.o(.data)
    Global_Time                              0x200020cc   Data           8  bd_wall_clock_timer.o(.data)
    SPIMasterBuffer                          0x200020d5   Data           8  bd_spi_master.o(.data)
    SPISlaveBuffer                           0x200020dd   Data           8  bd_spi_master.o(.data)
    SPIReadLength                            0x200020e5   Data           1  bd_spi_master.o(.data)
    SPIWriteLength                           0x200020e6   Data           1  bd_spi_master.o(.data)
    SEL_SS_PINOUT                            0x200020e8   Data           4  bd_spi_master.o(.data)
    m_sensor_timer_id                        0x2000210c   Data           4  bd_step_counter.o(.data)
    mSportHead                               0x20002110   Data           4  bd_step_counter.o(.data)
    mSleepHead                               0x20002114   Data           4  bd_step_counter.o(.data)
    m_double_tap_timer_id                    0x20002118   Data           4  bd_step_counter.o(.data)
    mSportsData                              0x20002130   Data           8  bd_step_counter.o(.data)
    mSleepData                               0x20002138   Data           4  bd_step_counter.o(.data)
    notify_steps_enable                      0x2000213c   Data           1  bd_step_counter.o(.data)
    sending_flag                             0x20002140   Data           1  bd_sync_data.o(.data)
    sport_send_error_count                   0x20002141   Data           1  bd_sync_data.o(.data)
    sleep_send_error_count                   0x20002142   Data           1  bd_sync_data.o(.data)
    sync_process_start_send                  0x20002143   Data           1  bd_sync_data.o(.data)
    send_time_started                        0x20002144   Data           1  bd_sync_data.o(.data)
    sending_steps                            0x20002146   Data           2  bd_sync_data.o(.data)
    g_sports_send_buffer                     0x20002148   Data           4  bd_sync_data.o(.data)
    g_sleep_send_buffer                      0x2000214c   Data           4  bd_sync_data.o(.data)
    p_last_send_sport_addr                   0x20002150   Data           4  bd_sync_data.o(.data)
    p_last_send_sleep_addr                   0x20002154   Data           4  bd_sync_data.o(.data)
    send_data_timer                          0x2000215c   Data           4  bd_sync_data.o(.data)
    sync_process_buffer                      0x20002160   Data           5  bd_sync_data.o(.data)
    g_saved_SportsData                       0x20002168   Data           8  bd_sync_data.o(.data)
    g_saved_SleepData                        0x20002170   Data           8  bd_sync_data.o(.data)
    global_device_charging_state             0x20002184   Data           4  bd_charging.o(.data)
    g_send_flag                              0x20002194   Data           1  bd_factory_test.o(.data)
    g_write_sn_done                          0x20002195   Data           1  bd_factory_test.o(.data)
    g_write_flag_done                        0x20002196   Data           1  bd_factory_test.o(.data)
    g_testMode                               0x20002197   Data           1  bd_factory_test.o(.data)
    sleep_events_buff                        0x2000219c   Data           4  bd_switch_sleep.o(.data)
    manual_sleep_events_head                 0x200021a0   Data           4  bd_switch_sleep.o(.data)
    manual_sleep_event                       0x200021ac   Data           4  bd_switch_sleep.o(.data)
    manual_sleep_events_head_data            0x200021b0   Data           4  bd_switch_sleep.o(.data)
    SystemCoreClock                          0x200021d4   Data           4  system_nrf51.o(.data)
    flash_page_to_erase_Q_len                0x20002246   Data           1  ble_flash.o(.data)
    radio_inactive_time                      0x20002248   Data           4  ble_flash.o(.data)
    flash_page_to_erase_Q                    0x2000224c   Data           8  ble_flash.o(.data)
    g_error_desc                             0x20002318   Data           4  health-algorithm-inner.o(.data)
    g_peak_save_index                        0x20002340   Data           1  distance-calculate.o(.data)
    g_data_index                             0x20002341   Data           1  distance-calculate.o(.data)
    g_isfemale                               0x20002342   Data           1  distance-calculate.o(.data)
    g_height_cm                              0x20002344   Data           2  distance-calculate.o(.data)
    g_weight_kg                              0x20002346   Data           2  distance-calculate.o(.data)
    g_age                                    0x20002348   Data           2  distance-calculate.o(.data)
    g_nSampleRate                            0x20002360   Data           4  sleep-detect-algorithm.o(.data)
    g_cEventMonitor                          0x20002364   Data           4  sleep-detect-algorithm.o(.data)
    g_aState2Mode                            0x20002368   Data          12  sleep-detect-algorithm.o(.data)
    g_aTatWeights                            0x20002374   Data          28  sleep-detect-algorithm.o(.data)
    m_bas                                    0x20002bbc   Data          24  main.o(.bss)
    m_nus                                    0x20002bd4   Data          32  main.o(.bss)
    global_reponse_buffer                    0x20002c18   Data         200  bd_communicate_protocol.o(.bss)
    user_id                                  0x20002d54   Data          32  bd_private_bond.o(.bss)
    accData                                  0x20002d74   Data         192  bd_hal_acc.o(.bss)
    g_sports_send_buffer_align               0x20002e34   Data          80  bd_sync_data.o(.bss)
    g_sleep_send_buffer_align                0x20002e84   Data          48  bd_sync_data.o(.bss)
    SERIAL_NUMBER                            0x20002eb4   Data          32  bd_factory_test.o(.bss)
    m_ble_error_log                          0x20003250   Data         392  ble_error_log.o(.bss)
    g_peak_save                              0x20003540   Data          10  distance-calculate.o(.bss)
    g_step_save                              0x2000354a   Data          10  distance-calculate.o(.bss)
    g_step_freq_save                         0x20003554   Data          20  distance-calculate.o(.bss)
    g_data_x                                 0x20003568   Data          60  distance-calculate.o(.bss)
    g_data_y                                 0x200035a4   Data          60  distance-calculate.o(.bss)
    g_data_z                                 0x200035e0   Data          60  distance-calculate.o(.bss)
    g_data_compose                           0x2000361c   Data          60  distance-calculate.o(.bss)
    g_data_timestamp                         0x20003658   Data         240  distance-calculate.o(.bss)
    g_cRollDetector                          0x20003760   Data         160  sleep-detect-algorithm.o(.bss)
    g_cEpochMaker                            0x20003800   Data          16  sleep-detect-algorithm.o(.bss)
    g_cEpochBuffer                           0x20003810   Data          48  sleep-detect-algorithm.o(.bss)
    __initial_sp                             0x20003e58   Data           0  arm_startup_nrf51.o(STACK)



==============================================================================

Memory Map of the image

  Image Entry point : 0x000160c1

  Load Region LR_IROM1 (Base: 0x00016000, Size: 0x0000c5fc, Max: 0x00029000, ABSOLUTE, COMPRESSED[0x0000c290])

    Execution Region ER_IROM1 (Base: 0x00016000, Size: 0x0000c20c, Max: 0x00029000, ABSOLUTE)

    Base Addr    Size         Type   Attr      Idx    E Section Name        Object

    0x00016000   0x000000c0   Data   RO         1232    RESET               arm_startup_nrf51.o
    0x000160c0   0x00000000   Code   RO         1790  * .ARM.Collect$$$$00000000  mc_p.l(entry.o)
    0x000160c0   0x00000004   Code   RO         2092    .ARM.Collect$$$$00000001  mc_p.l(entry2.o)
    0x000160c4   0x00000004   Code   RO         2095    .ARM.Collect$$$$00000004  mc_p.l(entry5.o)
    0x000160c8   0x00000000   Code   RO         2097    .ARM.Collect$$$$00000008  mc_p.l(entry7b.o)
    0x000160c8   0x00000000   Code   RO         2099    .ARM.Collect$$$$0000000A  mc_p.l(entry8b.o)
    0x000160c8   0x00000008   Code   RO         2100    .ARM.Collect$$$$0000000B  mc_p.l(entry9a.o)
    0x000160d0   0x00000000   Code   RO         2102    .ARM.Collect$$$$0000000D  mc_p.l(entry10a.o)
    0x000160d0   0x00000000   Code   RO         2104    .ARM.Collect$$$$0000000F  mc_p.l(entry11a.o)
    0x000160d0   0x00000004   Code   RO         2093    .ARM.Collect$$$$00002712  mc_p.l(entry2.o)
    0x000160d4   0x0000001e   Code   RO          732    .emb_text           bd_nrf_delay.o
    0x000160f2   0x00000002   PAD
    0x000160f4   0x0000001e   Code   RO         1649    .emb_text           app_timer.o
    0x00016112   0x00000002   PAD
    0x00016114   0x00000b18   Code   RO            4    .text               main.o
    0x00016c2c   0x00000334   Code   RO          276    .text               bd_battery.o
    0x00016f60   0x00000240   Code   RO          368    .text               bd_ble_nus.o
    0x000171a0   0x00000c14   Code   RO          450    .text               bd_communicate_protocol.o
    0x00017db4   0x0000006c   Code   RO          532    .text               bd_input_event_source.o
    0x00017e20   0x00000258   Code   RO          556    .text               bd_led_flash.o
    0x00018078   0x00000240   Code   RO          593    .text               bd_private_bond.o
    0x000182b8   0x00000548   Code   RO          625    .text               bd_wall_clock_timer.o
    0x00018800   0x0000036c   Code   RO          680    .text               bd_hal_acc.o
    0x00018b6c   0x00000cd4   Code   RO          706    .text               bd_lis3dh_driver.o
    0x00019840   0x0000001c   Code   RO          733    .text               bd_nrf_delay.o
    0x0001985c   0x00000134   Code   RO          757    .text               bd_spi_master.o
    0x00019990   0x000006d0   Code   RO          796    .text               bd_step_counter.o
    0x0001a060   0x00000da0   Code   RO          843    .text               bd_sync_data.o
    0x0001ae00   0x0000015c   Code   RO          872    .text               bd_interaction.o
    0x0001af5c   0x0000014c   Code   RO          933    .text               bd_charging.o
    0x0001b0a8   0x00000028   Code   RO          960    .text               bd_crc16.o
    0x0001b0d0   0x00000028   Code   RO          978    .text               bd_square_root.o
    0x0001b0f8   0x00000110   Code   RO          992    .text               bd_level_drive_motor.o
    0x0001b208   0x000004c8   Code   RO         1016    .text               bd_factory_test.o
    0x0001b6d0   0x00000060   Code   RO         1080    .text               bd_low_power_mode.o
    0x0001b730   0x00000414   Code   RO         1103    .text               bd_switch_sleep.o
    0x0001bb44   0x0000004c   Code   RO         1128    .text               bd_wdt.o
    0x0001bb90   0x000000e0   Code   RO         1148    .text               bd_stack_dump_repoter.o
    0x0001bc70   0x0000030c   Code   RO         1178    .text               bd_data_manager.o
    0x0001bf7c   0x00000108   Code   RO         1201    .text               bd_bluetooth_log.o
    0x0001c084   0x0000002c   Code   RO         1233    .text               arm_startup_nrf51.o
    0x0001c0b0   0x000000a8   Code   RO         1239    .text               system_nrf51.o
    0x0001c158   0x000000c0   Code   RO         1265    .text               ble_tps.o
    0x0001c218   0x0000001e   Code   RO         1288    .text               ble_srv_common.o
    0x0001c236   0x00000002   PAD
    0x0001c238   0x00000254   Code   RO         1314    .text               ble_bas.o
    0x0001c48c   0x000002d0   Code   RO         1340    .text               ble_dis.o
    0x0001c75c   0x000004ee   Code   RO         1377    .text               ble_advdata.o
    0x0001cc4a   0x00000002   PAD
    0x0001cc4c   0x00000204   Code   RO         1403    .text               ble_conn_params.o
    0x0001ce50   0x000004d4   Code   RO         1442    .text               ble_debug_assert_handler.o
    0x0001d324   0x00000462   Code   RO         1466    .text               ble_flash.o
    0x0001d786   0x00000002   PAD
    0x0001d788   0x00000050   Code   RO         1500    .text               ble_radio_notification.o
    0x0001d7d8   0x000000b0   Code   RO         1528    .text               ble_stack_handler.o
    0x0001d888   0x000001c4   Code   RO         1562    .text               app_button.o
    0x0001da4c   0x00000260   Code   RO         1590    .text               app_gpiote.o
    0x0001dcac   0x000001b0   Code   RO         1621    .text               app_scheduler.o
    0x0001de5c   0x00000770   Code   RO         1650    .text               app_timer.o
    0x0001e5cc   0x00000b58   Code   RO         1709    .text               ble_bondmngr.o
    0x0001f124   0x00000104   Code   RO         1738    .text               ble_error_log.o
    0x0001f228   0x000004b8   Code   RO         1761    .text               AlgorithmLibFornrf51.lib(click-algorithm.o)
    0x0001f6e0   0x000000f4   Code   RO         1770    .text               AlgorithmLibFornrf51.lib(health-algorithm-inner.o)
    0x0001f7d4   0x00000224   Code   RO         1773    .text               AlgorithmLibFornrf51.lib(distance-calculate.o)
    0x0001f9f8   0x000005f8   Code   RO         1780    .text               AlgorithmLibFornrf51.lib(sleep-detect-algorithm.o)
    0x0001fff0   0x00000728   Code   RO         1784    .text               AlgorithmLibFornrf51.lib(distance-step.o)
    0x00020718   0x00000420   Code   RO         1788    .text               AlgorithmLibFornrf51.lib(distance-steplength.o)
    0x00020b38   0x0000002c   Code   RO         1793    .text               mc_p.l(uidiv.o)
    0x00020b64   0x00000028   Code   RO         1795    .text               mc_p.l(idiv.o)
    0x00020b8c   0x0000004c   Code   RO         1797    .text               mc_p.l(ldiv.o)
    0x00020bd8   0x0000007a   Code   RO         1799    .text               mc_p.l(llmul.o)
    0x00020c52   0x00000020   Code   RO         1801    .text               mc_p.l(llshl.o)
    0x00020c72   0x00000022   Code   RO         1803    .text               mc_p.l(llushr.o)
    0x00020c94   0x00000024   Code   RO         1805    .text               mc_p.l(memcpya.o)
    0x00020cb8   0x00000024   Code   RO         1807    .text               mc_p.l(memseta.o)
    0x00020cdc   0x0000001a   Code   RO         1809    .text               mc_p.l(strncpy.o)
    0x00020cf6   0x0000000e   Code   RO         1811    .text               mc_p.l(strlen.o)
    0x00020d04   0x0000001a   Code   RO         1813    .text               mc_p.l(memcmp.o)
    0x00020d1e   0x00000012   Code   RO         1815    .text               mc_p.l(strcpy.o)
    0x00020d30   0x000000b2   Code   RO         2080    .text               mf_p.l(fadd.o)
    0x00020de2   0x0000007c   Code   RO         2082    .text               mf_p.l(fdiv.o)
    0x00020e5e   0x00000016   Code   RO         2084    .text               mf_p.l(fflti.o)
    0x00020e74   0x0000000e   Code   RO         2086    .text               mf_p.l(ffltui.o)
    0x00020e82   0x00000028   Code   RO         2088    .text               mf_p.l(ffixui.o)
    0x00020eaa   0x00000002   PAD
    0x00020eac   0x00000014   Code   RO         2090    .text               mf_p.l(cfrcmple.o)
    0x00020ec0   0x00000060   Code   RO         2109    .text               mc_p.l(uldiv.o)
    0x00020f20   0x00000000   Code   RO         2111    .text               mc_p.l(iusefp.o)
    0x00020f20   0x00000082   Code   RO         2112    .text               mf_p.l(fepilogue.o)
    0x00020fa2   0x00000002   PAD
    0x00020fa4   0x00000164   Code   RO         2114    .text               mf_p.l(dadd.o)
    0x00021108   0x000000d0   Code   RO         2116    .text               mf_p.l(dmul.o)
    0x000211d8   0x000000f0   Code   RO         2118    .text               mf_p.l(ddiv.o)
    0x000212c8   0x00000040   Code   RO         2120    .text               mf_p.l(dfixul.o)
    0x00021308   0x00000028   Code   RO         2122    .text               mf_p.l(cdrcmple.o)
    0x00021330   0x00000024   Code   RO         2124    .text               mc_p.l(init.o)
    0x00021354   0x00000026   Code   RO         2127    .text               mc_p.l(llsshr.o)
    0x0002137a   0x000000be   Code   RO         2130    .text               mf_p.l(depilogue.o)
    0x00021438   0x00000056   Code   RO         2142    .text               mc_p.l(__dczerorl2.o)
    0x0002148e   0x00000002   PAD
    0x00021490   0x0000002c   Code   RO         2053    i.__0snprintf       mc_p.l(printfa.o)
    0x000214bc   0x00000024   Code   RO         2057    i.__0vsnprintf      mc_p.l(printfa.o)
    0x000214e0   0x0000002e   Code   RO         2132    i.__ARM_clz         mf_p.l(depilogue.o)
    0x0002150e   0x00000030   Code   RO         1768    i.__ARM_common_ll_mulss  AlgorithmLibFornrf51.lib(click-algorithm.o)
    0x0002153e   0x0000001a   Code   RO          576    i.__ARM_common_switch8  bd_led_flash.o
    0x00021558   0x0000000e   Code   RO         2136    i.__scatterload_copy  mc_p.l(handlers.o)
    0x00021566   0x00000002   Code   RO         2137    i.__scatterload_null  mc_p.l(handlers.o)
    0x00021568   0x0000000e   Code   RO         2138    i.__scatterload_zeroinit  mc_p.l(handlers.o)
    0x00021576   0x00000002   PAD
    0x00021578   0x00000158   Code   RO         2059    i._fp_digits        mc_p.l(printfa.o)
    0x000216d0   0x000006ec   Code   RO         2060    i._printf_core      mc_p.l(printfa.o)
    0x00021dbc   0x00000020   Code   RO         2061    i._printf_post_padding  mc_p.l(printfa.o)
    0x00021ddc   0x0000002c   Code   RO         2062    i._printf_pre_padding  mc_p.l(printfa.o)
    0x00021e08   0x00000016   Code   RO         2063    i._snputc           mc_p.l(printfa.o)
    0x00021e1e   0x00000002   PAD
    0x00021e20   0x00000028   Data   RO          278    .constdata          bd_battery.o
    0x00021e48   0x00000010   Data   RO          370    .constdata          bd_ble_nus.o
    0x00021e58   0x00000072   Data   RO          557    .constdata          bd_led_flash.o
    0x00021eca   0x00000200   Data   RO          961    .constdata          bd_crc16.o
    0x000220ca   0x00000002   PAD
    0x000220cc   0x00000030   Data   RO          993    .constdata          bd_level_drive_motor.o
    0x000220fc   0x000000f0   Data   RO         1765    .constdata          AlgorithmLibFornrf51.lib(click-algorithm.o)
    0x000221ec   0x00000020   Data   RO         2134    Region$$Table       anon$$obj.o


    Execution Region RW_IRAM1 (Base: 0x20002000, Size: 0x00001e58, Max: 0x00002000, ABSOLUTE, COMPRESSED[0x00000084])

    Base Addr    Size         Type   Attr      Idx    E Section Name        Object

    0x20002000   0x00000054   Data   RW            6    .data               main.o
    0x20002054   0x0000000c   Data   RW          279    .data               bd_battery.o
    0x20002060   0x00000048   Data   RW          452    .data               bd_communicate_protocol.o
    0x200020a8   0x00000010   Data   RW          559    .data               bd_led_flash.o
    0x200020b8   0x00000002   Data   RW          595    .data               bd_private_bond.o
    0x200020ba   0x00000002   PAD
    0x200020bc   0x00000018   Data   RW          626    .data               bd_wall_clock_timer.o
    0x200020d4   0x00000001   Data   RW          707    .data               bd_lis3dh_driver.o
    0x200020d5   0x00000008   Data   RW          758    .data               bd_spi_master.o
    0x200020dd   0x00000008   Data   RW          759    .data               bd_spi_master.o
    0x200020e5   0x00000001   Data   RW          760    .data               bd_spi_master.o
    0x200020e6   0x00000001   Data   RW          761    .data               bd_spi_master.o
    0x200020e7   0x00000001   PAD
    0x200020e8   0x00000004   Data   RW          762    .data               bd_spi_master.o
    0x200020ec   0x00000004   PAD
    0x200020f0   0x00000048   Data   RW          797    .data               bd_step_counter.o
    0x20002138   0x00000004   Data   RW          798    .data               bd_step_counter.o
    0x2000213c   0x00000001   Data   RW          799    .data               bd_step_counter.o
    0x2000213d   0x00000003   PAD
    0x20002140   0x00000040   Data   RW          846    .data               bd_sync_data.o
    0x20002180   0x00000008   Data   RW          934    .data               bd_charging.o
    0x20002188   0x0000000c   Data   RW          994    .data               bd_level_drive_motor.o
    0x20002194   0x00000004   Data   RW         1018    .data               bd_factory_test.o
    0x20002198   0x00000024   Data   RW         1105    .data               bd_switch_sleep.o
    0x200021bc   0x00000010   Data   RW         1180    .data               bd_data_manager.o
    0x200021cc   0x00000008   Data   RW         1203    .data               bd_bluetooth_log.o
    0x200021d4   0x00000004   Data   RW         1240    .data               system_nrf51.o
    0x200021d8   0x0000004a   Data   RW         1341    .data               ble_dis.o
    0x20002222   0x00000002   PAD
    0x20002224   0x00000018   Data   RW         1405    .data               ble_conn_params.o
    0x2000223c   0x00000008   Data   RW         1444    .data               ble_debug_assert_handler.o
    0x20002244   0x00000010   Data   RW         1467    .data               ble_flash.o
    0x20002254   0x0000000c   Data   RW         1501    .data               ble_radio_notification.o
    0x20002260   0x00000010   Data   RW         1529    .data               ble_stack_handler.o
    0x20002270   0x0000001c   Data   RW         1563    .data               app_button.o
    0x2000228c   0x0000000c   Data   RW         1591    .data               app_gpiote.o
    0x20002298   0x00000010   Data   RW         1622    .data               app_scheduler.o
    0x200022a8   0x00000020   Data   RW         1651    .data               app_timer.o
    0x200022c8   0x00000018   Data   RW         1711    .data               ble_bondmngr.o
    0x200022e0   0x00000001   Data   RW         1740    .data               ble_error_log.o
    0x200022e1   0x00000007   PAD
    0x200022e8   0x00000028   Data   RW         1766    .data               AlgorithmLibFornrf51.lib(click-algorithm.o)
    0x20002310   0x0000002c   Data   RW         1771    .data               AlgorithmLibFornrf51.lib(health-algorithm-inner.o)
    0x2000233c   0x00000004   PAD
    0x20002340   0x00000020   Data   RW         1778    .data               AlgorithmLibFornrf51.lib(distance-calculate.o)
    0x20002360   0x00000030   Data   RW         1782    .data               AlgorithmLibFornrf51.lib(sleep-detect-algorithm.o)
    0x20002390   0x00000060   Data   RW         1786    .data               AlgorithmLibFornrf51.lib(distance-step.o)
    0x200023f0   0x00000804   Zero   RW            5    .bss                main.o
    0x20002bf4   0x00000018   Zero   RW          277    .bss                bd_battery.o
    0x20002c0c   0x0000000c   Zero   RW          369    .bss                bd_ble_nus.o
    0x20002c18   0x0000013c   Zero   RW          451    .bss                bd_communicate_protocol.o
    0x20002d54   0x00000020   Zero   RW          594    .bss                bd_private_bond.o
    0x20002d74   0x000000c0   Zero   RW          681    .bss                bd_hal_acc.o
    0x20002e34   0x00000050   Zero   RW          844    .bss                bd_sync_data.o
    0x20002e84   0x00000030   Zero   RW          845    .bss                bd_sync_data.o
    0x20002eb4   0x00000020   Zero   RW         1017    .bss                bd_factory_test.o
    0x20002ed4   0x0000005c   Zero   RW         1104    .bss                bd_switch_sleep.o
    0x20002f30   0x00000040   Zero   RW         1179    .bss                bd_data_manager.o
    0x20002f70   0x000000cd   Zero   RW         1202    .bss                bd_bluetooth_log.o
    0x2000303d   0x00000003   PAD
    0x20003040   0x0000001c   Zero   RW         1404    .bss                ble_conn_params.o
    0x2000305c   0x00000010   Zero   RW         1443    .bss                ble_debug_assert_handler.o
    0x2000306c   0x000001e4   Zero   RW         1710    .bss                ble_bondmngr.o
    0x20003250   0x00000188   Zero   RW         1739    .bss                ble_error_log.o
    0x200033d8   0x00000168   Zero   RW         1762    .bss                AlgorithmLibFornrf51.lib(click-algorithm.o)
    0x20003540   0x0000000a   Zero   RW         1774    .bss                AlgorithmLibFornrf51.lib(distance-calculate.o)
    0x2000354a   0x0000000a   Zero   RW         1775    .bss                AlgorithmLibFornrf51.lib(distance-calculate.o)
    0x20003554   0x00000014   Zero   RW         1776    .bss                AlgorithmLibFornrf51.lib(distance-calculate.o)
    0x20003568   0x000001f4   Zero   RW         1777    .bss                AlgorithmLibFornrf51.lib(distance-calculate.o)
    0x2000375c   0x00000004   PAD
    0x20003760   0x000000e0   Zero   RW         1781    .bss                AlgorithmLibFornrf51.lib(sleep-detect-algorithm.o)
    0x20003840   0x00000014   Zero   RW         1785    .bss                AlgorithmLibFornrf51.lib(distance-step.o)
    0x20003854   0x00000004   PAD
    0x20003858   0x00000600   Zero   RW         1230    STACK               arm_startup_nrf51.o


==============================================================================

Image component sizes


      Code (inc. data)   RO Data    RW Data    ZI Data      Debug   Object Name

       452         62          0         28          0       4688   app_button.o
       608         32          0         12          0      14534   app_gpiote.o
       432         64          0         16          0      13055   app_scheduler.o
      1934        102          0         32          0      21933   app_timer.o
        44         14        192          0       1536        624   arm_startup_nrf51.o
       820        110         40         12         24      39252   bd_battery.o
       576          8         16          0         12      34132   bd_ble_nus.o
       264         42          0          8        205       3007   bd_bluetooth_log.o
       332         14          0          8          0       4803   bd_charging.o
      3092        132          0         72        316      21863   bd_communicate_protocol.o
        40          4        512          0          0       1101   bd_crc16.o
       780         20          0         16         64       6070   bd_data_manager.o
      1224        128          0          4         32       9018   bd_factory_test.o
       876         32          0          0        192       3420   bd_hal_acc.o
       108          0          0          0          0       1607   bd_input_event_source.o
       348         20          0          0          0      15972   bd_interaction.o
         0          0          0          0          0       1748   bd_interrupt_notify.o
       626         64        114         16          0       7477   bd_led_flash.o
       272         22         48         12          0       2835   bd_level_drive_motor.o
      3284         82          0          1          0      12786   bd_lis3dh_driver.o
        96         16          0          0          0       6447   bd_low_power_mode.o
        58          4          0          0          0       1139   bd_nrf_delay.o
       576         38          0          2         32       4106   bd_private_bond.o
       308         26          0         22          0       4548   bd_spi_master.o
        40          0          0          0          0        505   bd_square_root.o
       224         34          0          0          0       3369   bd_stack_dump_repoter.o
      1744        108          0         77          0      10992   bd_step_counter.o
      1044         12          0         36         92       5825   bd_switch_sleep.o
      3488        146          0         64        128      13609   bd_sync_data.o
      1352         70          0         24          0       4847   bd_wall_clock_timer.o
        76         24          0          0          0        703   bd_wdt.o
      1262         12          0          0          0       7343   ble_advdata.o
       596         16          0          0          0       9191   ble_bas.o
      2904         50          0         24        484      13984   ble_bondmngr.o
       516         16          0         24         28       4658   ble_conn_params.o
      1236         40          0          8         16       4856   ble_debug_assert_handler.o
       720        108          0         74          0      12055   ble_dis.o
       260         56          0          1        392       2458   ble_error_log.o
      1122         88          0         16          0       7170   ble_flash.o
        80          4          0         12          0       5466   ble_radio_notification.o
        30          0          0          0          0       6454   ble_srv_common.o
       176         52          0         16          0       8609   ble_stack_handler.o
       192          8          0          0          0       2206   ble_tps.o
      2840        408          0         84       2052     105130   main.o
       168         30          0          4          0       1589   system_nrf51.o

    ----------------------------------------------------------------------
     37230       2318        956        744       5608     467184   Object Totals
         0          0         32          0          0          0   (incl. Generated)
        10          0          2         19          3          0   (incl. Padding)

    ----------------------------------------------------------------------

      Code (inc. data)   RO Data    RW Data    ZI Data      Debug   Library Member Name

      1256        318        240         40        360        548   click-algorithm.o
       548        212          0         32        540        224   distance-calculate.o
      1832         92          0         96         20        344   distance-step.o
      1056         80          0          0          0        136   distance-steplength.o
       244          6          0         44          0        296   health-algorithm-inner.o
      1528         48          0         48        224       1192   sleep-detect-algorithm.o
        86          0          0          0          0          0   __dczerorl2.o
         0          0          0          0          0          0   entry.o
         0          0          0          0          0          0   entry10a.o
         0          0          0          0          0          0   entry11a.o
         8          4          0          0          0          0   entry2.o
         4          0          0          0          0          0   entry5.o
         0          0          0          0          0          0   entry7b.o
         0          0          0          0          0          0   entry8b.o
         8          4          0          0          0          0   entry9a.o
        30          0          0          0          0          0   handlers.o
        40          0          0          0          0         72   idiv.o
        36          8          0          0          0         68   init.o
         0          0          0          0          0          0   iusefp.o
        76          0          0          0          0         76   ldiv.o
       122          0          0          0          0         84   llmul.o
        32          0          0          0          0         68   llshl.o
        38          0          0          0          0         68   llsshr.o
        34          0          0          0          0         68   llushr.o
        26          0          0          0          0         72   memcmp.o
        36          0          0          0          0         60   memcpya.o
        36          0          0          0          0        100   memseta.o
      2294        100          0          0          0        544   printfa.o
        18          0          0          0          0         60   strcpy.o
        14          0          0          0          0         60   strlen.o
        26          0          0          0          0         68   strncpy.o
        44          0          0          0          0         72   uidiv.o
        96          0          0          0          0         84   uldiv.o
        40          2          0          0          0         68   cdrcmple.o
        20          0          0          0          0         68   cfrcmple.o
       356          4          0          0          0        140   dadd.o
       240          6          0          0          0         84   ddiv.o
       236          0          0          0          0        216   depilogue.o
        64         10          0          0          0         68   dfixul.o
       208          6          0          0          0         88   dmul.o
       178          0          0          0          0        108   fadd.o
       124          0          0          0          0         72   fdiv.o
       130          0          0          0          0        144   fepilogue.o
        40          0          0          0          0         60   ffixui.o
        22          0          0          0          0         68   fflti.o
        14          0          0          0          0         68   ffltui.o

    ----------------------------------------------------------------------
     11250        900        240        264       1152       5616   Library Totals
        10          0          0          4          8          0   (incl. Padding)

    ----------------------------------------------------------------------

      Code (inc. data)   RO Data    RW Data    ZI Data      Debug   Library Name

      6464        756        240        260       1144       2740   AlgorithmLibFornrf51.lib
      3104        116          0          0          0       1624   mc_p.l
      1672         28          0          0          0       1252   mf_p.l

    ----------------------------------------------------------------------
     11250        900        240        264       1152       5616   Library Totals

    ----------------------------------------------------------------------

==============================================================================


      Code (inc. data)   RO Data    RW Data    ZI Data      Debug   

     48480       3218       1196       1008       6760     466348   Grand Totals
     48480       3218       1196        132       6760     466348   ELF Image Totals (compressed)
     48480       3218       1196        132          0          0   ROM Totals

==============================================================================

    Total RO  Size (Code + RO Data)                49676 (  48.51kB)
    Total RW  Size (RW Data + ZI Data)              7768 (   7.59kB)
    Total ROM Size (Code + RO Data + RW Data)      49808 (  48.64kB)

==============================================================================

